Archive member included to satisfy reference by file (symbol)

/usr/lib/gcc/arm-none-eabi/9.2.1/thumb/v6-m/nofp/libgcc.a(_dvmd_tls.o)
                              CMakeFiles/fx702p_ram_trace.dir/tree/downloaded_tools/pico/pico-sdk/src/rp2_common/pico_divider/divider.S.obj (__aeabi_idiv0)
/usr/lib/gcc/arm-none-eabi/9.2.1/../../../arm-none-eabi/lib/thumb/v6-m/nofp/libc.a(lib_a-atexit.o)
                              /usr/lib/gcc/arm-none-eabi/9.2.1/../../../arm-none-eabi/lib/thumb/v6-m/nofp/crt0.o (atexit)
/usr/lib/gcc/arm-none-eabi/9.2.1/../../../arm-none-eabi/lib/thumb/v6-m/nofp/libc.a(lib_a-calloc.o)
                              CMakeFiles/fx702p_ram_trace.dir/tree/downloaded_tools/pico/pico-sdk/src/rp2_common/pico_malloc/pico_malloc.c.obj (calloc)
/usr/lib/gcc/arm-none-eabi/9.2.1/../../../arm-none-eabi/lib/thumb/v6-m/nofp/libc.a(lib_a-callocr.o)
                              /usr/lib/gcc/arm-none-eabi/9.2.1/../../../arm-none-eabi/lib/thumb/v6-m/nofp/libc.a(lib_a-calloc.o) (_calloc_r)
/usr/lib/gcc/arm-none-eabi/9.2.1/../../../arm-none-eabi/lib/thumb/v6-m/nofp/libc.a(lib_a-errno.o)
                              CMakeFiles/fx702p_ram_trace.dir/tree/downloaded_tools/pico/ajm-no-OS-FatFS-SD-SPI-RPi-Pico/FatFs_SPI/src/ff_stdio.c.obj (__errno)
/usr/lib/gcc/arm-none-eabi/9.2.1/../../../arm-none-eabi/lib/thumb/v6-m/nofp/libc.a(lib_a-fflush.o)
                              CMakeFiles/fx702p_ram_trace.dir/tree/downloaded_tools/pico/ajm-no-OS-FatFS-SD-SPI-RPi-Pico/FatFs_SPI/sd_driver/demo_logging.c.obj (fflush)
/usr/lib/gcc/arm-none-eabi/9.2.1/../../../arm-none-eabi/lib/thumb/v6-m/nofp/libc.a(lib_a-findfp.o)
                              /usr/lib/gcc/arm-none-eabi/9.2.1/../../../arm-none-eabi/lib/thumb/v6-m/nofp/libc.a(lib_a-fflush.o) (__sinit)
/usr/lib/gcc/arm-none-eabi/9.2.1/../../../arm-none-eabi/lib/thumb/v6-m/nofp/libc.a(lib_a-fini.o)
                              /usr/lib/gcc/arm-none-eabi/9.2.1/../../../arm-none-eabi/lib/thumb/v6-m/nofp/crt0.o (__libc_fini_array)
/usr/lib/gcc/arm-none-eabi/9.2.1/../../../arm-none-eabi/lib/thumb/v6-m/nofp/libc.a(lib_a-freer.o)
                              /usr/lib/gcc/arm-none-eabi/9.2.1/../../../arm-none-eabi/lib/thumb/v6-m/nofp/libc.a(lib_a-fflush.o) (_free_r)
/usr/lib/gcc/arm-none-eabi/9.2.1/../../../arm-none-eabi/lib/thumb/v6-m/nofp/libc.a(lib_a-fwalk.o)
                              /usr/lib/gcc/arm-none-eabi/9.2.1/../../../arm-none-eabi/lib/thumb/v6-m/nofp/libc.a(lib_a-findfp.o) (_fwalk)
/usr/lib/gcc/arm-none-eabi/9.2.1/../../../arm-none-eabi/lib/thumb/v6-m/nofp/libc.a(lib_a-impure.o)
                              /usr/lib/gcc/arm-none-eabi/9.2.1/../../../arm-none-eabi/lib/thumb/v6-m/nofp/libc.a(lib_a-fflush.o) (_global_impure_ptr)
/usr/lib/gcc/arm-none-eabi/9.2.1/../../../arm-none-eabi/lib/thumb/v6-m/nofp/libc.a(lib_a-init.o)
                              /usr/lib/gcc/arm-none-eabi/9.2.1/../../../arm-none-eabi/lib/thumb/v6-m/nofp/crt0.o (__libc_init_array)
/usr/lib/gcc/arm-none-eabi/9.2.1/../../../arm-none-eabi/lib/thumb/v6-m/nofp/libc.a(lib_a-malloc.o)
                              CMakeFiles/fx702p_ram_trace.dir/tree/downloaded_tools/pico/pico-sdk/src/rp2_common/pico_malloc/pico_malloc.c.obj (malloc)
/usr/lib/gcc/arm-none-eabi/9.2.1/../../../arm-none-eabi/lib/thumb/v6-m/nofp/libc.a(lib_a-mallocr.o)
                              /usr/lib/gcc/arm-none-eabi/9.2.1/../../../arm-none-eabi/lib/thumb/v6-m/nofp/libc.a(lib_a-callocr.o) (_malloc_r)
/usr/lib/gcc/arm-none-eabi/9.2.1/../../../arm-none-eabi/lib/thumb/v6-m/nofp/libc.a(lib_a-mktime.o)
                              CMakeFiles/fx702p_ram_trace.dir/tree/downloaded_tools/pico/ajm-no-OS-FatFS-SD-SPI-RPi-Pico/FatFs_SPI/src/rtc.c.obj (mktime)
/usr/lib/gcc/arm-none-eabi/9.2.1/../../../arm-none-eabi/lib/thumb/v6-m/nofp/libc.a(lib_a-mlock.o)
                              /usr/lib/gcc/arm-none-eabi/9.2.1/../../../arm-none-eabi/lib/thumb/v6-m/nofp/libc.a(lib_a-freer.o) (__malloc_lock)
/usr/lib/gcc/arm-none-eabi/9.2.1/../../../arm-none-eabi/lib/thumb/v6-m/nofp/libc.a(lib_a-realloc.o)
                              CMakeFiles/fx702p_ram_trace.dir/tree/downloaded_tools/pico/pico-sdk/src/rp2_common/pico_malloc/pico_malloc.c.obj (realloc)
/usr/lib/gcc/arm-none-eabi/9.2.1/../../../arm-none-eabi/lib/thumb/v6-m/nofp/libc.a(lib_a-reallocr.o)
                              /usr/lib/gcc/arm-none-eabi/9.2.1/../../../arm-none-eabi/lib/thumb/v6-m/nofp/libc.a(lib_a-realloc.o) (_realloc_r)
/usr/lib/gcc/arm-none-eabi/9.2.1/../../../arm-none-eabi/lib/thumb/v6-m/nofp/libc.a(lib_a-sbrkr.o)
                              /usr/lib/gcc/arm-none-eabi/9.2.1/../../../arm-none-eabi/lib/thumb/v6-m/nofp/libc.a(lib_a-freer.o) (_sbrk_r)
/usr/lib/gcc/arm-none-eabi/9.2.1/../../../arm-none-eabi/lib/thumb/v6-m/nofp/libc.a(lib_a-stdio.o)
                              /usr/lib/gcc/arm-none-eabi/9.2.1/../../../arm-none-eabi/lib/thumb/v6-m/nofp/libc.a(lib_a-findfp.o) (__sread)
[...]
Memory Configuration

Name             Origin             Length             Attributes
FLASH            0x0000000010000000 0x0000000000200000 xr
RAM              0x0000000020000000 0x0000000000040000 xrw
SCRATCH_X        0x0000000020040000 0x0000000000001000 xrw
SCRATCH_Y        0x0000000020041000 0x0000000000001000 xrw
*default*        0x0000000000000000 0xffffffffffffffff

Linker script and memory map

LOAD /usr/lib/gcc/arm-none-eabi/9.2.1/thumb/v6-m/nofp/crti.o
LOAD /usr/lib/gcc/arm-none-eabi/9.2.1/thumb/v6-m/nofp/crtbegin.o
LOAD /usr/lib/gcc/arm-none-eabi/9.2.1/../../../arm-none-eabi/lib/thumb/v6-m/nofp/crt0.o

.flash_begin    0x0000000010000000        0x0
                0x0000000010000000                __flash_binary_start = .

.boot2          0x0000000010000000      0x100
                0x0000000010000000                __boot2_start__ = .
 *(.boot2)
 .boot2         0x0000000010000000      0x100 /tmp/ccSPCuf1.o
                0x0000000010000100                __boot2_end__ = .
                0x0000000000000001                ASSERT (((__boot2_end__ - __boot2_start__) == 0x100), ERROR: Pico second stage bootloader must be 256 bytes in size)

.flashtext      0x0000000010000100      0x1e0
                0x0000000010000100                __logical_binary_start = .
 *(.vectors)
 .vectors       0x0000000010000100       0xd4 CMakeFiles/fx702p_ram_trace.dir/tree/downloaded_tools/pico/pico-sdk/src/rp2_common/pico_standard_link/crt0.S.obj
                0x0000000010000100                __vectors
                0x0000000010000100                __VECTOR_TABLE
                0x00000000100001c0                isr_invalid
                0x00000000100001c0                __default_isrs_start
                0x00000000100001c2                isr_nmi
                0x00000000100001c4                isr_hardfault
                0x00000000100001c6                isr_svcall
                0x00000000100001c8                isr_pendsv
                0x00000000100001ca                isr_systick
                0x00000000100001cc                isr_irq30
                0x00000000100001cc                __unhandled_user_irq
                0x00000000100001cc                isr_irq13
                0x00000000100001cc                isr_irq27
                0x00000000100001cc                isr_irq31
                0x00000000100001cc                isr_irq5
                0x00000000100001cc                isr_irq11
                0x00000000100001cc                isr_irq23
                0x00000000100001cc                isr_irq18
                0x00000000100001cc                isr_irq28
                0x00000000100001cc                isr_irq19
                0x00000000100001cc                isr_irq0
                0x00000000100001cc                isr_irq6
                0x00000000100001cc                isr_irq22
                0x00000000100001cc                isr_irq17
                0x00000000100001cc                isr_irq14
                0x00000000100001cc                isr_irq2
                0x00000000100001cc                isr_irq10
                0x00000000100001cc                isr_irq8
                0x00000000100001cc                isr_irq24
                0x00000000100001cc                isr_irq1
                0x00000000100001cc                isr_irq7
                0x00000000100001cc                isr_irq21
                0x00000000100001cc                isr_irq20
                0x00000000100001cc                isr_irq15
                0x00000000100001cc                isr_irq25
                0x00000000100001cc                isr_irq4
                0x00000000100001cc                isr_irq16
                0x00000000100001cc                isr_irq29
                0x00000000100001cc                isr_irq26
                0x00000000100001cc                __default_isrs_end
                0x00000000100001cc                isr_irq3
                0x00000000100001cc                isr_irq12
                0x00000000100001cc                isr_irq9
                0x00000000100001d2                unhandled_user_irq_num_in_r0
 *(.binary_info_header)
 .binary_info_header
                0x00000000100001d4       0x14 CMakeFiles/fx702p_ram_trace.dir/tree/downloaded_tools/pico/pico-sdk/src/rp2_common/pico_standard_link/crt0.S.obj
                0x00000000100001e8                __binary_info_header_end = .
 *(.reset)
 .reset         0x00000000100001e8       0xb4 CMakeFiles/fx702p_ram_trace.dir/tree/downloaded_tools/pico/pico-sdk/src/rp2_common/pico_standard_link/crt0.S.obj
                0x00000000100001e8                _entry_point
                0x0000000010000272                __get_current_exception
 *fill*         0x000000001000029c        0x4 
 .reset.__stub  0x00000000100002a0       0x10 linker stubs
 .reset         0x00000000100002b0       0x30 CMakeFiles/fx702p_ram_trace.dir/tree/downloaded_tools/pico/pico-sdk/src/rp2_common/pico_standard_link/binary_info.c.obj

.rodata         0x00000000100002e0        0x0
 *(SORT_BY_ALIGNMENT(SORT_BY_NAME(.flashdata*)))
                0x00000000100002e0                . = ALIGN (0x4)

.ARM.extab
 *(.ARM.extab* .gnu.linkonce.armextab.*)
                0x00000000100002e0                __exidx_start = .

.ARM.exidx
 *(.ARM.exidx* .gnu.linkonce.armexidx.*)
                0x00000000100002e0                __exidx_end = .
                0x00000000100002e0                . = ALIGN (0x4)
                0x00000000100002e0                __binary_info_start = .

.binary_info    0x00000000100002e0       0x2c
 *(.binary_info.keep.*)
 .binary_info.keep.__bi_ptr22
                0x00000000100002e0        0x4 CMakeFiles/fx702p_ram_trace.dir/tree/downloaded_tools/pico/pico-sdk/src/rp2_common/pico_standard_link/binary_info.c.obj
 .binary_info.keep.__bi_ptr30
                0x00000000100002e4        0x4 CMakeFiles/fx702p_ram_trace.dir/tree/downloaded_tools/pico/pico-sdk/src/rp2_common/pico_standard_link/binary_info.c.obj
 .binary_info.keep.__bi_ptr38
                0x00000000100002e8        0x4 CMakeFiles/fx702p_ram_trace.dir/tree/downloaded_tools/pico/pico-sdk/src/rp2_common/pico_standard_link/binary_info.c.obj
 .binary_info.keep.__bi_ptr44
                0x00000000100002ec        0x4 CMakeFiles/fx702p_ram_trace.dir/tree/downloaded_tools/pico/pico-sdk/src/rp2_common/pico_standard_link/binary_info.c.obj
 .binary_info.keep.__bi_ptr50
                0x00000000100002f0        0x4 CMakeFiles/fx702p_ram_trace.dir/tree/downloaded_tools/pico/pico-sdk/src/rp2_common/pico_standard_link/binary_info.c.obj
 .binary_info.keep.__bi_ptr56
                0x00000000100002f4        0x4 CMakeFiles/fx702p_ram_trace.dir/tree/downloaded_tools/pico/pico-sdk/src/rp2_common/pico_standard_link/binary_info.c.obj
 .binary_info.keep.__bi_ptr75
                0x00000000100002f8        0x4 CMakeFiles/fx702p_ram_trace.dir/tree/downloaded_tools/pico/pico-sdk/src/rp2_common/pico_standard_link/binary_info.c.obj
 .binary_info.keep.__bi_ptr81
                0x00000000100002fc        0x4 CMakeFiles/fx702p_ram_trace.dir/tree/downloaded_tools/pico/pico-sdk/src/rp2_common/pico_standard_link/binary_info.c.obj
 *(.binary_info.*)
 .binary_info.__bi_ptr28
                0x0000000010000300        0x4 CMakeFiles/fx702p_ram_trace.dir/tree/downloaded_tools/pico/pico-sdk/src/rp2_common/pico_stdio_uart/stdio_uart.c.obj
 .binary_info.__bi_ptr29
                0x0000000010000304        0x4 CMakeFiles/fx702p_ram_trace.dir/tree/downloaded_tools/pico/pico-sdk/src/rp2_common/pico_stdio_uart/stdio_uart.c.obj
 .binary_info.__bi_ptr118
                0x0000000010000308        0x4 CMakeFiles/fx702p_ram_trace.dir/tree/downloaded_tools/pico/pico-sdk/src/rp2_common/pico_stdio_usb/stdio_usb.c.obj
                0x000000001000030c                __binary_info_end = .
                0x000000001000030c                . = ALIGN (0x4)

.ram_vector_table
                0x0000000020000000       0xc0
 *(.ram_vector_table)
 .ram_vector_table
                0x0000000020000000       0xc0 CMakeFiles/fx702p_ram_trace.dir/tree/downloaded_tools/pico/pico-sdk/src/rp2_common/pico_runtime/runtime.c.obj
                0x0000000020000000                ram_vector_table

.text           0x00000000200000c0     0x7538 load address 0x000000001000030c
                0x00000000200000c0                __ram_text_start__ = .
 *(.init)
 .init          0x00000000200000c0        0x4 /usr/lib/gcc/arm-none-eabi/9.2.1/thumb/v6-m/nofp/crti.o
                0x00000000200000c0                _init
 *(.text*)
 .text          0x00000000200000c4       0x98 /usr/lib/gcc/arm-none-eabi/9.2.1/thumb/v6-m/nofp/crtbegin.o
 .text.startup.main
                0x000000002000015c      0x148 CMakeFiles/fx702p_ram_trace.dir/fx702p_ram_trace.c.obj
                0x000000002000015c                main
 .text.set_sys_clock_pll
                0x00000000200002a4       0x78 CMakeFiles/fx702p_ram_trace.dir/tree/downloaded_tools/pico/pico-sdk/src/rp2_common/pico_stdlib/stdlib.c.obj
                0x00000000200002a4                set_sys_clock_pll
 .text.check_sys_clock_khz
                0x000000002000031c      0x16c CMakeFiles/fx702p_ram_trace.dir/tree/downloaded_tools/pico/pico-sdk/src/rp2_common/pico_stdlib/stdlib.c.obj
                0x000000002000031c                check_sys_clock_khz
 .text.gpio_set_function
                0x0000000020000488       0x30 CMakeFiles/fx702p_ram_trace.dir/tree/downloaded_tools/pico/pico-sdk/src/rp2_common/hardware_gpio/gpio.c.obj
                0x0000000020000488                gpio_set_function
 .text.gpio_init
                0x00000000200004b8       0x3c CMakeFiles/fx702p_ram_trace.dir/tree/downloaded_tools/pico/pico-sdk/src/rp2_common/hardware_gpio/gpio.c.obj
                0x00000000200004b8                gpio_init
 .text.hw_claim_or_assert
                0x00000000200004f4       0x48 CMakeFiles/fx702p_ram_trace.dir/tree/downloaded_tools/pico/pico-sdk/src/rp2_common/hardware_claim/claim.c.obj
                0x00000000200004f4                hw_claim_or_assert
 .text.hw_claim_unused_from_range
                0x000000002000053c       0x9c CMakeFiles/fx702p_ram_trace.dir/tree/downloaded_tools/pico/pico-sdk/src/rp2_common/hardware_claim/claim.c.obj
                0x000000002000053c                hw_claim_unused_from_range
 .text.running_on_fpga
                0x00000000200005d8       0x10 CMakeFiles/fx702p_ram_trace.dir/tree/downloaded_tools/pico/pico-sdk/src/rp2_common/pico_platform/platform.c.obj
                0x00000000200005d8                running_on_fpga
 .text.spin_locks_reset
                0x00000000200005e8       0x1c CMakeFiles/fx702p_ram_trace.dir/tree/downloaded_tools/pico/pico-sdk/src/rp2_common/hardware_sync/sync.c.obj
                0x00000000200005e8                spin_locks_reset
 .text.next_striped_spin_lock_num
                0x0000000020000604       0x18 CMakeFiles/fx702p_ram_trace.dir/tree/downloaded_tools/pico/pico-sdk/src/rp2_common/hardware_sync/sync.c.obj
                0x0000000020000604                next_striped_spin_lock_num
 .text.spin_lock_claim_unused
                0x000000002000061c       0x20 CMakeFiles/fx702p_ram_trace.dir/tree/downloaded_tools/pico/pico-sdk/src/rp2_common/hardware_sync/sync.c.obj
                0x000000002000061c                spin_lock_claim_unused
 .text.irq_set_enabled
                0x000000002000063c       0x24 CMakeFiles/fx702p_ram_trace.dir/tree/downloaded_tools/pico/pico-sdk/src/rp2_common/hardware_irq/irq.c.obj
                0x000000002000063c                irq_set_enabled
 .text.irq_set_pending
                0x0000000020000660       0x10 CMakeFiles/fx702p_ram_trace.dir/tree/downloaded_tools/pico/pico-sdk/src/rp2_common/hardware_irq/irq.c.obj
                0x0000000020000660                irq_set_pending
 .text.irq_has_shared_handler
                0x0000000020000670       0x2c CMakeFiles/fx702p_ram_trace.dir/tree/downloaded_tools/pico/pico-sdk/src/rp2_common/hardware_irq/irq.c.obj
                0x0000000020000670                irq_has_shared_handler
 .text.irq_get_vtable_handler
                0x000000002000069c       0x10 CMakeFiles/fx702p_ram_trace.dir/tree/downloaded_tools/pico/pico-sdk/src/rp2_common/hardware_irq/irq.c.obj
                0x000000002000069c                irq_get_vtable_handler
 .text.irq_set_exclusive_handler
                0x00000000200006ac       0x54 CMakeFiles/fx702p_ram_trace.dir/tree/downloaded_tools/pico/pico-sdk/src/rp2_common/hardware_irq/irq.c.obj
                0x00000000200006ac                irq_set_exclusive_handler
 .text.irq_add_shared_handler
                0x0000000020000700      0x1c0 CMakeFiles/fx702p_ram_trace.dir/tree/downloaded_tools/pico/pico-sdk/src/rp2_common/hardware_irq/irq.c.obj
                0x0000000020000700                irq_add_shared_handler
 .text.irq_remove_handler
                0x00000000200008c0      0x1b4 CMakeFiles/fx702p_ram_trace.dir/tree/downloaded_tools/pico/pico-sdk/src/rp2_common/hardware_irq/irq.c.obj
                0x00000000200008c0                irq_remove_handler
 .text.irq_add_tail_to_free_list
                0x0000000020000a74       0xb8 CMakeFiles/fx702p_ram_trace.dir/tree/downloaded_tools/pico/pico-sdk/src/rp2_common/hardware_irq/irq.c.obj
                0x0000000020000a74                irq_add_tail_to_free_list
 .text.irq_init_priorities
                0x0000000020000b2c       0x24 CMakeFiles/fx702p_ram_trace.dir/tree/downloaded_tools/pico/pico-sdk/src/rp2_common/hardware_irq/irq.c.obj
                0x0000000020000b2c                irq_init_priorities
 .text.user_irq_claim_unused
                0x0000000020000b50       0x30 CMakeFiles/fx702p_ram_trace.dir/tree/downloaded_tools/pico/pico-sdk/src/rp2_common/hardware_irq/irq.c.obj
                0x0000000020000b50                user_irq_claim_unused
 .text.lock_init
                0x0000000020000b80       0x10 CMakeFiles/fx702p_ram_trace.dir/tree/downloaded_tools/pico/pico-sdk/src/common/pico_sync/lock_core.c.obj
                0x0000000020000b80                lock_init
 .text.timer_pool_entry_comparator
                0x0000000020000b90       0x34 CMakeFiles/fx702p_ram_trace.dir/tree/downloaded_tools/pico/pico-sdk/src/common/pico_time/time.c.obj
                0x0000000020000b90                timer_pool_entry_comparator
 .text.sleep_until_callback
                0x0000000020000bc4       0x30 CMakeFiles/fx702p_ram_trace.dir/tree/downloaded_tools/pico/pico-sdk/src/common/pico_time/time.c.obj
 .text.alarm_pool_add_alarm_at.constprop.0
                0x0000000020000bf4      0x128 CMakeFiles/fx702p_ram_trace.dir/tree/downloaded_tools/pico/pico-sdk/src/common/pico_time/time.c.obj
 .text.add_alarm_under_lock
                0x0000000020000d1c      0x108 CMakeFiles/fx702p_ram_trace.dir/tree/downloaded_tools/pico/pico-sdk/src/common/pico_time/time.c.obj
 .text.alarm_pool_alarm_callback
                0x0000000020000e24      0x1c8 CMakeFiles/fx702p_ram_trace.dir/tree/downloaded_tools/pico/pico-sdk/src/common/pico_time/time.c.obj
 .text.alarm_pool_init_default
                0x0000000020000fec       0x64 CMakeFiles/fx702p_ram_trace.dir/tree/downloaded_tools/pico/pico-sdk/src/common/pico_time/time.c.obj
                0x0000000020000fec                alarm_pool_init_default
 .text.alarm_pool_get_default
                0x0000000020001050        0x8 CMakeFiles/fx702p_ram_trace.dir/tree/downloaded_tools/pico/pico-sdk/src/common/pico_time/time.c.obj
                0x0000000020001050                alarm_pool_get_default
 .text.alarm_pool_add_alarm_at
                0x0000000020001058      0x1ac CMakeFiles/fx702p_ram_trace.dir/tree/downloaded_tools/pico/pico-sdk/src/common/pico_time/time.c.obj
                0x0000000020001058                alarm_pool_add_alarm_at
 .text.sleep_until
                0x0000000020001204       0xac CMakeFiles/fx702p_ram_trace.dir/tree/downloaded_tools/pico/pico-sdk/src/common/pico_time/time.c.obj
                0x0000000020001204                sleep_until
 .text.sleep_ms
                0x00000000200012b0       0x38 CMakeFiles/fx702p_ram_trace.dir/tree/downloaded_tools/pico/pico-sdk/src/common/pico_time/time.c.obj
                0x00000000200012b0                sleep_ms
 .text.best_effort_wfe_or_timeout
                0x00000000200012e8       0xd4 CMakeFiles/fx702p_ram_trace.dir/tree/downloaded_tools/pico/pico-sdk/src/common/pico_time/time.c.obj
                0x00000000200012e8                best_effort_wfe_or_timeout
 .text.hardware_alarm_irq_handler
                0x00000000200013bc       0xb8 CMakeFiles/fx702p_ram_trace.dir/tree/downloaded_tools/pico/pico-sdk/src/rp2_common/hardware_timer/timer.c.obj
 .text.hardware_alarm_claim
                0x0000000020001474       0x18 CMakeFiles/fx702p_ram_trace.dir/tree/downloaded_tools/pico/pico-sdk/src/rp2_common/hardware_timer/timer.c.obj
                0x0000000020001474                hardware_alarm_claim
 .text.time_us_64
                0x000000002000148c       0x14 CMakeFiles/fx702p_ram_trace.dir/tree/downloaded_tools/pico/pico-sdk/src/rp2_common/hardware_timer/timer.c.obj
                0x000000002000148c                time_us_64
 .text.busy_wait_until
                0x00000000200014a0       0x20 CMakeFiles/fx702p_ram_trace.dir/tree/downloaded_tools/pico/pico-sdk/src/rp2_common/hardware_timer/timer.c.obj
                0x00000000200014a0                busy_wait_until
 .text.hardware_alarm_set_callback
                0x00000000200014c0       0x8c CMakeFiles/fx702p_ram_trace.dir/tree/downloaded_tools/pico/pico-sdk/src/rp2_common/hardware_timer/timer.c.obj
                0x00000000200014c0                hardware_alarm_set_callback
 .text.hardware_alarm_set_target
                0x000000002000154c       0xe4 CMakeFiles/fx702p_ram_trace.dir/tree/downloaded_tools/pico/pico-sdk/src/rp2_common/hardware_timer/timer.c.obj
                0x000000002000154c                hardware_alarm_set_target
 .text.hardware_alarm_cancel
                0x0000000020001630       0x40 CMakeFiles/fx702p_ram_trace.dir/tree/downloaded_tools/pico/pico-sdk/src/rp2_common/hardware_timer/timer.c.obj
                0x0000000020001630                hardware_alarm_cancel
 .text.ph_merge_nodes
                0x0000000020001670       0x68 CMakeFiles/fx702p_ram_trace.dir/tree/downloaded_tools/pico/pico-sdk/src/common/pico_util/pheap.c.obj
 .text.ph_post_alloc_init
                0x00000000200016d8       0x3c CMakeFiles/fx702p_ram_trace.dir/tree/downloaded_tools/pico/pico-sdk/src/common/pico_util/pheap.c.obj
                0x00000000200016d8                ph_post_alloc_init
 .text.ph_merge_two_pass
                0x0000000020001714       0x90 CMakeFiles/fx702p_ram_trace.dir/tree/downloaded_tools/pico/pico-sdk/src/common/pico_util/pheap.c.obj
                0x0000000020001714                ph_merge_two_pass
 .text.ph_remove_any_head
                0x00000000200017a4       0xf8 CMakeFiles/fx702p_ram_trace.dir/tree/downloaded_tools/pico/pico-sdk/src/common/pico_util/pheap.c.obj
 .text.ph_remove_head
                0x000000002000189c      0x13c CMakeFiles/fx702p_ram_trace.dir/tree/downloaded_tools/pico/pico-sdk/src/common/pico_util/pheap.c.obj
                0x000000002000189c                ph_remove_head
 .text.ph_remove_and_free_node
                0x00000000200019d8       0x7c CMakeFiles/fx702p_ram_trace.dir/tree/downloaded_tools/pico/pico-sdk/src/common/pico_util/pheap.c.obj
                0x00000000200019d8                ph_remove_and_free_node
 .text.mutex_init
                0x0000000020001a54       0x1c CMakeFiles/fx702p_ram_trace.dir/tree/downloaded_tools/pico/pico-sdk/src/common/pico_sync/mutex.c.obj
                0x0000000020001a54                mutex_init
 .text.recursive_mutex_init
                0x0000000020001a70       0x1c CMakeFiles/fx702p_ram_trace.dir/tree/downloaded_tools/pico/pico-sdk/src/common/pico_sync/mutex.c.obj
                0x0000000020001a70                recursive_mutex_init
 .text.critical_section_init
                0x0000000020001a8c       0x1c CMakeFiles/fx702p_ram_trace.dir/tree/downloaded_tools/pico/pico-sdk/src/common/pico_sync/critical_section.c.obj
                0x0000000020001a8c                critical_section_init
 .text.uart_init
                0x0000000020001aa8       0xe4 CMakeFiles/fx702p_ram_trace.dir/tree/downloaded_tools/pico/pico-sdk/src/rp2_common/hardware_uart/uart.c.obj
                0x0000000020001aa8                uart_init
 .text.runtime_init
                0x0000000020001b8c       0xf0 CMakeFiles/fx702p_ram_trace.dir/tree/downloaded_tools/pico/pico-sdk/src/rp2_common/pico_runtime/runtime.c.obj
                0x0000000020001b8c                runtime_init
 .text.exit     0x0000000020001c7c        0x4 CMakeFiles/fx702p_ram_trace.dir/tree/downloaded_tools/pico/pico-sdk/src/rp2_common/pico_runtime/runtime.c.obj
                0x0000000020001c7c                exit
 .text.panic    0x0000000020001c80       0x30 CMakeFiles/fx702p_ram_trace.dir/tree/downloaded_tools/pico/pico-sdk/src/rp2_common/pico_runtime/runtime.c.obj
                0x0000000020001c80                panic
 .text.hard_assertion_failure
                0x0000000020001cb0        0xc CMakeFiles/fx702p_ram_trace.dir/tree/downloaded_tools/pico/pico-sdk/src/rp2_common/pico_runtime/runtime.c.obj
                0x0000000020001cb0                hard_assertion_failure
 .text.clock_configure
                0x0000000020001cbc      0x114 CMakeFiles/fx702p_ram_trace.dir/tree/downloaded_tools/pico/pico-sdk/src/rp2_common/hardware_clocks/clocks.c.obj
                0x0000000020001cbc                clock_configure
 .text.clocks_init
                0x0000000020001dd0      0x2bc CMakeFiles/fx702p_ram_trace.dir/tree/downloaded_tools/pico/pico-sdk/src/rp2_common/hardware_clocks/clocks.c.obj
                0x0000000020001dd0                clocks_init
 .text.clock_get_hz
                0x000000002000208c        0xc CMakeFiles/fx702p_ram_trace.dir/tree/downloaded_tools/pico/pico-sdk/src/rp2_common/hardware_clocks/clocks.c.obj
                0x000000002000208c                clock_get_hz
 .text.pll_init
                0x0000000020002098       0xa8 CMakeFiles/fx702p_ram_trace.dir/tree/downloaded_tools/pico/pico-sdk/src/rp2_common/hardware_pll/pll.c.obj
                0x0000000020002098                pll_init
 .text.watchdog_start_tick
                0x0000000020002140       0x10 CMakeFiles/fx702p_ram_trace.dir/tree/downloaded_tools/pico/pico-sdk/src/rp2_common/hardware_watchdog/watchdog.c.obj
                0x0000000020002140                watchdog_start_tick
 .text.watchdog_reboot
                0x0000000020002150       0x98 CMakeFiles/fx702p_ram_trace.dir/tree/downloaded_tools/pico/pico-sdk/src/rp2_common/hardware_watchdog/watchdog.c.obj
                0x0000000020002150                watchdog_reboot
 .text.xosc_init
                0x00000000200021e8       0x28 CMakeFiles/fx702p_ram_trace.dir/tree/downloaded_tools/pico/pico-sdk/src/rp2_common/hardware_xosc/xosc.c.obj
                0x00000000200021e8                xosc_init
 .text._out_null
                0x0000000020002210        0x4 CMakeFiles/fx702p_ram_trace.dir/tree/downloaded_tools/pico/pico-sdk/src/rp2_common/pico_printf/printf.c.obj
 .text._out_rev
                0x0000000020002214       0xd0 CMakeFiles/fx702p_ram_trace.dir/tree/downloaded_tools/pico/pico-sdk/src/rp2_common/pico_printf/printf.c.obj
 .text._ntoa_format
                0x00000000200022e4      0x1d0 CMakeFiles/fx702p_ram_trace.dir/tree/downloaded_tools/pico/pico-sdk/src/rp2_common/pico_printf/printf.c.obj
 .text._out_char
                0x00000000200024b4       0x10 CMakeFiles/fx702p_ram_trace.dir/tree/downloaded_tools/pico/pico-sdk/src/rp2_common/pico_printf/printf.c.obj
 .text._out_fct
                0x00000000200024c4       0x10 CMakeFiles/fx702p_ram_trace.dir/tree/downloaded_tools/pico/pico-sdk/src/rp2_common/pico_printf/printf.c.obj
 .text._etoa    0x00000000200024d4      0x478 CMakeFiles/fx702p_ram_trace.dir/tree/downloaded_tools/pico/pico-sdk/src/rp2_common/pico_printf/printf.c.obj
 .text._ftoa    0x000000002000294c      0x3e0 CMakeFiles/fx702p_ram_trace.dir/tree/downloaded_tools/pico/pico-sdk/src/rp2_common/pico_printf/printf.c.obj
 .text._vsnprintf
                0x0000000020002d2c      0xb08 CMakeFiles/fx702p_ram_trace.dir/tree/downloaded_tools/pico/pico-sdk/src/rp2_common/pico_printf/printf.c.obj
 .text.vfctprintf
                0x0000000020003834       0x20 CMakeFiles/fx702p_ram_trace.dir/tree/downloaded_tools/pico/pico-sdk/src/rp2_common/pico_printf/printf.c.obj
                0x0000000020003834                vfctprintf
 .text.weak_raw_vprintf
                0x0000000020003854       0x30 CMakeFiles/fx702p_ram_trace.dir/tree/downloaded_tools/pico/pico-sdk/src/rp2_common/pico_printf/printf.c.obj
                0x0000000020003854                weak_raw_vprintf
 .text          0x0000000020003884       0x10 CMakeFiles/fx702p_ram_trace.dir/tree/downloaded_tools/pico/pico-sdk/src/rp2_common/pico_bit_ops/bit_ops_aeabi.S.obj
 .text.rom_func_lookup
                0x0000000020003894       0x10 CMakeFiles/fx702p_ram_trace.dir/tree/downloaded_tools/pico/pico-sdk/src/rp2_common/pico_bootrom/bootrom.c.obj
                0x0000000020003894                rom_func_lookup
 .text.rom_data_lookup
                0x00000000200038a4       0x10 CMakeFiles/fx702p_ram_trace.dir/tree/downloaded_tools/pico/pico-sdk/src/rp2_common/pico_bootrom/bootrom.c.obj
                0x00000000200038a4                rom_data_lookup
 .text.rom_funcs_lookup
                0x00000000200038b4       0x3c CMakeFiles/fx702p_ram_trace.dir/tree/downloaded_tools/pico/pico-sdk/src/rp2_common/pico_bootrom/bootrom.c.obj
                0x00000000200038b4                rom_funcs_lookup
 .text.__wrap___aeabi_idiv
                0x00000000200038f0       0x50 CMakeFiles/fx702p_ram_trace.dir/tree/downloaded_tools/pico/pico-sdk/src/rp2_common/pico_divider/divider.S.obj
                0x00000000200038f0                __wrap___aeabi_idivmod
                0x00000000200038f0                divmod_s32s32
                0x00000000200038f0                div_s32s32
                0x00000000200038f0                __wrap___aeabi_idiv
                0x00000000200038f8                divmod_s32s32_unsafe
                0x0000000020003924                divmod_s32s32_savestate
 .text.__wrap___aeabi_uidiv
                0x0000000020003940       0x4c CMakeFiles/fx702p_ram_trace.dir/tree/downloaded_tools/pico/pico-sdk/src/rp2_common/pico_divider/divider.S.obj
                0x0000000020003940                __wrap___aeabi_uidiv
                0x0000000020003940                __wrap___aeabi_uidivmod
                0x0000000020003940                div_u32u32
                0x0000000020003940                divmod_u32u32
                0x0000000020003948                divmod_u32u32_unsafe
                0x0000000020003970                divmod_u32u32_savestate
 .text.__wrap___aeabi_ldiv
                0x000000002000398c      0x434 CMakeFiles/fx702p_ram_trace.dir/tree/downloaded_tools/pico/pico-sdk/src/rp2_common/pico_divider/divider.S.obj
                0x000000002000398c                div_s64s64
                0x000000002000398c                divmod_s64s64
                0x000000002000398c                __wrap___aeabi_ldivmod
                0x00000000200039c4                div_u64u64
                0x00000000200039c4                divmod_u64u64
                0x00000000200039c4                __wrap___aeabi_uldivmod
                0x00000000200039d4                divmod_u64u64_savestate
                0x00000000200039fc                divmod_s64s64_unsafe
                0x0000000020003a84                divmod_u64u64_unsafe
 .text.__wrap___aeabi_darithmetic
                0x0000000020003dc0       0x80 CMakeFiles/fx702p_ram_trace.dir/tree/downloaded_tools/pico/pico-sdk/src/rp2_common/pico_double/double_aeabi.S.obj
                0x0000000020003dc0                __wrap___aeabi_drsub
                0x0000000020003dc6                __wrap___aeabi_dsub
                0x0000000020003dd8                __wrap___aeabi_dadd
                0x0000000020003dea                __wrap___aeabi_ddiv
                0x0000000020003e26                __wrap___aeabi_dmul
 .text.__wrap___aeabi_cdcmple
                0x0000000020003e40       0x6c CMakeFiles/fx702p_ram_trace.dir/tree/downloaded_tools/pico/pico-sdk/src/rp2_common/pico_double/double_aeabi.S.obj
                0x0000000020003e40                __wrap___aeabi_cdrcmple
                0x0000000020003e50                __wrap___aeabi_cdcmple
                0x0000000020003e50                __wrap___aeabi_cdcmpeq
 .text.__wrap___aeabi_dcmplt
                0x0000000020003eac        0xc CMakeFiles/fx702p_ram_trace.dir/tree/downloaded_tools/pico/pico-sdk/src/rp2_common/pico_double/double_aeabi.S.obj
                0x0000000020003eac                __wrap___aeabi_dcmplt
 .text.__wrap___aeabi_dcmple
                0x0000000020003eb8       0x10 CMakeFiles/fx702p_ram_trace.dir/tree/downloaded_tools/pico/pico-sdk/src/rp2_common/pico_double/double_aeabi.S.obj
                0x0000000020003eb8                __wrap___aeabi_dcmple
 .text.__wrap___aeabi_dcmpge
                0x0000000020003ec8       0x10 CMakeFiles/fx702p_ram_trace.dir/tree/downloaded_tools/pico/pico-sdk/src/rp2_common/pico_double/double_aeabi.S.obj
                0x0000000020003ec8                __wrap___aeabi_dcmpge
 .text.__wrap___aeabi_dcmpgt
                0x0000000020003ed8        0xa CMakeFiles/fx702p_ram_trace.dir/tree/downloaded_tools/pico/pico-sdk/src/rp2_common/pico_double/double_aeabi.S.obj
                0x0000000020003ed8                __wrap___aeabi_dcmpgt
 .text.__wrap___aeabi_dcmpun
                0x0000000020003ee2       0x1c CMakeFiles/fx702p_ram_trace.dir/tree/downloaded_tools/pico/pico-sdk/src/rp2_common/pico_double/double_aeabi.S.obj
                0x0000000020003ee2                __wrap___aeabi_dcmpun
 *fill*         0x0000000020003efe        0x2 
 .text.__wrap___aeabi_i2d
                0x0000000020003f00       0x38 CMakeFiles/fx702p_ram_trace.dir/tree/downloaded_tools/pico/pico-sdk/src/rp2_common/pico_double/double_aeabi.S.obj
                0x0000000020003f00                __wrap___aeabi_ui2d
                0x0000000020003f08                __wrap___aeabi_i2d
 .text.__wrap___aeabi_d2iz
                0x0000000020003f38       0x48 CMakeFiles/fx702p_ram_trace.dir/tree/downloaded_tools/pico/pico-sdk/src/rp2_common/pico_double/double_aeabi.S.obj
                0x0000000020003f38                __wrap___aeabi_d2iz
                0x0000000020003f38                double2int_z
 .text.__wrap___aeabi_d2uiz
                0x0000000020003f80       0x18 CMakeFiles/fx702p_ram_trace.dir/tree/downloaded_tools/pico/pico-sdk/src/rp2_common/pico_double/double_aeabi.S.obj
                0x0000000020003f80                double2uint
                0x0000000020003f80                __wrap___aeabi_d2uiz
 .text.__aeabi_double_init
                0x0000000020003f98       0xc0 CMakeFiles/fx702p_ram_trace.dir/tree/downloaded_tools/pico/pico-sdk/src/rp2_common/pico_double/double_init_rom.c.obj
                0x0000000020003f98                __aeabi_double_init
 .text.double_table_shim_on_use_helper
                0x0000000020004058       0x2c CMakeFiles/fx702p_ram_trace.dir/tree/downloaded_tools/pico/pico-sdk/src/rp2_common/pico_double/double_v1_rom_shim.S.obj
                0x0000000020004058                double_table_shim_on_use_helper
 .text.__wrap___aeabi_dsub
                0x0000000020004084       0x10 CMakeFiles/fx702p_ram_trace.dir/tree/downloaded_tools/pico/pico-sdk/src/rp2_common/pico_double/double_v1_rom_shim.S.obj
                0x0000000020004084                drsub_shim
                0x000000002000408a                dsub_shim
 .text.dadd_shim
                0x0000000020004094      0x15c CMakeFiles/fx702p_ram_trace.dir/tree/downloaded_tools/pico/pico-sdk/src/rp2_common/pico_double/double_v1_rom_shim.S.obj
                0x0000000020004094                dadd_shim
 .text.dmul_shim
                0x00000000200041f0      0x15c CMakeFiles/fx702p_ram_trace.dir/tree/downloaded_tools/pico/pico-sdk/src/rp2_common/pico_double/double_v1_rom_shim.S.obj
                0x00000000200041f0                dmul_shim
 .text.ddiv_shim
                0x000000002000434c      0x1b0 CMakeFiles/fx702p_ram_trace.dir/tree/downloaded_tools/pico/pico-sdk/src/rp2_common/pico_double/double_v1_rom_shim.S.obj
                0x000000002000434c                ddiv_shim
 .text.double2uint_shim
                0x00000000200044fc        0xe CMakeFiles/fx702p_ram_trace.dir/tree/downloaded_tools/pico/pico-sdk/src/rp2_common/pico_double/double_v1_rom_shim.S.obj
                0x00000000200044fc                double2uint_shim
                0x00000000200044fe                double2ufix_shim
 *fill*         0x000000002000450a        0x2 
 .text.double2uint64_shim
                0x000000002000450c       0x70 CMakeFiles/fx702p_ram_trace.dir/tree/downloaded_tools/pico/pico-sdk/src/rp2_common/pico_double/double_v1_rom_shim.S.obj
                0x000000002000450c                double2uint64_shim
                0x000000002000450e                double2ufix64_shim
                0x000000002000452e                d2fix_a
 .text.dunpacks
                0x000000002000457c       0x3c CMakeFiles/fx702p_ram_trace.dir/tree/downloaded_tools/pico/pico-sdk/src/rp2_common/pico_double/double_v1_rom_shim.S.obj
                0x000000002000457c                dunpacks
 .text.__aeabi_lmul
                0x00000000200045b8       0x32 CMakeFiles/fx702p_ram_trace.dir/tree/downloaded_tools/pico/pico-sdk/src/rp2_common/pico_int64_ops/pico_int64_ops_aeabi.S.obj
                0x00000000200045b8                __wrap___aeabi_lmul
 *fill*         0x00000000200045ea        0x2 
 .text.__aeabi_float_init
                0x00000000200045ec       0x64 CMakeFiles/fx702p_ram_trace.dir/tree/downloaded_tools/pico/pico-sdk/src/rp2_common/pico_float/float_init_rom.c.obj
                0x00000000200045ec                __aeabi_float_init
 .text.float_table_shim_on_use_helper
                0x0000000020004650       0x2c CMakeFiles/fx702p_ram_trace.dir/tree/downloaded_tools/pico/pico-sdk/src/rp2_common/pico_float/float_v1_rom_shim.S.obj
                0x0000000020004650                float_table_shim_on_use_helper
 .text          0x000000002000467c       0x10 CMakeFiles/fx702p_ram_trace.dir/tree/downloaded_tools/pico/pico-sdk/src/rp2_common/pico_mem_ops/mem_ops_aeabi.S.obj
                0x000000002000467c                __aeabi_mem_init
 .text.memset   0x000000002000468c        0xc CMakeFiles/fx702p_ram_trace.dir/tree/downloaded_tools/pico/pico-sdk/src/rp2_common/pico_mem_ops/mem_ops_aeabi.S.obj
                0x000000002000468c                __wrap_memset
 .text.memcpy   0x0000000020004698        0xc CMakeFiles/fx702p_ram_trace.dir/tree/downloaded_tools/pico/pico-sdk/src/rp2_common/pico_mem_ops/mem_ops_aeabi.S.obj
                0x0000000020004698                __wrap___aeabi_memcpy
                0x0000000020004698                __wrap_memcpy
 .text.stdio_out_chars_no_crlf
                0x00000000200046a4       0x10 CMakeFiles/fx702p_ram_trace.dir/tree/downloaded_tools/pico/pico-sdk/src/rp2_common/pico_stdio/stdio.c.obj
 .text.stdio_out_chars_crlf
                0x00000000200046b4       0x94 CMakeFiles/fx702p_ram_trace.dir/tree/downloaded_tools/pico/pico-sdk/src/rp2_common/pico_stdio/stdio.c.obj
 .text.stdio_buffered_printer
                0x0000000020004748       0x64 CMakeFiles/fx702p_ram_trace.dir/tree/downloaded_tools/pico/pico-sdk/src/rp2_common/pico_stdio/stdio.c.obj
 .text.stdio_put_string
                0x00000000200047ac      0x100 CMakeFiles/fx702p_ram_trace.dir/tree/downloaded_tools/pico/pico-sdk/src/rp2_common/pico_stdio/stdio.c.obj
 .text.__wrap_putchar
                0x00000000200048ac       0xa4 CMakeFiles/fx702p_ram_trace.dir/tree/downloaded_tools/pico/pico-sdk/src/rp2_common/pico_stdio/stdio.c.obj
                0x00000000200048ac                __wrap_putchar
 .text.__wrap_puts
                0x0000000020004950       0x3c CMakeFiles/fx702p_ram_trace.dir/tree/downloaded_tools/pico/pico-sdk/src/rp2_common/pico_stdio/stdio.c.obj
                0x0000000020004950                __wrap_puts
 .text.stdio_set_driver_enabled
                0x000000002000498c       0x30 CMakeFiles/fx702p_ram_trace.dir/tree/downloaded_tools/pico/pico-sdk/src/rp2_common/pico_stdio/stdio.c.obj
                0x000000002000498c                stdio_set_driver_enabled
 .text.__wrap_vprintf
                0x00000000200049bc       0xd8 CMakeFiles/fx702p_ram_trace.dir/tree/downloaded_tools/pico/pico-sdk/src/rp2_common/pico_stdio/stdio.c.obj
                0x00000000200049bc                __wrap_vprintf
 .text.__wrap_printf
                0x0000000020004a94       0x18 CMakeFiles/fx702p_ram_trace.dir/tree/downloaded_tools/pico/pico-sdk/src/rp2_common/pico_stdio/stdio.c.obj
                0x0000000020004a94                __wrap_printf
 .text.stdio_init_all
                0x0000000020004aac        0xc CMakeFiles/fx702p_ram_trace.dir/tree/downloaded_tools/pico/pico-sdk/src/rp2_common/pico_stdio/stdio.c.obj
                0x0000000020004aac                stdio_init_all
 .text.stdio_uart_out_chars
                0x0000000020004ab8       0x4c CMakeFiles/fx702p_ram_trace.dir/tree/downloaded_tools/pico/pico-sdk/src/rp2_common/pico_stdio_uart/stdio_uart.c.obj
 .text.stdio_uart_in_chars
                0x0000000020004b04       0x38 CMakeFiles/fx702p_ram_trace.dir/tree/downloaded_tools/pico/pico-sdk/src/rp2_common/pico_stdio_uart/stdio_uart.c.obj
                0x0000000020004b04                stdio_uart_in_chars
 .text.stdio_uart_init
                0x0000000020004b3c       0x48 CMakeFiles/fx702p_ram_trace.dir/tree/downloaded_tools/pico/pico-sdk/src/rp2_common/pico_stdio_uart/stdio_uart.c.obj
                0x0000000020004b3c                stdio_uart_init
 .text.resetd_init
                0x0000000020004b84        0x4 CMakeFiles/fx702p_ram_trace.dir/tree/downloaded_tools/pico/pico-sdk/src/rp2_common/pico_stdio_usb/reset_interface.c.obj
 .text.resetd_reset
                0x0000000020004b88        0xc CMakeFiles/fx702p_ram_trace.dir/tree/downloaded_tools/pico/pico-sdk/src/rp2_common/pico_stdio_usb/reset_interface.c.obj
 .text.resetd_open
                0x0000000020004b94       0x28 CMakeFiles/fx702p_ram_trace.dir/tree/downloaded_tools/pico/pico-sdk/src/rp2_common/pico_stdio_usb/reset_interface.c.obj
 .text.resetd_xfer_cb
                0x0000000020004bbc        0x4 CMakeFiles/fx702p_ram_trace.dir/tree/downloaded_tools/pico/pico-sdk/src/rp2_common/pico_stdio_usb/reset_interface.c.obj
 .text.resetd_control_xfer_cb
                0x0000000020004bc0       0x64 CMakeFiles/fx702p_ram_trace.dir/tree/downloaded_tools/pico/pico-sdk/src/rp2_common/pico_stdio_usb/reset_interface.c.obj
 .text.usbd_app_driver_get_cb
                0x0000000020004c24        0xc CMakeFiles/fx702p_ram_trace.dir/tree/downloaded_tools/pico/pico-sdk/src/rp2_common/pico_stdio_usb/reset_interface.c.obj
                0x0000000020004c24                usbd_app_driver_get_cb
 .text.tud_cdc_line_coding_cb
                0x0000000020004c30       0x34 CMakeFiles/fx702p_ram_trace.dir/tree/downloaded_tools/pico/pico-sdk/src/rp2_common/pico_stdio_usb/reset_interface.c.obj
                0x0000000020004c30                tud_cdc_line_coding_cb
 .text.stdio_usb_in_chars
                0x0000000020004c64       0x68 CMakeFiles/fx702p_ram_trace.dir/tree/downloaded_tools/pico/pico-sdk/src/rp2_common/pico_stdio_usb/stdio_usb.c.obj
                0x0000000020004c64                stdio_usb_in_chars
 .text.stdio_usb_out_chars
                0x0000000020004ccc       0xec CMakeFiles/fx702p_ram_trace.dir/tree/downloaded_tools/pico/pico-sdk/src/rp2_common/pico_stdio_usb/stdio_usb.c.obj
 .text.timer_task
                0x0000000020004db8       0x18 CMakeFiles/fx702p_ram_trace.dir/tree/downloaded_tools/pico/pico-sdk/src/rp2_common/pico_stdio_usb/stdio_usb.c.obj
 .text.usb_irq  0x0000000020004dd0       0x10 CMakeFiles/fx702p_ram_trace.dir/tree/downloaded_tools/pico/pico-sdk/src/rp2_common/pico_stdio_usb/stdio_usb.c.obj
 .text.low_priority_worker_irq
                0x0000000020004de0       0x24 CMakeFiles/fx702p_ram_trace.dir/tree/downloaded_tools/pico/pico-sdk/src/rp2_common/pico_stdio_usb/stdio_usb.c.obj
 .text.stdio_usb_init
                0x0000000020004e04       0xb0 CMakeFiles/fx702p_ram_trace.dir/tree/downloaded_tools/pico/pico-sdk/src/rp2_common/pico_stdio_usb/stdio_usb.c.obj
                0x0000000020004e04                stdio_usb_init
 .text.tud_descriptor_device_cb
                0x0000000020004eb4        0x8 CMakeFiles/fx702p_ram_trace.dir/tree/downloaded_tools/pico/pico-sdk/src/rp2_common/pico_stdio_usb/stdio_usb_descriptors.c.obj
                0x0000000020004eb4                tud_descriptor_device_cb
 .text.tud_descriptor_configuration_cb
                0x0000000020004ebc        0x8 CMakeFiles/fx702p_ram_trace.dir/tree/downloaded_tools/pico/pico-sdk/src/rp2_common/pico_stdio_usb/stdio_usb_descriptors.c.obj
                0x0000000020004ebc                tud_descriptor_configuration_cb
 .text.tud_descriptor_string_cb
                0x0000000020004ec4       0x70 CMakeFiles/fx702p_ram_trace.dir/tree/downloaded_tools/pico/pico-sdk/src/rp2_common/pico_stdio_usb/stdio_usb_descriptors.c.obj
                0x0000000020004ec4                tud_descriptor_string_cb
 .text.dcd_rp2040_irq
                0x0000000020004f34      0x21c CMakeFiles/fx702p_ram_trace.dir/tree/downloaded_tools/pico/pico-sdk/lib/tinyusb/src/portable/raspberrypi/rp2040/dcd_rp2040.c.obj
 .text.dcd_int_enable
                0x0000000020005150        0xc CMakeFiles/fx702p_ram_trace.dir/tree/downloaded_tools/pico/pico-sdk/lib/tinyusb/src/portable/raspberrypi/rp2040/dcd_rp2040.c.obj
                0x0000000020005150                dcd_int_enable
 .text.dcd_set_address
                0x000000002000515c       0x14 CMakeFiles/fx702p_ram_trace.dir/tree/downloaded_tools/pico/pico-sdk/lib/tinyusb/src/portable/raspberrypi/rp2040/dcd_rp2040.c.obj
                0x000000002000515c                dcd_set_address
 .text.dcd_connect
                0x0000000020005170       0x10 CMakeFiles/fx702p_ram_trace.dir/tree/downloaded_tools/pico/pico-sdk/lib/tinyusb/src/portable/raspberrypi/rp2040/dcd_rp2040.c.obj
                0x0000000020005170                dcd_connect
 .text.dcd_init
                0x0000000020005180      0x148 CMakeFiles/fx702p_ram_trace.dir/tree/downloaded_tools/pico/pico-sdk/lib/tinyusb/src/portable/raspberrypi/rp2040/dcd_rp2040.c.obj
                0x0000000020005180                dcd_init
 .text.dcd_edpt0_status_complete
                0x00000000200052c8       0x1c CMakeFiles/fx702p_ram_trace.dir/tree/downloaded_tools/pico/pico-sdk/lib/tinyusb/src/portable/raspberrypi/rp2040/dcd_rp2040.c.obj
                0x00000000200052c8                dcd_edpt0_status_complete
 .text.dcd_edpt_open
                0x00000000200052e4       0xf0 CMakeFiles/fx702p_ram_trace.dir/tree/downloaded_tools/pico/pico-sdk/lib/tinyusb/src/portable/raspberrypi/rp2040/dcd_rp2040.c.obj
                0x00000000200052e4                dcd_edpt_open
 .text.dcd_edpt_close_all
                0x00000000200053d4       0xbc CMakeFiles/fx702p_ram_trace.dir/tree/downloaded_tools/pico/pico-sdk/lib/tinyusb/src/portable/raspberrypi/rp2040/dcd_rp2040.c.obj
                0x00000000200053d4                dcd_edpt_close_all
 .text.dcd_edpt_xfer
                0x0000000020005490       0x24 CMakeFiles/fx702p_ram_trace.dir/tree/downloaded_tools/pico/pico-sdk/lib/tinyusb/src/portable/raspberrypi/rp2040/dcd_rp2040.c.obj
                0x0000000020005490                dcd_edpt_xfer
 .text.dcd_edpt_stall
                0x00000000200054b4       0x38 CMakeFiles/fx702p_ram_trace.dir/tree/downloaded_tools/pico/pico-sdk/lib/tinyusb/src/portable/raspberrypi/rp2040/dcd_rp2040.c.obj
                0x00000000200054b4                dcd_edpt_stall
 .text.dcd_edpt_clear_stall
                0x00000000200054ec       0x30 CMakeFiles/fx702p_ram_trace.dir/tree/downloaded_tools/pico/pico-sdk/lib/tinyusb/src/portable/raspberrypi/rp2040/dcd_rp2040.c.obj
                0x00000000200054ec                dcd_edpt_clear_stall
 .text._hw_endpoint_buffer_control_update32.part.0
                0x000000002000551c       0x20 CMakeFiles/fx702p_ram_trace.dir/tree/downloaded_tools/pico/pico-sdk/lib/tinyusb/src/portable/raspberrypi/rp2040/rp2040_usb.c.obj
 .text.rp2040_usb_init
                0x000000002000553c       0x4c CMakeFiles/fx702p_ram_trace.dir/tree/downloaded_tools/pico/pico-sdk/lib/tinyusb/src/portable/raspberrypi/rp2040/rp2040_usb.c.obj
                0x000000002000553c                rp2040_usb_init
 .text.hw_endpoint_reset_transfer
                0x0000000020005588        0xc CMakeFiles/fx702p_ram_trace.dir/tree/downloaded_tools/pico/pico-sdk/lib/tinyusb/src/portable/raspberrypi/rp2040/rp2040_usb.c.obj
                0x0000000020005588                hw_endpoint_reset_transfer
 .text._hw_endpoint_buffer_control_update32
                0x0000000020005594       0x40 CMakeFiles/fx702p_ram_trace.dir/tree/downloaded_tools/pico/pico-sdk/lib/tinyusb/src/portable/raspberrypi/rp2040/rp2040_usb.c.obj
                0x0000000020005594                _hw_endpoint_buffer_control_update32
 .text.hw_endpoint_xfer_start
                0x00000000200055d4      0x138 CMakeFiles/fx702p_ram_trace.dir/tree/downloaded_tools/pico/pico-sdk/lib/tinyusb/src/portable/raspberrypi/rp2040/rp2040_usb.c.obj
                0x00000000200055d4                hw_endpoint_xfer_start
 .text.hw_endpoint_xfer_continue
                0x000000002000570c      0x1e4 CMakeFiles/fx702p_ram_trace.dir/tree/downloaded_tools/pico/pico-sdk/lib/tinyusb/src/portable/raspberrypi/rp2040/rp2040_usb.c.obj
                0x000000002000570c                hw_endpoint_xfer_continue
 .text.tud_mounted
                0x00000000200058f0       0x10 CMakeFiles/fx702p_ram_trace.dir/tree/downloaded_tools/pico/pico-sdk/lib/tinyusb/src/device/usbd.c.obj
                0x00000000200058f0                tud_mounted
 .text.tud_suspended
                0x0000000020005900       0x10 CMakeFiles/fx702p_ram_trace.dir/tree/downloaded_tools/pico/pico-sdk/lib/tinyusb/src/device/usbd.c.obj
                0x0000000020005900                tud_suspended
 .text.tud_inited
                0x0000000020005910        0xc CMakeFiles/fx702p_ram_trace.dir/tree/downloaded_tools/pico/pico-sdk/lib/tinyusb/src/device/usbd.c.obj
                0x0000000020005910                tud_inited
 .text.tud_init
                0x000000002000591c       0xd8 CMakeFiles/fx702p_ram_trace.dir/tree/downloaded_tools/pico/pico-sdk/lib/tinyusb/src/device/usbd.c.obj
                0x000000002000591c                tud_init
 .text.tud_task
                0x00000000200059f4      0x8ec CMakeFiles/fx702p_ram_trace.dir/tree/downloaded_tools/pico/pico-sdk/lib/tinyusb/src/device/usbd.c.obj
                0x00000000200059f4                tud_task
 .text.dcd_event_bus_signal
                0x00000000200062e0      0x120 CMakeFiles/fx702p_ram_trace.dir/tree/downloaded_tools/pico/pico-sdk/lib/tinyusb/src/device/usbd.c.obj
                0x00000000200062e0                dcd_event_bus_signal
 .text.dcd_event_bus_reset
                0x0000000020006400       0x54 CMakeFiles/fx702p_ram_trace.dir/tree/downloaded_tools/pico/pico-sdk/lib/tinyusb/src/device/usbd.c.obj
                0x0000000020006400                dcd_event_bus_reset
 .text.dcd_event_setup_received
                0x0000000020006454       0x50 CMakeFiles/fx702p_ram_trace.dir/tree/downloaded_tools/pico/pico-sdk/lib/tinyusb/src/device/usbd.c.obj
                0x0000000020006454                dcd_event_setup_received
 .text.dcd_event_xfer_complete
                0x00000000200064a4       0x68 CMakeFiles/fx702p_ram_trace.dir/tree/downloaded_tools/pico/pico-sdk/lib/tinyusb/src/device/usbd.c.obj
                0x00000000200064a4                dcd_event_xfer_complete
 .text.usbd_open_edpt_pair
                0x000000002000650c       0x80 CMakeFiles/fx702p_ram_trace.dir/tree/downloaded_tools/pico/pico-sdk/lib/tinyusb/src/device/usbd.c.obj
                0x000000002000650c                usbd_open_edpt_pair
 .text.usbd_edpt_open
                0x000000002000658c       0x30 CMakeFiles/fx702p_ram_trace.dir/tree/downloaded_tools/pico/pico-sdk/lib/tinyusb/src/device/usbd.c.obj
                0x000000002000658c                usbd_edpt_open
 .text.usbd_edpt_claim
                0x00000000200065bc       0x64 CMakeFiles/fx702p_ram_trace.dir/tree/downloaded_tools/pico/pico-sdk/lib/tinyusb/src/device/usbd.c.obj
                0x00000000200065bc                usbd_edpt_claim
 .text.usbd_edpt_release
                0x0000000020006620       0x4c CMakeFiles/fx702p_ram_trace.dir/tree/downloaded_tools/pico/pico-sdk/lib/tinyusb/src/device/usbd.c.obj
                0x0000000020006620                usbd_edpt_release
 .text.usbd_edpt_xfer
                0x000000002000666c       0x48 CMakeFiles/fx702p_ram_trace.dir/tree/downloaded_tools/pico/pico-sdk/lib/tinyusb/src/device/usbd.c.obj
                0x000000002000666c                usbd_edpt_xfer
 .text.tud_control_status
                0x00000000200066b4       0x30 CMakeFiles/fx702p_ram_trace.dir/tree/downloaded_tools/pico/pico-sdk/lib/tinyusb/src/device/usbd_control.c.obj
                0x00000000200066b4                tud_control_status
 .text.tud_control_xfer
                0x00000000200066e4       0xb8 CMakeFiles/fx702p_ram_trace.dir/tree/downloaded_tools/pico/pico-sdk/lib/tinyusb/src/device/usbd_control.c.obj
                0x00000000200066e4                tud_control_xfer
 .text.usbd_control_reset
                0x000000002000679c       0x14 CMakeFiles/fx702p_ram_trace.dir/tree/downloaded_tools/pico/pico-sdk/lib/tinyusb/src/device/usbd_control.c.obj
                0x000000002000679c                usbd_control_reset
 .text.usbd_control_set_complete_callback
                0x00000000200067b0        0xc CMakeFiles/fx702p_ram_trace.dir/tree/downloaded_tools/pico/pico-sdk/lib/tinyusb/src/device/usbd_control.c.obj
                0x00000000200067b0                usbd_control_set_complete_callback
 .text.usbd_control_set_request
                0x00000000200067bc       0x1c CMakeFiles/fx702p_ram_trace.dir/tree/downloaded_tools/pico/pico-sdk/lib/tinyusb/src/device/usbd_control.c.obj
                0x00000000200067bc                usbd_control_set_request
 .text.usbd_control_xfer_cb
                0x00000000200067d8       0xf8 CMakeFiles/fx702p_ram_trace.dir/tree/downloaded_tools/pico/pico-sdk/lib/tinyusb/src/device/usbd_control.c.obj
                0x00000000200067d8                usbd_control_xfer_cb
 .text.tud_cdc_n_connected
                0x00000000200068d0       0x30 CMakeFiles/fx702p_ram_trace.dir/tree/downloaded_tools/pico/pico-sdk/lib/tinyusb/src/class/cdc/cdc_device.c.obj
                0x00000000200068d0                tud_cdc_n_connected
 .text.tud_cdc_n_available
                0x0000000020006900       0x18 CMakeFiles/fx702p_ram_trace.dir/tree/downloaded_tools/pico/pico-sdk/lib/tinyusb/src/class/cdc/cdc_device.c.obj
                0x0000000020006900                tud_cdc_n_available
 .text.tud_cdc_n_read
                0x0000000020006918       0x70 CMakeFiles/fx702p_ram_trace.dir/tree/downloaded_tools/pico/pico-sdk/lib/tinyusb/src/class/cdc/cdc_device.c.obj
                0x0000000020006918                tud_cdc_n_read
 .text.tud_cdc_n_write_flush
                0x0000000020006988       0x78 CMakeFiles/fx702p_ram_trace.dir/tree/downloaded_tools/pico/pico-sdk/lib/tinyusb/src/class/cdc/cdc_device.c.obj
                0x0000000020006988                tud_cdc_n_write_flush
 .text.tud_cdc_n_write
                0x0000000020006a00       0x34 CMakeFiles/fx702p_ram_trace.dir/tree/downloaded_tools/pico/pico-sdk/lib/tinyusb/src/class/cdc/cdc_device.c.obj
                0x0000000020006a00                tud_cdc_n_write
 .text.tud_cdc_n_write_available
                0x0000000020006a34       0x18 CMakeFiles/fx702p_ram_trace.dir/tree/downloaded_tools/pico/pico-sdk/lib/tinyusb/src/class/cdc/cdc_device.c.obj
                0x0000000020006a34                tud_cdc_n_write_available
 .text.cdcd_init
                0x0000000020006a4c       0x7c CMakeFiles/fx702p_ram_trace.dir/tree/downloaded_tools/pico/pico-sdk/lib/tinyusb/src/class/cdc/cdc_device.c.obj
                0x0000000020006a4c                cdcd_init
 .text.cdcd_reset
                0x0000000020006ac8       0x2c CMakeFiles/fx702p_ram_trace.dir/tree/downloaded_tools/pico/pico-sdk/lib/tinyusb/src/class/cdc/cdc_device.c.obj
                0x0000000020006ac8                cdcd_reset
 .text.cdcd_open
                0x0000000020006af4       0xe4 CMakeFiles/fx702p_ram_trace.dir/tree/downloaded_tools/pico/pico-sdk/lib/tinyusb/src/class/cdc/cdc_device.c.obj
                0x0000000020006af4                cdcd_open
 .text.cdcd_control_xfer_cb
                0x0000000020006bd8       0xe4 CMakeFiles/fx702p_ram_trace.dir/tree/downloaded_tools/pico/pico-sdk/lib/tinyusb/src/class/cdc/cdc_device.c.obj
                0x0000000020006bd8                cdcd_control_xfer_cb
 .text.cdcd_xfer_cb
                0x0000000020006cbc      0x198 CMakeFiles/fx702p_ram_trace.dir/tree/downloaded_tools/pico/pico-sdk/lib/tinyusb/src/class/cdc/cdc_device.c.obj
                0x0000000020006cbc                cdcd_xfer_cb
 .text.tusb_init
                0x0000000020006e54        0xc CMakeFiles/fx702p_ram_trace.dir/tree/downloaded_tools/pico/pico-sdk/lib/tinyusb/src/tusb.c.obj
                0x0000000020006e54                tusb_init
 .text.tusb_inited
                0x0000000020006e60        0x8 CMakeFiles/fx702p_ram_trace.dir/tree/downloaded_tools/pico/pico-sdk/lib/tinyusb/src/tusb.c.obj
                0x0000000020006e60                tusb_inited
 .text.tu_edpt_validate
                0x0000000020006e68       0x78 CMakeFiles/fx702p_ram_trace.dir/tree/downloaded_tools/pico/pico-sdk/lib/tinyusb/src/tusb.c.obj
                0x0000000020006e68                tu_edpt_validate
 .text.tu_edpt_bind_driver
                0x0000000020006ee0       0x2c CMakeFiles/fx702p_ram_trace.dir/tree/downloaded_tools/pico/pico-sdk/lib/tinyusb/src/tusb.c.obj
                0x0000000020006ee0                tu_edpt_bind_driver
 .text.tu_fifo_config
                0x0000000020006f0c       0x78 CMakeFiles/fx702p_ram_trace.dir/tree/downloaded_tools/pico/pico-sdk/lib/tinyusb/src/common/tusb_fifo.c.obj
                0x0000000020006f0c                tu_fifo_config
 .text.tu_fifo_count
                0x0000000020006f84       0x20 CMakeFiles/fx702p_ram_trace.dir/tree/downloaded_tools/pico/pico-sdk/lib/tinyusb/src/common/tusb_fifo.c.obj
                0x0000000020006f84                tu_fifo_count
 .text.tu_fifo_empty
                0x0000000020006fa4       0x10 CMakeFiles/fx702p_ram_trace.dir/tree/downloaded_tools/pico/pico-sdk/lib/tinyusb/src/common/tusb_fifo.c.obj
                0x0000000020006fa4                tu_fifo_empty
 .text.tu_fifo_remaining
                0x0000000020006fb4       0x1c CMakeFiles/fx702p_ram_trace.dir/tree/downloaded_tools/pico/pico-sdk/lib/tinyusb/src/common/tusb_fifo.c.obj
                0x0000000020006fb4                tu_fifo_remaining
 .text.tu_fifo_read
                0x0000000020006fd0       0x9c CMakeFiles/fx702p_ram_trace.dir/tree/downloaded_tools/pico/pico-sdk/lib/tinyusb/src/common/tusb_fifo.c.obj
                0x0000000020006fd0                tu_fifo_read
 .text.tu_fifo_read_n
                0x000000002000706c      0x100 CMakeFiles/fx702p_ram_trace.dir/tree/downloaded_tools/pico/pico-sdk/lib/tinyusb/src/common/tusb_fifo.c.obj
                0x000000002000706c                tu_fifo_read_n
 .text.tu_fifo_write
                0x000000002000716c       0x7c CMakeFiles/fx702p_ram_trace.dir/tree/downloaded_tools/pico/pico-sdk/lib/tinyusb/src/common/tusb_fifo.c.obj
                0x000000002000716c                tu_fifo_write
 .text.tu_fifo_write_n
                0x00000000200071e8       0xf8 CMakeFiles/fx702p_ram_trace.dir/tree/downloaded_tools/pico/pico-sdk/lib/tinyusb/src/common/tusb_fifo.c.obj
                0x00000000200071e8                tu_fifo_write_n
 .text.tu_fifo_clear
                0x00000000200072e0       0x4c CMakeFiles/fx702p_ram_trace.dir/tree/downloaded_tools/pico/pico-sdk/lib/tinyusb/src/common/tusb_fifo.c.obj
                0x00000000200072e0                tu_fifo_clear
 .text.tu_fifo_set_overwritable
                0x000000002000732c       0x3c CMakeFiles/fx702p_ram_trace.dir/tree/downloaded_tools/pico/pico-sdk/lib/tinyusb/src/common/tusb_fifo.c.obj
                0x000000002000732c                tu_fifo_set_overwritable
 .text.startup._retrieve_unique_id_on_boot
                0x0000000020007368       0x10 CMakeFiles/fx702p_ram_trace.dir/tree/downloaded_tools/pico/pico-sdk/src/rp2_common/pico_unique_id/unique_id.c.obj
 .text.pico_get_unique_board_id_string
                0x0000000020007378      0x1bc CMakeFiles/fx702p_ram_trace.dir/tree/downloaded_tools/pico/pico-sdk/src/rp2_common/pico_unique_id/unique_id.c.obj
                0x0000000020007378                pico_get_unique_board_id_string
 .text.flash_get_unique_id
                0x0000000020007534       0x40 CMakeFiles/fx702p_ram_trace.dir/tree/downloaded_tools/pico/pico-sdk/src/rp2_common/hardware_flash/flash.c.obj
                0x0000000020007534                flash_get_unique_id
 .text          0x0000000020007574        0x4 /usr/lib/gcc/arm-none-eabi/9.2.1/thumb/v6-m/nofp/libgcc.a(_dvmd_tls.o)
                0x0000000020007574                __aeabi_ldiv0
                0x0000000020007574                __aeabi_idiv0
 .text          0x0000000020007578       0x68 /usr/lib/gcc/arm-none-eabi/9.2.1/../../../arm-none-eabi/lib/thumb/v6-m/nofp/libc.a(lib_a-strlen-stub.o)
                0x0000000020007578                strlen
 *(.fini)
 .fini          0x00000000200075e0        0x4 /usr/lib/gcc/arm-none-eabi/9.2.1/thumb/v6-m/nofp/crti.o
                0x00000000200075e0                _fini
 *fill*         0x00000000200075e4        0x4 
 .fini.__stub   0x00000000200075e8       0x10 linker stubs
 *crtbegin.o(.ctors)
 *crtbegin?.o(.ctors)
 *(EXCLUDE_FILE(*crtend.o *crtend?.o) .ctors)
 *(SORT_BY_NAME(.ctors.*))
 *(.ctors)
 *crtbegin.o(.dtors)
 *crtbegin?.o(.dtors)
 *(EXCLUDE_FILE(*crtend.o *crtend?.o) .dtors)
 *(SORT_BY_NAME(.dtors.*))
 *(.dtors)
 *(.eh_frame*)
 .eh_frame      0x00000000200075f8        0x0 /usr/lib/gcc/arm-none-eabi/9.2.1/thumb/v6-m/nofp/crtbegin.o
                0x00000000200075f8                . = ALIGN (0x4)
                0x00000000200075f8                __ram_text_end__ = .
                0x000000001000030c                __ram_text_source__ = LOADADDR (.text)

.glue_7         0x00000000200075f8        0x0 load address 0x0000000010007844
 .glue_7        0x00000000200075f8        0x0 linker stubs

.glue_7t        0x00000000200075f8        0x0 load address 0x0000000010007844
 .glue_7t       0x00000000200075f8        0x0 linker stubs

.vfp11_veneer   0x00000000200075f8        0x0 load address 0x0000000010007844
 .vfp11_veneer  0x00000000200075f8        0x0 linker stubs

.v4_bx          0x00000000200075f8        0x0 load address 0x0000000010007844
 .v4_bx         0x00000000200075f8        0x0 linker stubs

.iplt           0x00000000200075f8        0x0 load address 0x0000000010007844
 .iplt          0x00000000200075f8        0x0 /usr/lib/gcc/arm-none-eabi/9.2.1/thumb/v6-m/nofp/crtbegin.o

.rel.dyn        0x00000000200075f8        0x0 load address 0x0000000010007844
 .rel.iplt      0x00000000200075f8        0x0 /usr/lib/gcc/arm-none-eabi/9.2.1/thumb/v6-m/nofp/crtbegin.o

.data           0x0000000020007600      0xa1c load address 0x0000000010007844
                0x0000000020007600                __data_start__ = .
 *(vtable)
 *(.time_critical*)
 .time_critical.mutex_enter_blocking
                0x0000000020007600       0x48 CMakeFiles/fx702p_ram_trace.dir/tree/downloaded_tools/pico/pico-sdk/src/common/pico_sync/mutex.c.obj
                0x0000000020007600                mutex_enter_blocking
 .time_critical.mutex_try_enter
                0x0000000020007648       0x48 CMakeFiles/fx702p_ram_trace.dir/tree/downloaded_tools/pico/pico-sdk/src/common/pico_sync/mutex.c.obj
                0x0000000020007648                mutex_try_enter
 .time_critical.mutex_enter_timeout_ms
                0x0000000020007690       0x98 CMakeFiles/fx702p_ram_trace.dir/tree/downloaded_tools/pico/pico-sdk/src/common/pico_sync/mutex.c.obj
                0x0000000020007690                mutex_enter_timeout_ms
 .time_critical.mutex_exit
                0x0000000020007728       0x28 CMakeFiles/fx702p_ram_trace.dir/tree/downloaded_tools/pico/pico-sdk/src/common/pico_sync/mutex.c.obj
                0x0000000020007728                mutex_exit
 .time_critical.flash_init_boot2_copyout
                0x0000000020007750       0x30 CMakeFiles/fx702p_ram_trace.dir/tree/downloaded_tools/pico/pico-sdk/src/rp2_common/hardware_flash/flash.c.obj
 .time_critical.flash_enable_xip_via_boot2
                0x0000000020007780       0x10 CMakeFiles/fx702p_ram_trace.dir/tree/downloaded_tools/pico/pico-sdk/src/rp2_common/hardware_flash/flash.c.obj
 .time_critical.flash_cs_force
                0x0000000020007790       0x38 CMakeFiles/fx702p_ram_trace.dir/tree/downloaded_tools/pico/pico-sdk/src/rp2_common/hardware_flash/flash.c.obj
 .time_critical.flash_do_cmd
                0x00000000200077c8       0xc4 CMakeFiles/fx702p_ram_trace.dir/tree/downloaded_tools/pico/pico-sdk/src/rp2_common/hardware_flash/flash.c.obj
                0x00000000200077c8                flash_do_cmd
                0x000000002000788c                . = ALIGN (0x4)
 *(.rodata*)
 .rodata.main.str1.4
                0x000000002000788c       0xe4 CMakeFiles/fx702p_ram_trace.dir/fx702p_ram_trace.c.obj
 .rodata.address_pins
                0x0000000020007970       0x28 CMakeFiles/fx702p_ram_trace.dir/fx702p_ram_trace.c.obj
                0x0000000020007970                address_pins
 .rodata.spin_lock_claim_unused.str1.4
                0x0000000020007998       0x1b CMakeFiles/fx702p_ram_trace.dir/tree/downloaded_tools/pico/pico-sdk/src/rp2_common/hardware_sync/sync.c.obj
 *fill*         0x00000000200079b3        0x1 
 .rodata.user_irq_claim_unused.str1.4
                0x00000000200079b4       0x1b CMakeFiles/fx702p_ram_trace.dir/tree/downloaded_tools/pico/pico-sdk/src/rp2_common/hardware_irq/irq.c.obj
 *fill*         0x00000000200079cf        0x1 
 .rodata.hardware_alarm_claim.str1.4
                0x00000000200079d0       0x22 CMakeFiles/fx702p_ram_trace.dir/tree/downloaded_tools/pico/pico-sdk/src/rp2_common/hardware_timer/timer.c.obj
 *fill*         0x00000000200079f2        0x2 
 .rodata.panic.str1.4
                0x00000000200079f4       0x10 CMakeFiles/fx702p_ram_trace.dir/tree/downloaded_tools/pico/pico-sdk/src/rp2_common/pico_runtime/runtime.c.obj
                                         0x12 (size before relaxing)
 .rodata.hard_assertion_failure.str1.4
                0x0000000020007a04        0xc CMakeFiles/fx702p_ram_trace.dir/tree/downloaded_tools/pico/pico-sdk/src/rp2_common/pico_runtime/runtime.c.obj
 .rodata._ftoa.str1.4
                0x0000000020007a10       0x15 CMakeFiles/fx702p_ram_trace.dir/tree/downloaded_tools/pico/pico-sdk/src/rp2_common/pico_printf/printf.c.obj
 *fill*         0x0000000020007a25        0x3 
 .rodata._vsnprintf
                0x0000000020007a28      0x1e0 CMakeFiles/fx702p_ram_trace.dir/tree/downloaded_tools/pico/pico-sdk/src/rp2_common/pico_printf/printf.c.obj
 .rodata.pow10.5444
                0x0000000020007c08       0x50 CMakeFiles/fx702p_ram_trace.dir/tree/downloaded_tools/pico/pico-sdk/src/rp2_common/pico_printf/printf.c.obj
 .rodata.str1.4
                0x0000000020007c58       0x4c CMakeFiles/fx702p_ram_trace.dir/tree/downloaded_tools/pico/pico-sdk/src/rp2_common/pico_standard_link/binary_info.c.obj
 .rodata.__bi_44
                0x0000000020007ca4        0xc CMakeFiles/fx702p_ram_trace.dir/tree/downloaded_tools/pico/pico-sdk/src/rp2_common/pico_standard_link/binary_info.c.obj
 .rodata.__bi_56
                0x0000000020007cb0        0xc CMakeFiles/fx702p_ram_trace.dir/tree/downloaded_tools/pico/pico-sdk/src/rp2_common/pico_standard_link/binary_info.c.obj
 .rodata.__bi_75
                0x0000000020007cbc        0xc CMakeFiles/fx702p_ram_trace.dir/tree/downloaded_tools/pico/pico-sdk/src/rp2_common/pico_standard_link/binary_info.c.obj
 .rodata.__bi_81
                0x0000000020007cc8        0xc CMakeFiles/fx702p_ram_trace.dir/tree/downloaded_tools/pico/pico-sdk/src/rp2_common/pico_standard_link/binary_info.c.obj
 .rodata.crlf_str.6065
                0x0000000020007cd4        0x2 CMakeFiles/fx702p_ram_trace.dir/tree/downloaded_tools/pico/pico-sdk/src/rp2_common/pico_stdio/stdio.c.obj
 *fill*         0x0000000020007cd6        0x2 
 .rodata.str1.4
                0x0000000020007cd8       0x2c CMakeFiles/fx702p_ram_trace.dir/tree/downloaded_tools/pico/pico-sdk/src/rp2_common/pico_stdio_uart/stdio_uart.c.obj
 .rodata.__bi_28.4859
                0x0000000020007d04        0xc CMakeFiles/fx702p_ram_trace.dir/tree/downloaded_tools/pico/pico-sdk/src/rp2_common/pico_stdio_uart/stdio_uart.c.obj
 .rodata.__bi_29.4863
                0x0000000020007d10        0x8 CMakeFiles/fx702p_ram_trace.dir/tree/downloaded_tools/pico/pico-sdk/src/rp2_common/pico_stdio_uart/stdio_uart.c.obj
 .rodata._resetd_driver
                0x0000000020007d18       0x18 CMakeFiles/fx702p_ram_trace.dir/tree/downloaded_tools/pico/pico-sdk/src/rp2_common/pico_stdio_usb/reset_interface.c.obj
 .rodata.str1.4
                0x0000000020007d30       0x13 CMakeFiles/fx702p_ram_trace.dir/tree/downloaded_tools/pico/pico-sdk/src/rp2_common/pico_stdio_usb/stdio_usb.c.obj
 *fill*         0x0000000020007d43        0x1 
 .rodata.__bi_118.7207
                0x0000000020007d44        0xc CMakeFiles/fx702p_ram_trace.dir/tree/downloaded_tools/pico/pico-sdk/src/rp2_common/pico_stdio_usb/stdio_usb.c.obj
 .rodata.str1.4
                0x0000000020007d50       0x2a CMakeFiles/fx702p_ram_trace.dir/tree/downloaded_tools/pico/pico-sdk/src/rp2_common/pico_stdio_usb/stdio_usb_descriptors.c.obj
 *fill*         0x0000000020007d7a        0x2 
 .rodata.usbd_desc_cfg
                0x0000000020007d7c       0x54 CMakeFiles/fx702p_ram_trace.dir/tree/downloaded_tools/pico/pico-sdk/src/rp2_common/pico_stdio_usb/stdio_usb_descriptors.c.obj
 .rodata.usbd_desc_device
                0x0000000020007dd0       0x12 CMakeFiles/fx702p_ram_trace.dir/tree/downloaded_tools/pico/pico-sdk/src/rp2_common/pico_stdio_usb/stdio_usb_descriptors.c.obj
 *fill*         0x0000000020007de2        0x2 
 .rodata.usbd_desc_str
                0x0000000020007de4       0x18 CMakeFiles/fx702p_ram_trace.dir/tree/downloaded_tools/pico/pico-sdk/src/rp2_common/pico_stdio_usb/stdio_usb_descriptors.c.obj
 .rodata.dcd_rp2040_irq.str1.4
                0x0000000020007dfc       0x14 CMakeFiles/fx702p_ram_trace.dir/tree/downloaded_tools/pico/pico-sdk/lib/tinyusb/src/portable/raspberrypi/rp2040/dcd_rp2040.c.obj
 .rodata._hw_endpoint_buffer_control_update32.part.0.str1.4
                0x0000000020007e10       0x1f CMakeFiles/fx702p_ram_trace.dir/tree/downloaded_tools/pico/pico-sdk/lib/tinyusb/src/portable/raspberrypi/rp2040/rp2040_usb.c.obj
 *fill*         0x0000000020007e2f        0x1 
 .rodata.hw_endpoint_xfer_continue.str1.4
                0x0000000020007e30       0x29 CMakeFiles/fx702p_ram_trace.dir/tree/downloaded_tools/pico/pico-sdk/lib/tinyusb/src/portable/raspberrypi/rp2040/rp2040_usb.c.obj
 .rodata.str1.4
                0x0000000020007e59       0x29 CMakeFiles/fx702p_ram_trace.dir/tree/downloaded_tools/pico/pico-sdk/lib/tinyusb/src/portable/raspberrypi/rp2040/rp2040_usb.c.obj
                                          0x7 (size before relaxing)
 *fill*         0x0000000020007e59        0x3 
 .rodata.tud_task
                0x0000000020007e5c       0x8c CMakeFiles/fx702p_ram_trace.dir/tree/downloaded_tools/pico/pico-sdk/lib/tinyusb/src/device/usbd.c.obj
 .rodata._usbd_driver
                0x0000000020007ee8       0x18 CMakeFiles/fx702p_ram_trace.dir/tree/downloaded_tools/pico/pico-sdk/lib/tinyusb/src/device/usbd.c.obj
                0x0000000020007f00                . = ALIGN (0x4)
 *(.data*)
 .data.striped_spin_lock_num
                0x0000000020007f00        0x1 CMakeFiles/fx702p_ram_trace.dir/tree/downloaded_tools/pico/pico-sdk/src/rp2_common/hardware_sync/sync.c.obj
 *fill*         0x0000000020007f01        0x3 
 .data          0x0000000020007f04       0x48 CMakeFiles/fx702p_ram_trace.dir/tree/downloaded_tools/pico/pico-sdk/src/rp2_common/hardware_irq/irq_handler_chain.S.obj
                0x0000000020007f04                irq_handler_chain_slots
                0x0000000020007f34                irq_handler_chain_first_slot
                0x0000000020007f3e                irq_handler_chain_remove_tail
 .data.default_alarm_pool
                0x0000000020007f4c       0x18 CMakeFiles/fx702p_ram_trace.dir/tree/downloaded_tools/pico/pico-sdk/src/common/pico_time/time.c.obj
 .data.default_alarm_pool_heap
                0x0000000020007f64       0x10 CMakeFiles/fx702p_ram_trace.dir/tree/downloaded_tools/pico/pico-sdk/src/common/pico_time/time.c.obj
 *fill*         0x0000000020007f74        0xc 
 .data.aeabi_bits_funcs
                0x0000000020007f80       0x10 CMakeFiles/fx702p_ram_trace.dir/tree/downloaded_tools/pico/pico-sdk/src/rp2_common/pico_bit_ops/bit_ops_aeabi.S.obj
                0x0000000020007f80                aeabi_bits_funcs
                0x0000000020007f90                aeabi_bits_funcs_end
 .data.aeabi_mem_funcs
                0x0000000020007f90       0x10 CMakeFiles/fx702p_ram_trace.dir/tree/downloaded_tools/pico/pico-sdk/src/rp2_common/pico_mem_ops/mem_ops_aeabi.S.obj
                0x0000000020007f90                aeabi_mem_funcs
                0x0000000020007fa0                aeabi_mem_funcs_end
 .data.stdio_uart
                0x0000000020007fa0       0x14 CMakeFiles/fx702p_ram_trace.dir/tree/downloaded_tools/pico/pico-sdk/src/rp2_common/pico_stdio_uart/stdio_uart.c.obj
                0x0000000020007fa0                stdio_uart
 .data.stdio_usb
                0x0000000020007fb4       0x14 CMakeFiles/fx702p_ram_trace.dir/tree/downloaded_tools/pico/pico-sdk/src/rp2_common/pico_stdio_usb/stdio_usb.c.obj
                0x0000000020007fb4                stdio_usb
 .data.ep_dir_string
                0x0000000020007fc8        0x8 CMakeFiles/fx702p_ram_trace.dir/tree/downloaded_tools/pico/pico-sdk/lib/tinyusb/src/portable/raspberrypi/rp2040/rp2040_usb.c.obj
                0x0000000020007fc8                ep_dir_string
 .data._usbd_qdef
                0x0000000020007fd0       0x24 CMakeFiles/fx702p_ram_trace.dir/tree/downloaded_tools/pico/pico-sdk/lib/tinyusb/src/device/usbd.c.obj
                0x0000000020007fd0                _usbd_qdef
                0x0000000020007ff4                . = ALIGN (0x4)
 *(.after_data.*)
                0x0000000020007ff4                . = ALIGN (0x4)
                0x0000000020007ff4                PROVIDE (__mutex_array_start = .)
 *(SORT_BY_NAME(.mutex_array.*))
 *(.mutex_array)
 .mutex_array   0x0000000020007ff4        0x8 CMakeFiles/fx702p_ram_trace.dir/tree/downloaded_tools/pico/pico-sdk/src/rp2_common/pico_malloc/pico_malloc.c.obj
 .mutex_array   0x0000000020007ffc        0x8 CMakeFiles/fx702p_ram_trace.dir/tree/downloaded_tools/pico/pico-sdk/src/rp2_common/pico_stdio/stdio.c.obj
                0x0000000020008004                PROVIDE (__mutex_array_end = .)
                0x0000000020008004                . = ALIGN (0x4)
                0x0000000020008004                PROVIDE (__preinit_array_start = .)
 *(SORT_BY_NAME(.preinit_array.*))
 .preinit_array.00001
                0x0000000020008004        0x4 CMakeFiles/fx702p_ram_trace.dir/tree/downloaded_tools/pico/pico-sdk/src/rp2_common/pico_mem_ops/mem_ops_aeabi.S.obj
 .preinit_array.00010
                0x0000000020008008        0x4 CMakeFiles/fx702p_ram_trace.dir/tree/downloaded_tools/pico/pico-sdk/src/rp2_common/pico_bit_ops/bit_ops_aeabi.S.obj
 .preinit_array.00020
                0x000000002000800c        0x4 CMakeFiles/fx702p_ram_trace.dir/tree/downloaded_tools/pico/pico-sdk/src/rp2_common/pico_double/double_aeabi.S.obj
 .preinit_array.00020
                0x0000000020008010        0x4 CMakeFiles/fx702p_ram_trace.dir/tree/downloaded_tools/pico/pico-sdk/src/rp2_common/pico_float/float_aeabi.S.obj
 *(.preinit_array)
                0x0000000020008014                PROVIDE (__preinit_array_end = .)
                0x0000000020008014                . = ALIGN (0x4)
                0x0000000020008014                PROVIDE (__init_array_start = .)
 *(SORT_BY_NAME(.init_array.*))
 *(.init_array)
 .init_array    0x0000000020008014        0x4 /usr/lib/gcc/arm-none-eabi/9.2.1/thumb/v6-m/nofp/crtbegin.o
 .init_array    0x0000000020008018        0x4 CMakeFiles/fx702p_ram_trace.dir/tree/downloaded_tools/pico/pico-sdk/src/rp2_common/pico_unique_id/unique_id.c.obj
                0x000000002000801c                PROVIDE (__init_array_end = .)
                0x000000002000801c                . = ALIGN (0x4)
                0x000000002000801c                PROVIDE (__fini_array_start = .)
 *(SORT_BY_NAME(.fini_array.*))
 *(.fini_array)
                0x000000002000801c                PROVIDE (__fini_array_end = .)
 *(.jcr)
                0x000000002000801c                . = ALIGN (0x4)
                0x000000002000801c                __data_end__ = .
                0x0000000010007844                __etext = LOADADDR (.data)

.tm_clone_table
                0x000000002000801c        0x0 load address 0x0000000010008260
 .tm_clone_table
                0x000000002000801c        0x0 /usr/lib/gcc/arm-none-eabi/9.2.1/thumb/v6-m/nofp/crtbegin.o
 .tm_clone_table
                0x000000002000801c        0x0 /usr/lib/gcc/arm-none-eabi/9.2.1/thumb/v6-m/nofp/crtend.o

.igot.plt       0x000000002000801c        0x0 load address 0x0000000010008260
 .igot.plt      0x000000002000801c        0x0 /usr/lib/gcc/arm-none-eabi/9.2.1/thumb/v6-m/nofp/crtbegin.o

.uninitialized_data
                0x000000002000801c        0x0 load address 0x0000000010008260
                0x000000002000801c                . = ALIGN (0x4)
 *(.uninitialized_data*)

.scratch_x      0x0000000020040000        0x0 load address 0x0000000010008260
                0x0000000020040000                __scratch_x_start__ = .
 *(.scratch_x.*)
                0x0000000020040000                . = ALIGN (0x4)
                0x0000000020040000                __scratch_x_end__ = .
                0x0000000010008260                __scratch_x_source__ = LOADADDR (.scratch_x)

.scratch_y      0x0000000020041000        0x0 load address 0x0000000010008260
                0x0000000020041000                __scratch_y_start__ = .
 *(.scratch_y.*)
                0x0000000020041000                . = ALIGN (0x4)
                0x0000000020041000                __scratch_y_end__ = .
                0x0000000010008260                __scratch_y_source__ = LOADADDR (.scratch_y)

.bss            0x0000000020008020     0x2190
                0x0000000020008020                . = ALIGN (0x4)
                0x0000000020008020                __bss_start__ = .
 *(SORT_BY_ALIGNMENT(SORT_BY_NAME(.bss*)))
 .bss.default_alarm_pool_entries
                0x0000000020008020      0x100 CMakeFiles/fx702p_ram_trace.dir/tree/downloaded_tools/pico/pico-sdk/src/common/pico_time/time.c.obj
 .bss.last_avail_time.7186
                0x0000000020008120        0x8 CMakeFiles/fx702p_ram_trace.dir/tree/downloaded_tools/pico/pico-sdk/src/rp2_common/pico_stdio_usb/stdio_usb.c.obj
 .bss           0x0000000020008128       0x1c /usr/lib/gcc/arm-none-eabi/9.2.1/thumb/v6-m/nofp/crtbegin.o
 .bss._app_driver
                0x0000000020008144        0x4 CMakeFiles/fx702p_ram_trace.dir/tree/downloaded_tools/pico/pico-sdk/lib/tinyusb/src/device/usbd.c.obj
 .bss._cdcd_itf
                0x0000000020008148      0x2d8 CMakeFiles/fx702p_ram_trace.dir/tree/downloaded_tools/pico/pico-sdk/lib/tinyusb/src/class/cdc/cdc_device.c.obj
 .bss._ctrl_xfer
                0x0000000020008420       0x14 CMakeFiles/fx702p_ram_trace.dir/tree/downloaded_tools/pico/pico-sdk/lib/tinyusb/src/device/usbd_control.c.obj
 .bss._ubsd_mutexdef
                0x0000000020008434        0x8 CMakeFiles/fx702p_ram_trace.dir/tree/downloaded_tools/pico/pico-sdk/lib/tinyusb/src/device/usbd.c.obj
 .bss._usbd_ctrl_buf
                0x000000002000843c       0x40 CMakeFiles/fx702p_ram_trace.dir/tree/downloaded_tools/pico/pico-sdk/lib/tinyusb/src/device/usbd_control.c.obj
 .bss._usbd_dev
                0x000000002000847c       0x53 CMakeFiles/fx702p_ram_trace.dir/tree/downloaded_tools/pico/pico-sdk/lib/tinyusb/src/device/usbd.c.obj
 *fill*         0x00000000200084cf        0x1 
 .bss._usbd_mutex
                0x00000000200084d0        0x4 CMakeFiles/fx702p_ram_trace.dir/tree/downloaded_tools/pico/pico-sdk/lib/tinyusb/src/device/usbd.c.obj
 .bss._usbd_q   0x00000000200084d4        0x4 CMakeFiles/fx702p_ram_trace.dir/tree/downloaded_tools/pico/pico-sdk/lib/tinyusb/src/device/usbd.c.obj
 .bss.alarm_callbacks
                0x00000000200084d8       0x10 CMakeFiles/fx702p_ram_trace.dir/tree/downloaded_tools/pico/pico-sdk/src/rp2_common/hardware_timer/timer.c.obj
 .bss.boot2_copyout
                0x00000000200084e8      0x100 CMakeFiles/fx702p_ram_trace.dir/tree/downloaded_tools/pico/pico-sdk/src/rp2_common/hardware_flash/flash.c.obj
 .bss.claimed   0x00000000200085e8        0x4 CMakeFiles/fx702p_ram_trace.dir/tree/downloaded_tools/pico/pico-sdk/src/rp2_common/hardware_sync/sync.c.obj
 .bss.configured_freq
                0x00000000200085ec       0x28 CMakeFiles/fx702p_ram_trace.dir/tree/downloaded_tools/pico/pico-sdk/src/rp2_common/hardware_clocks/clocks.c.obj
 .bss.default_alarm_pool_entry_ids_high
                0x0000000020008614       0x10 CMakeFiles/fx702p_ram_trace.dir/tree/downloaded_tools/pico/pico-sdk/src/common/pico_time/time.c.obj
 .bss.default_alarm_pool_heap_nodes
                0x0000000020008624       0x30 CMakeFiles/fx702p_ram_trace.dir/tree/downloaded_tools/pico/pico-sdk/src/common/pico_time/time.c.obj
 .bss.desc_str.7071
                0x0000000020008654       0x28 CMakeFiles/fx702p_ram_trace.dir/tree/downloaded_tools/pico/pico-sdk/src/rp2_common/pico_stdio_usb/stdio_usb_descriptors.c.obj
 .bss.drivers   0x000000002000867c        0x4 CMakeFiles/fx702p_ram_trace.dir/tree/downloaded_tools/pico/pico-sdk/src/rp2_common/pico_stdio/stdio.c.obj
 .bss.filter    0x0000000020008680        0x4 CMakeFiles/fx702p_ram_trace.dir/tree/downloaded_tools/pico/pico-sdk/src/rp2_common/pico_stdio/stdio.c.obj
 .bss.hw_endpoints
                0x0000000020008684      0x400 CMakeFiles/fx702p_ram_trace.dir/tree/downloaded_tools/pico/pico-sdk/lib/tinyusb/src/portable/raspberrypi/rp2040/dcd_rp2040.c.obj
 .bss.lazy_vsnprintf
                0x0000000020008a84        0x4 CMakeFiles/fx702p_ram_trace.dir/tree/downloaded_tools/pico/pico-sdk/src/rp2_common/pico_printf/printf.c.obj
 .bss.load_value
                0x0000000020008a88        0x4 CMakeFiles/fx702p_ram_trace.dir/tree/downloaded_tools/pico/pico-sdk/src/rp2_common/hardware_watchdog/watchdog.c.obj
 .bss.next_buffer_ptr
                0x0000000020008a8c        0x4 CMakeFiles/fx702p_ram_trace.dir/tree/downloaded_tools/pico/pico-sdk/lib/tinyusb/src/portable/raspberrypi/rp2040/dcd_rp2040.c.obj
 .bss.pools     0x0000000020008a90       0x10 CMakeFiles/fx702p_ram_trace.dir/tree/downloaded_tools/pico/pico-sdk/src/common/pico_time/time.c.obj
 .bss.retrieved_id
                0x0000000020008aa0        0x8 CMakeFiles/fx702p_ram_trace.dir/tree/downloaded_tools/pico/pico-sdk/src/rp2_common/pico_unique_id/unique_id.c.obj
 .bss.rom_data  0x0000000020008aa8     0x1400 CMakeFiles/fx702p_ram_trace.dir/fx702p_ram_trace.c.obj
                0x0000000020008aa8                rom_data
 .bss.sf_clz_func
                0x0000000020009ea8        0x4 CMakeFiles/fx702p_ram_trace.dir/tree/downloaded_tools/pico/pico-sdk/src/rp2_common/pico_double/double_init_rom.c.obj
                0x0000000020009ea8                sf_clz_func
 .bss.sleep_notifier
                0x0000000020009eac        0x4 CMakeFiles/fx702p_ram_trace.dir/tree/downloaded_tools/pico/pico-sdk/src/common/pico_time/time.c.obj
 .bss.stdio_usb_mutex
                0x0000000020009eb0        0x8 CMakeFiles/fx702p_ram_trace.dir/tree/downloaded_tools/pico/pico-sdk/src/rp2_common/pico_stdio_usb/stdio_usb.c.obj
 .bss.target_hi
                0x0000000020009eb8       0x10 CMakeFiles/fx702p_ram_trace.dir/tree/downloaded_tools/pico/pico-sdk/src/rp2_common/hardware_timer/timer.c.obj
 .bss.uart_instance
                0x0000000020009ec8        0x4 CMakeFiles/fx702p_ram_trace.dir/tree/downloaded_tools/pico/pico-sdk/src/rp2_common/pico_stdio_uart/stdio_uart.c.obj
 .bss.usbd_serial_str
                0x0000000020009ecc       0x11 CMakeFiles/fx702p_ram_trace.dir/tree/downloaded_tools/pico/pico-sdk/src/rp2_common/pico_stdio_usb/stdio_usb_descriptors.c.obj
 *fill*         0x0000000020009edd        0x3 
 .bss.user_irq_claimed
                0x0000000020009ee0        0x2 CMakeFiles/fx702p_ram_trace.dir/tree/downloaded_tools/pico/pico-sdk/src/rp2_common/hardware_irq/irq.c.obj
 .bss._app_driver_count
                0x0000000020009ee2        0x1 CMakeFiles/fx702p_ram_trace.dir/tree/downloaded_tools/pico/pico-sdk/lib/tinyusb/src/device/usbd.c.obj
 .bss._usbd_initialized
                0x0000000020009ee3        0x1 CMakeFiles/fx702p_ram_trace.dir/tree/downloaded_tools/pico/pico-sdk/lib/tinyusb/src/device/usbd.c.obj
 .bss.boot2_copyout_valid
                0x0000000020009ee4        0x1 CMakeFiles/fx702p_ram_trace.dir/tree/downloaded_tools/pico/pico-sdk/src/rp2_common/hardware_flash/flash.c.obj
 .bss.claimed   0x0000000020009ee5        0x1 CMakeFiles/fx702p_ram_trace.dir/tree/downloaded_tools/pico/pico-sdk/src/rp2_common/hardware_timer/timer.c.obj
 .bss.irq_hander_chain_free_slot_head
                0x0000000020009ee6        0x1 CMakeFiles/fx702p_ram_trace.dir/tree/downloaded_tools/pico/pico-sdk/src/rp2_common/hardware_irq/irq.c.obj
 .bss.itf_num   0x0000000020009ee7        0x1 CMakeFiles/fx702p_ram_trace.dir/tree/downloaded_tools/pico/pico-sdk/src/rp2_common/pico_stdio_usb/reset_interface.c.obj
 .bss.low_priority_irq_num
                0x0000000020009ee8        0x1 CMakeFiles/fx702p_ram_trace.dir/tree/downloaded_tools/pico/pico-sdk/src/rp2_common/pico_stdio_usb/stdio_usb.c.obj
 .bss.timer_callbacks_pending
                0x0000000020009ee9        0x1 CMakeFiles/fx702p_ram_trace.dir/tree/downloaded_tools/pico/pico-sdk/src/rp2_common/hardware_timer/timer.c.obj
 *(COMMON)
 *fill*         0x0000000020009eea        0x2 
 COMMON         0x0000000020009eec        0x4 CMakeFiles/fx702p_ram_trace.dir/tree/downloaded_tools/pico/pico-sdk/src/rp2_common/hardware_uart/uart.c.obj
                0x0000000020009eec                uart_char_to_line_feed
 COMMON         0x0000000020009ef0      0x100 CMakeFiles/fx702p_ram_trace.dir/tree/downloaded_tools/pico/pico-sdk/src/rp2_common/pico_double/double_init_rom.c.obj
                0x0000000020009ef0                sd_table
 COMMON         0x0000000020009ff0      0x100 CMakeFiles/fx702p_ram_trace.dir/tree/downloaded_tools/pico/pico-sdk/src/rp2_common/pico_float/float_init_rom.c.obj
                0x0000000020009ff0                sf_table
 COMMON         0x000000002000a0f0       0xc0 CMakeFiles/fx702p_ram_trace.dir/tree/downloaded_tools/pico/pico-sdk/lib/tinyusb/src/device/usbd.c.obj
                0x000000002000a0f0                _usbd_qdef_buf
                0x000000002000a1b0                . = ALIGN (0x4)
                0x000000002000a1b0                __bss_end__ = .

.heap           0x000000002000a1b0      0x800
                0x000000002000a1b0                __end__ = .
                0x000000002000a1b0                end = __end__
 *(.heap*)
 .heap          0x000000002000a1b0      0x800 CMakeFiles/fx702p_ram_trace.dir/tree/downloaded_tools/pico/pico-sdk/src/rp2_common/pico_standard_link/crt0.S.obj
                0x000000002000a9b0                __HeapLimit = .

.stack1_dummy   0x0000000020040000        0x0
 *(.stack1*)

.stack_dummy    0x0000000020041000      0x800
 *(.stack*)
 .stack         0x0000000020041000      0x800 CMakeFiles/fx702p_ram_trace.dir/tree/downloaded_tools/pico/pico-sdk/src/rp2_common/pico_standard_link/crt0.S.obj

.flash_end      0x0000000010008260        0x0
                0x0000000010008260                __flash_binary_end = .
                0x0000000020040000                __StackLimit = (ORIGIN (RAM) + LENGTH (RAM))
                0x0000000020041000                __StackOneTop = (ORIGIN (SCRATCH_X) + LENGTH (SCRATCH_X))
                0x0000000020042000                __StackTop = (ORIGIN (SCRATCH_Y) + LENGTH (SCRATCH_Y))
                0x0000000020041000                __StackOneBottom = (__StackOneTop - SIZEOF (.stack1_dummy))
                0x0000000020041800                __StackBottom = (__StackTop - SIZEOF (.stack_dummy))
                0x0000000020042000                PROVIDE (__stack = __StackTop)
                0x0000000000000001                ASSERT ((__StackLimit >= __HeapLimit), region RAM overflowed)
                0x0000000000000001                ASSERT (((__binary_info_header_end - __logical_binary_start) <= 0x100), Binary info must be in first 256 bytes of the binary)
LOAD CMakeFiles/fx702p_ram_trace.dir/fx702p_ram_trace.c.obj
LOAD CMakeFiles/fx702p_ram_trace.dir/tree/downloaded_tools/pico/pico-sdk/src/rp2_common/pico_stdlib/stdlib.c.obj
LOAD CMakeFiles/fx702p_ram_trace.dir/tree/downloaded_tools/pico/pico-sdk/src/rp2_common/hardware_gpio/gpio.c.obj
LOAD CMakeFiles/fx702p_ram_trace.dir/tree/downloaded_tools/pico/pico-sdk/src/rp2_common/hardware_claim/claim.c.obj
LOAD CMakeFiles/fx702p_ram_trace.dir/tree/downloaded_tools/pico/pico-sdk/src/rp2_common/pico_platform/platform.c.obj
LOAD CMakeFiles/fx702p_ram_trace.dir/tree/downloaded_tools/pico/pico-sdk/src/rp2_common/hardware_sync/sync.c.obj
LOAD CMakeFiles/fx702p_ram_trace.dir/tree/downloaded_tools/pico/pico-sdk/src/rp2_common/hardware_irq/irq.c.obj
LOAD CMakeFiles/fx702p_ram_trace.dir/tree/downloaded_tools/pico/pico-sdk/src/rp2_common/hardware_irq/irq_handler_chain.S.obj
LOAD CMakeFiles/fx702p_ram_trace.dir/tree/downloaded_tools/pico/pico-sdk/src/common/pico_sync/sem.c.obj
LOAD CMakeFiles/fx702p_ram_trace.dir/tree/downloaded_tools/pico/pico-sdk/src/common/pico_sync/lock_core.c.obj
LOAD CMakeFiles/fx702p_ram_trace.dir/tree/downloaded_tools/pico/pico-sdk/src/common/pico_time/time.c.obj
LOAD CMakeFiles/fx702p_ram_trace.dir/tree/downloaded_tools/pico/pico-sdk/src/common/pico_time/timeout_helper.c.obj
LOAD CMakeFiles/fx702p_ram_trace.dir/tree/downloaded_tools/pico/pico-sdk/src/rp2_common/hardware_timer/timer.c.obj
LOAD CMakeFiles/fx702p_ram_trace.dir/tree/downloaded_tools/pico/pico-sdk/src/common/pico_util/datetime.c.obj
LOAD CMakeFiles/fx702p_ram_trace.dir/tree/downloaded_tools/pico/pico-sdk/src/common/pico_util/pheap.c.obj
LOAD CMakeFiles/fx702p_ram_trace.dir/tree/downloaded_tools/pico/pico-sdk/src/common/pico_util/queue.c.obj
LOAD CMakeFiles/fx702p_ram_trace.dir/tree/downloaded_tools/pico/pico-sdk/src/common/pico_sync/mutex.c.obj
LOAD CMakeFiles/fx702p_ram_trace.dir/tree/downloaded_tools/pico/pico-sdk/src/common/pico_sync/critical_section.c.obj
LOAD CMakeFiles/fx702p_ram_trace.dir/tree/downloaded_tools/pico/pico-sdk/src/rp2_common/hardware_uart/uart.c.obj
LOAD CMakeFiles/fx702p_ram_trace.dir/tree/downloaded_tools/pico/pico-sdk/src/rp2_common/hardware_divider/divider.S.obj
LOAD CMakeFiles/fx702p_ram_trace.dir/tree/downloaded_tools/pico/pico-sdk/src/rp2_common/pico_runtime/runtime.c.obj
LOAD CMakeFiles/fx702p_ram_trace.dir/tree/downloaded_tools/pico/pico-sdk/src/rp2_common/hardware_clocks/clocks.c.obj
LOAD CMakeFiles/fx702p_ram_trace.dir/tree/downloaded_tools/pico/pico-sdk/src/rp2_common/hardware_pll/pll.c.obj
LOAD CMakeFiles/fx702p_ram_trace.dir/tree/downloaded_tools/pico/pico-sdk/src/rp2_common/hardware_vreg/vreg.c.obj
LOAD CMakeFiles/fx702p_ram_trace.dir/tree/downloaded_tools/pico/pico-sdk/src/rp2_common/hardware_watchdog/watchdog.c.obj
LOAD CMakeFiles/fx702p_ram_trace.dir/tree/downloaded_tools/pico/pico-sdk/src/rp2_common/hardware_xosc/xosc.c.obj
LOAD CMakeFiles/fx702p_ram_trace.dir/tree/downloaded_tools/pico/pico-sdk/src/rp2_common/pico_printf/printf.c.obj
LOAD CMakeFiles/fx702p_ram_trace.dir/tree/downloaded_tools/pico/pico-sdk/src/rp2_common/pico_bit_ops/bit_ops_aeabi.S.obj
LOAD CMakeFiles/fx702p_ram_trace.dir/tree/downloaded_tools/pico/pico-sdk/src/rp2_common/pico_bootrom/bootrom.c.obj
LOAD CMakeFiles/fx702p_ram_trace.dir/tree/downloaded_tools/pico/pico-sdk/src/rp2_common/pico_divider/divider.S.obj
LOAD CMakeFiles/fx702p_ram_trace.dir/tree/downloaded_tools/pico/pico-sdk/src/rp2_common/pico_double/double_aeabi.S.obj
LOAD CMakeFiles/fx702p_ram_trace.dir/tree/downloaded_tools/pico/pico-sdk/src/rp2_common/pico_double/double_init_rom.c.obj
LOAD CMakeFiles/fx702p_ram_trace.dir/tree/downloaded_tools/pico/pico-sdk/src/rp2_common/pico_double/double_math.c.obj
LOAD CMakeFiles/fx702p_ram_trace.dir/tree/downloaded_tools/pico/pico-sdk/src/rp2_common/pico_double/double_v1_rom_shim.S.obj
LOAD CMakeFiles/fx702p_ram_trace.dir/tree/downloaded_tools/pico/pico-sdk/src/rp2_common/pico_int64_ops/pico_int64_ops_aeabi.S.obj
LOAD CMakeFiles/fx702p_ram_trace.dir/tree/downloaded_tools/pico/pico-sdk/src/rp2_common/pico_float/float_aeabi.S.obj
LOAD CMakeFiles/fx702p_ram_trace.dir/tree/downloaded_tools/pico/pico-sdk/src/rp2_common/pico_float/float_init_rom.c.obj
LOAD CMakeFiles/fx702p_ram_trace.dir/tree/downloaded_tools/pico/pico-sdk/src/rp2_common/pico_float/float_math.c.obj
LOAD CMakeFiles/fx702p_ram_trace.dir/tree/downloaded_tools/pico/pico-sdk/src/rp2_common/pico_float/float_v1_rom_shim.S.obj
LOAD CMakeFiles/fx702p_ram_trace.dir/tree/downloaded_tools/pico/pico-sdk/src/rp2_common/pico_malloc/pico_malloc.c.obj
LOAD CMakeFiles/fx702p_ram_trace.dir/tree/downloaded_tools/pico/pico-sdk/src/rp2_common/pico_mem_ops/mem_ops_aeabi.S.obj
LOAD CMakeFiles/fx702p_ram_trace.dir/tree/downloaded_tools/pico/pico-sdk/src/rp2_common/pico_standard_link/crt0.S.obj
LOAD CMakeFiles/fx702p_ram_trace.dir/tree/downloaded_tools/pico/pico-sdk/src/rp2_common/pico_standard_link/new_delete.cpp.obj
LOAD CMakeFiles/fx702p_ram_trace.dir/tree/downloaded_tools/pico/pico-sdk/src/rp2_common/pico_standard_link/binary_info.c.obj
LOAD CMakeFiles/fx702p_ram_trace.dir/tree/downloaded_tools/pico/pico-sdk/src/rp2_common/pico_stdio/stdio.c.obj
LOAD CMakeFiles/fx702p_ram_trace.dir/tree/downloaded_tools/pico/pico-sdk/src/rp2_common/pico_stdio_uart/stdio_uart.c.obj
LOAD CMakeFiles/fx702p_ram_trace.dir/tree/downloaded_tools/pico/pico-sdk/src/rp2_common/pico_stdio_usb/reset_interface.c.obj
LOAD CMakeFiles/fx702p_ram_trace.dir/tree/downloaded_tools/pico/pico-sdk/src/rp2_common/pico_stdio_usb/stdio_usb.c.obj
LOAD CMakeFiles/fx702p_ram_trace.dir/tree/downloaded_tools/pico/pico-sdk/src/rp2_common/pico_stdio_usb/stdio_usb_descriptors.c.obj
LOAD CMakeFiles/fx702p_ram_trace.dir/tree/downloaded_tools/pico/pico-sdk/lib/tinyusb/src/portable/raspberrypi/rp2040/dcd_rp2040.c.obj
LOAD CMakeFiles/fx702p_ram_trace.dir/tree/downloaded_tools/pico/pico-sdk/lib/tinyusb/src/portable/raspberrypi/rp2040/rp2040_usb.c.obj
LOAD CMakeFiles/fx702p_ram_trace.dir/tree/downloaded_tools/pico/pico-sdk/lib/tinyusb/src/device/usbd.c.obj
LOAD CMakeFiles/fx702p_ram_trace.dir/tree/downloaded_tools/pico/pico-sdk/lib/tinyusb/src/device/usbd_control.c.obj
LOAD CMakeFiles/fx702p_ram_trace.dir/tree/downloaded_tools/pico/pico-sdk/lib/tinyusb/src/class/audio/audio_device.c.obj
LOAD CMakeFiles/fx702p_ram_trace.dir/tree/downloaded_tools/pico/pico-sdk/lib/tinyusb/src/class/cdc/cdc_device.c.obj
LOAD CMakeFiles/fx702p_ram_trace.dir/tree/downloaded_tools/pico/pico-sdk/lib/tinyusb/src/class/dfu/dfu_device.c.obj
LOAD CMakeFiles/fx702p_ram_trace.dir/tree/downloaded_tools/pico/pico-sdk/lib/tinyusb/src/class/dfu/dfu_rt_device.c.obj
LOAD CMakeFiles/fx702p_ram_trace.dir/tree/downloaded_tools/pico/pico-sdk/lib/tinyusb/src/class/hid/hid_device.c.obj
LOAD CMakeFiles/fx702p_ram_trace.dir/tree/downloaded_tools/pico/pico-sdk/lib/tinyusb/src/class/midi/midi_device.c.obj
LOAD CMakeFiles/fx702p_ram_trace.dir/tree/downloaded_tools/pico/pico-sdk/lib/tinyusb/src/class/msc/msc_device.c.obj
LOAD CMakeFiles/fx702p_ram_trace.dir/tree/downloaded_tools/pico/pico-sdk/lib/tinyusb/src/class/net/ecm_rndis_device.c.obj
LOAD CMakeFiles/fx702p_ram_trace.dir/tree/downloaded_tools/pico/pico-sdk/lib/tinyusb/src/class/net/ncm_device.c.obj
LOAD CMakeFiles/fx702p_ram_trace.dir/tree/downloaded_tools/pico/pico-sdk/lib/tinyusb/src/class/usbtmc/usbtmc_device.c.obj
LOAD CMakeFiles/fx702p_ram_trace.dir/tree/downloaded_tools/pico/pico-sdk/lib/tinyusb/src/class/vendor/vendor_device.c.obj
LOAD CMakeFiles/fx702p_ram_trace.dir/tree/downloaded_tools/pico/pico-sdk/lib/tinyusb/src/class/video/video_device.c.obj
LOAD CMakeFiles/fx702p_ram_trace.dir/tree/downloaded_tools/pico/pico-sdk/lib/tinyusb/src/tusb.c.obj
LOAD CMakeFiles/fx702p_ram_trace.dir/tree/downloaded_tools/pico/pico-sdk/lib/tinyusb/src/common/tusb_fifo.c.obj
LOAD CMakeFiles/fx702p_ram_trace.dir/tree/downloaded_tools/pico/pico-sdk/src/rp2_common/pico_fix/rp2040_usb_device_enumeration/rp2040_usb_device_enumeration.c.obj
LOAD CMakeFiles/fx702p_ram_trace.dir/tree/downloaded_tools/pico/pico-sdk/src/rp2_common/pico_unique_id/unique_id.c.obj
LOAD CMakeFiles/fx702p_ram_trace.dir/tree/downloaded_tools/pico/pico-sdk/src/rp2_common/hardware_flash/flash.c.obj
LOAD CMakeFiles/fx702p_ram_trace.dir/tree/downloaded_tools/pico/pico-sdk/src/rp2_common/hardware_pio/pio.c.obj
LOAD CMakeFiles/fx702p_ram_trace.dir/tree/downloaded_tools/pico/pico-sdk/src/rp2_common/hardware_adc/adc.c.obj
LOAD CMakeFiles/fx702p_ram_trace.dir/tree/downloaded_tools/pico/pico-extras/src/rp2_common/pico_sd_card/sd_card.c.obj
LOAD CMakeFiles/fx702p_ram_trace.dir/tree/downloaded_tools/pico/pico-sdk/src/rp2_common/hardware_dma/dma.c.obj
LOAD CMakeFiles/fx702p_ram_trace.dir/tree/downloaded_tools/pico/pico-sdk/src/rp2_common/pico_multicore/multicore.c.obj
LOAD CMakeFiles/fx702p_ram_trace.dir/tree/downloaded_tools/pico/ajm-no-OS-FatFS-SD-SPI-RPi-Pico/FatFs_SPI/ff14a/source/ffsystem.c.obj