Archive member included to satisfy reference by file (symbol)

/usr/lib/gcc/arm-none-eabi/9.2.1/thumb/v6-m/nofp/libgcc.a(_dvmd_tls.o)
                              CMakeFiles/fx702p_seven_pin_trace.dir/tree/downloaded_tools/pico/pico-sdk/src/rp2_common/pico_divider/divider.S.obj (__aeabi_idiv0)
/usr/lib/gcc/arm-none-eabi/9.2.1/../../../arm-none-eabi/lib/thumb/v6-m/nofp/libc.a(lib_a-atexit.o)
                              /usr/lib/gcc/arm-none-eabi/9.2.1/../../../arm-none-eabi/lib/thumb/v6-m/nofp/crt0.o (atexit)
/usr/lib/gcc/arm-none-eabi/9.2.1/../../../arm-none-eabi/lib/thumb/v6-m/nofp/libc.a(lib_a-calloc.o)
                              CMakeFiles/fx702p_seven_pin_trace.dir/tree/downloaded_tools/pico/pico-sdk/src/rp2_common/pico_malloc/pico_malloc.c.obj (calloc)
/usr/lib/gcc/arm-none-eabi/9.2.1/../../../arm-none-eabi/lib/thumb/v6-m/nofp/libc.a(lib_a-callocr.o)
                              /usr/lib/gcc/arm-none-eabi/9.2.1/../../../arm-none-eabi/lib/thumb/v6-m/nofp/libc.a(lib_a-calloc.o) (_calloc_r)
/usr/lib/gcc/arm-none-eabi/9.2.1/../../../arm-none-eabi/lib/thumb/v6-m/nofp/libc.a(lib_a-errno.o)
                              CMakeFiles/fx702p_seven_pin_trace.dir/tree/downloaded_tools/pico/ajm-no-OS-FatFS-SD-SPI-RPi-Pico/FatFs_SPI/src/ff_stdio.c.obj (__errno)
/usr/lib/gcc/arm-none-eabi/9.2.1/../../../arm-none-eabi/lib/thumb/v6-m/nofp/libc.a(lib_a-fflush.o)
                              CMakeFiles/fx702p_seven_pin_trace.dir/tree/downloaded_tools/pico/ajm-no-OS-FatFS-SD-SPI-RPi-Pico/FatFs_SPI/sd_driver/demo_logging.c.obj (fflush)
/usr/lib/gcc/arm-none-eabi/9.2.1/../../../arm-none-eabi/lib/thumb/v6-m/nofp/libc.a(lib_a-findfp.o)
                              /usr/lib/gcc/arm-none-eabi/9.2.1/../../../arm-none-eabi/lib/thumb/v6-m/nofp/libc.a(lib_a-fflush.o) (__sinit)
/usr/lib/gcc/arm-none-eabi/9.2.1/../../../arm-none-eabi/lib/thumb/v6-m/nofp/libc.a(lib_a-fini.o)
                              /usr/lib/gcc/arm-none-eabi/9.2.1/../../../arm-none-eabi/lib/thumb/v6-m/nofp/crt0.o (__libc_fini_array)
/usr/lib/gcc/arm-none-eabi/9.2.1/../../../arm-none-eabi/lib/thumb/v6-m/nofp/libc.a(lib_a-freer.o)
                              /usr/lib/gcc/arm-none-eabi/9.2.1/../../../arm-none-eabi/lib/thumb/v6-m/nofp/libc.a(lib_a-fflush.o) (_free_r)
/usr/lib/gcc/arm-none-eabi/9.2.1/../../../arm-none-eabi/lib/thumb/v6-m/nofp/libc.a(lib_a-fwalk.o)
                              /usr/lib/gcc/arm-none-eabi/9.2.1/../../../arm-none-eabi/lib/thumb/v6-m/nofp/libc.a(lib_a-findfp.o) (_fwalk)
/usr/lib/gcc/arm-none-eabi/9.2.1/../../../arm-none-eabi/lib/thumb/v6-m/nofp/libc.a(lib_a-impure.o)
                              /usr/lib/gcc/arm-none-eabi/9.2.1/../../../arm-none-eabi/lib/thumb/v6-m/nofp/libc.a(lib_a-fflush.o) (_global_impure_ptr)
/usr/lib/gcc/arm-none-eabi/9.2.1/../../../arm-none-eabi/lib/thumb/v6-m/nofp/libc.a(lib_a-init.o)
                              /usr/lib/gcc/arm-none-eabi/9.2.1/../../../arm-none-eabi/lib/thumb/v6-m/nofp/crt0.o (__libc_init_array)
/usr/lib/gcc/arm-none-eabi/9.2.1/../../../arm-none-eabi/lib/thumb/v6-m/nofp/libc.a(lib_a-malloc.o)
                              CMakeFiles/fx702p_seven_pin_trace.dir/tree/downloaded_tools/pico/pico-sdk/src/rp2_common/pico_malloc/pico_malloc.c.obj (malloc)
/usr/lib/gcc/arm-none-eabi/9.2.1/../../../arm-none-eabi/lib/thumb/v6-m/nofp/libc.a(lib_a-mallocr.o)
                              /usr/lib/gcc/arm-none-eabi/9.2.1/../../../arm-none-eabi/lib/thumb/v6-m/nofp/libc.a(lib_a-callocr.o) (_malloc_r)
/usr/lib/gcc/arm-none-eabi/9.2.1/../../../arm-none-eabi/lib/thumb/v6-m/nofp/libc.a(lib_a-mktime.o)
                              CMakeFiles/fx702p_seven_pin_trace.dir/tree/downloaded_tools/pico/ajm-no-OS-FatFS-SD-SPI-RPi-Pico/FatFs_SPI/src/rtc.c.obj (mktime)
/usr/lib/gcc/arm-none-eabi/9.2.1/../../../arm-none-eabi/lib/thumb/v6-m/nofp/libc.a(lib_a-mlock.o)
                              /usr/lib/gcc/arm-none-eabi/9.2.1/../../../arm-none-eabi/lib/thumb/v6-m/nofp/libc.a(lib_a-freer.o) (__malloc_lock)
/usr/lib/gcc/arm-none-eabi/9.2.1/../../../arm-none-eabi/lib/thumb/v6-m/nofp/libc.a(lib_a-realloc.o)
                              CMakeFiles/fx702p_seven_pin_trace.dir/tree/downloaded_tools/pico/pico-sdk/src/rp2_common/pico_malloc/pico_malloc.c.obj (realloc)
/usr/lib/gcc/arm-none-eabi/9.2.1/../../../arm-none-eabi/lib/thumb/v6-m/nofp/libc.a(lib_a-reallocr.o)
                              /usr/lib/gcc/arm-none-eabi/9.2.1/../../../arm-none-eabi/lib/thumb/v6-m/nofp/libc.a(lib_a-realloc.o) (_realloc_r)
/usr/lib/gcc/arm-none-eabi/9.2.1/../../../arm-none-eabi/lib/thumb/v6-m/nofp/libc.a(lib_a-sbrkr.o)
                              /usr/lib/gcc/arm-none-eabi/9.2.1/../../../arm-none-eabi/lib/thumb/v6-m/nofp/libc.a(lib_a-freer.o) (_sbrk_r)
/usr/lib/gcc/arm-none-eabi/9.2.1/../../../arm-none-eabi/lib/thumb/v6-m/nofp/libc.a(lib_a-stdio.o)
                              /usr/lib/gcc/arm-none-eabi/9.2.1/../../../arm-none-eabi/lib/thumb/v6-m/nofp/libc.a(lib_a-findfp.o) (__sread)
[...]
Memory Configuration

Name             Origin             Length             Attributes
FLASH            0x0000000010000000 0x0000000000200000 xr
RAM              0x0000000020000000 0x0000000000040000 xrw
SCRATCH_X        0x0000000020040000 0x0000000000001000 xrw
SCRATCH_Y        0x0000000020041000 0x0000000000001000 xrw
*default*        0x0000000000000000 0xffffffffffffffff

Linker script and memory map

LOAD /usr/lib/gcc/arm-none-eabi/9.2.1/thumb/v6-m/nofp/crti.o
LOAD /usr/lib/gcc/arm-none-eabi/9.2.1/thumb/v6-m/nofp/crtbegin.o
LOAD /usr/lib/gcc/arm-none-eabi/9.2.1/../../../arm-none-eabi/lib/thumb/v6-m/nofp/crt0.o

.flash_begin    0x0000000010000000        0x0
                0x0000000010000000                __flash_binary_start = .

.boot2          0x0000000010000000      0x100
                0x0000000010000000                __boot2_start__ = .
 *(.boot2)
 .boot2         0x0000000010000000      0x100 /tmp/ccWa9IOU.o
                0x0000000010000100                __boot2_end__ = .
                0x0000000000000001                ASSERT (((__boot2_end__ - __boot2_start__) == 0x100), ERROR: Pico second stage bootloader must be 256 bytes in size)

.flashtext      0x0000000010000100      0x1e0
                0x0000000010000100                __logical_binary_start = .
 *(.vectors)
 .vectors       0x0000000010000100       0xd4 CMakeFiles/fx702p_seven_pin_trace.dir/tree/downloaded_tools/pico/pico-sdk/src/rp2_common/pico_standard_link/crt0.S.obj
                0x0000000010000100                __vectors
                0x0000000010000100                __VECTOR_TABLE
                0x00000000100001c0                isr_invalid
                0x00000000100001c0                __default_isrs_start
                0x00000000100001c2                isr_nmi
                0x00000000100001c4                isr_hardfault
                0x00000000100001c6                isr_svcall
                0x00000000100001c8                isr_pendsv
                0x00000000100001ca                isr_systick
                0x00000000100001cc                isr_irq30
                0x00000000100001cc                __unhandled_user_irq
                0x00000000100001cc                isr_irq13
                0x00000000100001cc                isr_irq27
                0x00000000100001cc                isr_irq31
                0x00000000100001cc                isr_irq5
                0x00000000100001cc                isr_irq11
                0x00000000100001cc                isr_irq23
                0x00000000100001cc                isr_irq18
                0x00000000100001cc                isr_irq28
                0x00000000100001cc                isr_irq19
                0x00000000100001cc                isr_irq0
                0x00000000100001cc                isr_irq6
                0x00000000100001cc                isr_irq22
                0x00000000100001cc                isr_irq17
                0x00000000100001cc                isr_irq14
                0x00000000100001cc                isr_irq2
                0x00000000100001cc                isr_irq10
                0x00000000100001cc                isr_irq8
                0x00000000100001cc                isr_irq24
                0x00000000100001cc                isr_irq1
                0x00000000100001cc                isr_irq7
                0x00000000100001cc                isr_irq21
                0x00000000100001cc                isr_irq20
                0x00000000100001cc                isr_irq15
                0x00000000100001cc                isr_irq25
                0x00000000100001cc                isr_irq4
                0x00000000100001cc                isr_irq16
                0x00000000100001cc                isr_irq29
                0x00000000100001cc                isr_irq26
                0x00000000100001cc                __default_isrs_end
                0x00000000100001cc                isr_irq3
                0x00000000100001cc                isr_irq12
                0x00000000100001cc                isr_irq9
                0x00000000100001d2                unhandled_user_irq_num_in_r0
 *(.binary_info_header)
 .binary_info_header
                0x00000000100001d4       0x14 CMakeFiles/fx702p_seven_pin_trace.dir/tree/downloaded_tools/pico/pico-sdk/src/rp2_common/pico_standard_link/crt0.S.obj
                0x00000000100001e8                __binary_info_header_end = .
 *(.reset)
 .reset         0x00000000100001e8       0xb4 CMakeFiles/fx702p_seven_pin_trace.dir/tree/downloaded_tools/pico/pico-sdk/src/rp2_common/pico_standard_link/crt0.S.obj
                0x00000000100001e8                _entry_point
                0x0000000010000272                __get_current_exception
 *fill*         0x000000001000029c        0x4 
 .reset.__stub  0x00000000100002a0       0x10 linker stubs
 .reset         0x00000000100002b0       0x30 CMakeFiles/fx702p_seven_pin_trace.dir/tree/downloaded_tools/pico/pico-sdk/src/rp2_common/pico_standard_link/binary_info.c.obj

.rodata         0x00000000100002e0        0x0
 *(SORT_BY_ALIGNMENT(SORT_BY_NAME(.flashdata*)))
                0x00000000100002e0                . = ALIGN (0x4)

.ARM.extab
 *(.ARM.extab* .gnu.linkonce.armextab.*)
                0x00000000100002e0                __exidx_start = .

.ARM.exidx
 *(.ARM.exidx* .gnu.linkonce.armexidx.*)
                0x00000000100002e0                __exidx_end = .
                0x00000000100002e0                . = ALIGN (0x4)
                0x00000000100002e0                __binary_info_start = .

.binary_info    0x00000000100002e0       0x24
 *(.binary_info.keep.*)
 .binary_info.keep.__bi_ptr22
                0x00000000100002e0        0x4 CMakeFiles/fx702p_seven_pin_trace.dir/tree/downloaded_tools/pico/pico-sdk/src/rp2_common/pico_standard_link/binary_info.c.obj
 .binary_info.keep.__bi_ptr30
                0x00000000100002e4        0x4 CMakeFiles/fx702p_seven_pin_trace.dir/tree/downloaded_tools/pico/pico-sdk/src/rp2_common/pico_standard_link/binary_info.c.obj
 .binary_info.keep.__bi_ptr38
                0x00000000100002e8        0x4 CMakeFiles/fx702p_seven_pin_trace.dir/tree/downloaded_tools/pico/pico-sdk/src/rp2_common/pico_standard_link/binary_info.c.obj
 .binary_info.keep.__bi_ptr44
                0x00000000100002ec        0x4 CMakeFiles/fx702p_seven_pin_trace.dir/tree/downloaded_tools/pico/pico-sdk/src/rp2_common/pico_standard_link/binary_info.c.obj
 .binary_info.keep.__bi_ptr50
                0x00000000100002f0        0x4 CMakeFiles/fx702p_seven_pin_trace.dir/tree/downloaded_tools/pico/pico-sdk/src/rp2_common/pico_standard_link/binary_info.c.obj
 .binary_info.keep.__bi_ptr56
                0x00000000100002f4        0x4 CMakeFiles/fx702p_seven_pin_trace.dir/tree/downloaded_tools/pico/pico-sdk/src/rp2_common/pico_standard_link/binary_info.c.obj
 .binary_info.keep.__bi_ptr75
                0x00000000100002f8        0x4 CMakeFiles/fx702p_seven_pin_trace.dir/tree/downloaded_tools/pico/pico-sdk/src/rp2_common/pico_standard_link/binary_info.c.obj
 .binary_info.keep.__bi_ptr81
                0x00000000100002fc        0x4 CMakeFiles/fx702p_seven_pin_trace.dir/tree/downloaded_tools/pico/pico-sdk/src/rp2_common/pico_standard_link/binary_info.c.obj
 *(.binary_info.*)
 .binary_info.__bi_ptr118
                0x0000000010000300        0x4 CMakeFiles/fx702p_seven_pin_trace.dir/tree/downloaded_tools/pico/pico-sdk/src/rp2_common/pico_stdio_usb/stdio_usb.c.obj
                0x0000000010000304                __binary_info_end = .
                0x0000000010000304                . = ALIGN (0x4)

.ram_vector_table
                0x0000000020000000       0xc0
 *(.ram_vector_table)
 .ram_vector_table
                0x0000000020000000       0xc0 CMakeFiles/fx702p_seven_pin_trace.dir/tree/downloaded_tools/pico/pico-sdk/src/rp2_common/pico_runtime/runtime.c.obj
                0x0000000020000000                ram_vector_table

.text           0x00000000200000c0     0x7aa0 load address 0x0000000010000304
                0x00000000200000c0                __ram_text_start__ = .
 *(.init)
 .init          0x00000000200000c0        0x4 /usr/lib/gcc/arm-none-eabi/9.2.1/thumb/v6-m/nofp/crti.o
                0x00000000200000c0                _init
 *(.text*)
 .text          0x00000000200000c4       0x98 /usr/lib/gcc/arm-none-eabi/9.2.1/thumb/v6-m/nofp/crtbegin.o
 .text.cli_start_trace
                0x000000002000015c       0x18 CMakeFiles/fx702p_seven_pin_trace.dir/fx702p_seven_pin_trace.c.obj
                0x000000002000015c                cli_start_trace
 .text.cli_gpio_grab
                0x0000000020000174       0x24 CMakeFiles/fx702p_seven_pin_trace.dir/fx702p_seven_pin_trace.c.obj
                0x0000000020000174                cli_gpio_grab
 .text.cli_digit
                0x0000000020000198       0x20 CMakeFiles/fx702p_seven_pin_trace.dir/fx702p_seven_pin_trace.c.obj
                0x0000000020000198                cli_digit
 .text.cli_zero_parameter
                0x00000000200001b8        0xc CMakeFiles/fx702p_seven_pin_trace.dir/fx702p_seven_pin_trace.c.obj
                0x00000000200001b8                cli_zero_parameter
 .text.cli_set_address
                0x00000000200001c4       0x14 CMakeFiles/fx702p_seven_pin_trace.dir/fx702p_seven_pin_trace.c.obj
                0x00000000200001c4                cli_set_address
 .text.connector_trace
                0x00000000200001d8      0x130 CMakeFiles/fx702p_seven_pin_trace.dir/fx702p_seven_pin_trace.c.obj
                0x00000000200001d8                connector_trace
 .text.cli_display_trace
                0x0000000020000308       0x94 CMakeFiles/fx702p_seven_pin_trace.dir/fx702p_seven_pin_trace.c.obj
                0x0000000020000308                cli_display_trace
 .text.cli_dump_gpio_grab
                0x000000002000039c       0x60 CMakeFiles/fx702p_seven_pin_trace.dir/fx702p_seven_pin_trace.c.obj
                0x000000002000039c                cli_dump_gpio_grab
 .text.serial_help
                0x00000000200003fc       0x3c CMakeFiles/fx702p_seven_pin_trace.dir/fx702p_seven_pin_trace.c.obj
                0x00000000200003fc                serial_help
 .text.cli_follow
                0x0000000020000438      0x13c CMakeFiles/fx702p_seven_pin_trace.dir/fx702p_seven_pin_trace.c.obj
                0x0000000020000438                cli_follow
 .text.cli_boot_mass
                0x0000000020000574       0x14 CMakeFiles/fx702p_seven_pin_trace.dir/fx702p_seven_pin_trace.c.obj
                0x0000000020000574                cli_boot_mass
 .text.cli_count_ce_edges
                0x0000000020000588       0x9c CMakeFiles/fx702p_seven_pin_trace.dir/fx702p_seven_pin_trace.c.obj
                0x0000000020000588                cli_count_ce_edges
 .text.startup.main
                0x0000000020000624      0x164 CMakeFiles/fx702p_seven_pin_trace.dir/fx702p_seven_pin_trace.c.obj
                0x0000000020000624                main
 .text.set_sys_clock_pll
                0x0000000020000788       0x78 CMakeFiles/fx702p_seven_pin_trace.dir/tree/downloaded_tools/pico/pico-sdk/src/rp2_common/pico_stdlib/stdlib.c.obj
                0x0000000020000788                set_sys_clock_pll
 .text.check_sys_clock_khz
                0x0000000020000800      0x16c CMakeFiles/fx702p_seven_pin_trace.dir/tree/downloaded_tools/pico/pico-sdk/src/rp2_common/pico_stdlib/stdlib.c.obj
                0x0000000020000800                check_sys_clock_khz
 .text.gpio_init
                0x000000002000096c       0x3c CMakeFiles/fx702p_seven_pin_trace.dir/tree/downloaded_tools/pico/pico-sdk/src/rp2_common/hardware_gpio/gpio.c.obj
                0x000000002000096c                gpio_init
 .text.hw_claim_or_assert
                0x00000000200009a8       0x48 CMakeFiles/fx702p_seven_pin_trace.dir/tree/downloaded_tools/pico/pico-sdk/src/rp2_common/hardware_claim/claim.c.obj
                0x00000000200009a8                hw_claim_or_assert
 .text.hw_claim_unused_from_range
                0x00000000200009f0       0x9c CMakeFiles/fx702p_seven_pin_trace.dir/tree/downloaded_tools/pico/pico-sdk/src/rp2_common/hardware_claim/claim.c.obj
                0x00000000200009f0                hw_claim_unused_from_range
 .text.running_on_fpga
                0x0000000020000a8c       0x10 CMakeFiles/fx702p_seven_pin_trace.dir/tree/downloaded_tools/pico/pico-sdk/src/rp2_common/pico_platform/platform.c.obj
                0x0000000020000a8c                running_on_fpga
 .text.spin_locks_reset
                0x0000000020000a9c       0x1c CMakeFiles/fx702p_seven_pin_trace.dir/tree/downloaded_tools/pico/pico-sdk/src/rp2_common/hardware_sync/sync.c.obj
                0x0000000020000a9c                spin_locks_reset
 .text.next_striped_spin_lock_num
                0x0000000020000ab8       0x18 CMakeFiles/fx702p_seven_pin_trace.dir/tree/downloaded_tools/pico/pico-sdk/src/rp2_common/hardware_sync/sync.c.obj
                0x0000000020000ab8                next_striped_spin_lock_num
 .text.spin_lock_claim_unused
                0x0000000020000ad0       0x20 CMakeFiles/fx702p_seven_pin_trace.dir/tree/downloaded_tools/pico/pico-sdk/src/rp2_common/hardware_sync/sync.c.obj
                0x0000000020000ad0                spin_lock_claim_unused
 .text.irq_set_enabled
                0x0000000020000af0       0x24 CMakeFiles/fx702p_seven_pin_trace.dir/tree/downloaded_tools/pico/pico-sdk/src/rp2_common/hardware_irq/irq.c.obj
                0x0000000020000af0                irq_set_enabled
 .text.irq_is_enabled
                0x0000000020000b14       0x18 CMakeFiles/fx702p_seven_pin_trace.dir/tree/downloaded_tools/pico/pico-sdk/src/rp2_common/hardware_irq/irq.c.obj
                0x0000000020000b14                irq_is_enabled
 .text.irq_set_mask_enabled
                0x0000000020000b2c       0x20 CMakeFiles/fx702p_seven_pin_trace.dir/tree/downloaded_tools/pico/pico-sdk/src/rp2_common/hardware_irq/irq.c.obj
                0x0000000020000b2c                irq_set_mask_enabled
 .text.irq_set_pending
                0x0000000020000b4c       0x10 CMakeFiles/fx702p_seven_pin_trace.dir/tree/downloaded_tools/pico/pico-sdk/src/rp2_common/hardware_irq/irq.c.obj
                0x0000000020000b4c                irq_set_pending
 .text.irq_has_shared_handler
                0x0000000020000b5c       0x2c CMakeFiles/fx702p_seven_pin_trace.dir/tree/downloaded_tools/pico/pico-sdk/src/rp2_common/hardware_irq/irq.c.obj
                0x0000000020000b5c                irq_has_shared_handler
 .text.irq_get_vtable_handler
                0x0000000020000b88       0x10 CMakeFiles/fx702p_seven_pin_trace.dir/tree/downloaded_tools/pico/pico-sdk/src/rp2_common/hardware_irq/irq.c.obj
                0x0000000020000b88                irq_get_vtable_handler
 .text.irq_set_exclusive_handler
                0x0000000020000b98       0x54 CMakeFiles/fx702p_seven_pin_trace.dir/tree/downloaded_tools/pico/pico-sdk/src/rp2_common/hardware_irq/irq.c.obj
                0x0000000020000b98                irq_set_exclusive_handler
 .text.irq_add_shared_handler
                0x0000000020000bec      0x1c0 CMakeFiles/fx702p_seven_pin_trace.dir/tree/downloaded_tools/pico/pico-sdk/src/rp2_common/hardware_irq/irq.c.obj
                0x0000000020000bec                irq_add_shared_handler
 .text.irq_remove_handler
                0x0000000020000dac      0x1b4 CMakeFiles/fx702p_seven_pin_trace.dir/tree/downloaded_tools/pico/pico-sdk/src/rp2_common/hardware_irq/irq.c.obj
                0x0000000020000dac                irq_remove_handler
 .text.irq_add_tail_to_free_list
                0x0000000020000f60       0xb8 CMakeFiles/fx702p_seven_pin_trace.dir/tree/downloaded_tools/pico/pico-sdk/src/rp2_common/hardware_irq/irq.c.obj
                0x0000000020000f60                irq_add_tail_to_free_list
 .text.irq_init_priorities
                0x0000000020001018       0x24 CMakeFiles/fx702p_seven_pin_trace.dir/tree/downloaded_tools/pico/pico-sdk/src/rp2_common/hardware_irq/irq.c.obj
                0x0000000020001018                irq_init_priorities
 .text.user_irq_claim_unused
                0x000000002000103c       0x30 CMakeFiles/fx702p_seven_pin_trace.dir/tree/downloaded_tools/pico/pico-sdk/src/rp2_common/hardware_irq/irq.c.obj
                0x000000002000103c                user_irq_claim_unused
 .text.lock_init
                0x000000002000106c       0x10 CMakeFiles/fx702p_seven_pin_trace.dir/tree/downloaded_tools/pico/pico-sdk/src/common/pico_sync/lock_core.c.obj
                0x000000002000106c                lock_init
 .text.timer_pool_entry_comparator
                0x000000002000107c       0x34 CMakeFiles/fx702p_seven_pin_trace.dir/tree/downloaded_tools/pico/pico-sdk/src/common/pico_time/time.c.obj
                0x000000002000107c                timer_pool_entry_comparator
 .text.sleep_until_callback
                0x00000000200010b0       0x30 CMakeFiles/fx702p_seven_pin_trace.dir/tree/downloaded_tools/pico/pico-sdk/src/common/pico_time/time.c.obj
 .text.alarm_pool_add_alarm_at.constprop.0
                0x00000000200010e0      0x128 CMakeFiles/fx702p_seven_pin_trace.dir/tree/downloaded_tools/pico/pico-sdk/src/common/pico_time/time.c.obj
 .text.add_alarm_under_lock
                0x0000000020001208      0x108 CMakeFiles/fx702p_seven_pin_trace.dir/tree/downloaded_tools/pico/pico-sdk/src/common/pico_time/time.c.obj
 .text.alarm_pool_alarm_callback
                0x0000000020001310      0x1c8 CMakeFiles/fx702p_seven_pin_trace.dir/tree/downloaded_tools/pico/pico-sdk/src/common/pico_time/time.c.obj
 .text.alarm_pool_init_default
                0x00000000200014d8       0x64 CMakeFiles/fx702p_seven_pin_trace.dir/tree/downloaded_tools/pico/pico-sdk/src/common/pico_time/time.c.obj
                0x00000000200014d8                alarm_pool_init_default
 .text.alarm_pool_get_default
                0x000000002000153c        0x8 CMakeFiles/fx702p_seven_pin_trace.dir/tree/downloaded_tools/pico/pico-sdk/src/common/pico_time/time.c.obj
                0x000000002000153c                alarm_pool_get_default
 .text.alarm_pool_add_alarm_at
                0x0000000020001544      0x1ac CMakeFiles/fx702p_seven_pin_trace.dir/tree/downloaded_tools/pico/pico-sdk/src/common/pico_time/time.c.obj
                0x0000000020001544                alarm_pool_add_alarm_at
 .text.sleep_until
                0x00000000200016f0       0xac CMakeFiles/fx702p_seven_pin_trace.dir/tree/downloaded_tools/pico/pico-sdk/src/common/pico_time/time.c.obj
                0x00000000200016f0                sleep_until
 .text.sleep_us
                0x000000002000179c       0x30 CMakeFiles/fx702p_seven_pin_trace.dir/tree/downloaded_tools/pico/pico-sdk/src/common/pico_time/time.c.obj
                0x000000002000179c                sleep_us
 .text.sleep_ms
                0x00000000200017cc       0x38 CMakeFiles/fx702p_seven_pin_trace.dir/tree/downloaded_tools/pico/pico-sdk/src/common/pico_time/time.c.obj
                0x00000000200017cc                sleep_ms
 .text.best_effort_wfe_or_timeout
                0x0000000020001804       0xd4 CMakeFiles/fx702p_seven_pin_trace.dir/tree/downloaded_tools/pico/pico-sdk/src/common/pico_time/time.c.obj
                0x0000000020001804                best_effort_wfe_or_timeout
 .text.hardware_alarm_irq_handler
                0x00000000200018d8       0xb8 CMakeFiles/fx702p_seven_pin_trace.dir/tree/downloaded_tools/pico/pico-sdk/src/rp2_common/hardware_timer/timer.c.obj
 .text.hardware_alarm_claim
                0x0000000020001990       0x18 CMakeFiles/fx702p_seven_pin_trace.dir/tree/downloaded_tools/pico/pico-sdk/src/rp2_common/hardware_timer/timer.c.obj
                0x0000000020001990                hardware_alarm_claim
 .text.time_us_64
                0x00000000200019a8       0x14 CMakeFiles/fx702p_seven_pin_trace.dir/tree/downloaded_tools/pico/pico-sdk/src/rp2_common/hardware_timer/timer.c.obj
                0x00000000200019a8                time_us_64
 .text.busy_wait_us
                0x00000000200019bc       0x54 CMakeFiles/fx702p_seven_pin_trace.dir/tree/downloaded_tools/pico/pico-sdk/src/rp2_common/hardware_timer/timer.c.obj
                0x00000000200019bc                busy_wait_us
 .text.busy_wait_until
                0x0000000020001a10       0x20 CMakeFiles/fx702p_seven_pin_trace.dir/tree/downloaded_tools/pico/pico-sdk/src/rp2_common/hardware_timer/timer.c.obj
                0x0000000020001a10                busy_wait_until
 .text.hardware_alarm_set_callback
                0x0000000020001a30       0x8c CMakeFiles/fx702p_seven_pin_trace.dir/tree/downloaded_tools/pico/pico-sdk/src/rp2_common/hardware_timer/timer.c.obj
                0x0000000020001a30                hardware_alarm_set_callback
 .text.hardware_alarm_set_target
                0x0000000020001abc       0xe4 CMakeFiles/fx702p_seven_pin_trace.dir/tree/downloaded_tools/pico/pico-sdk/src/rp2_common/hardware_timer/timer.c.obj
                0x0000000020001abc                hardware_alarm_set_target
 .text.hardware_alarm_cancel
                0x0000000020001ba0       0x40 CMakeFiles/fx702p_seven_pin_trace.dir/tree/downloaded_tools/pico/pico-sdk/src/rp2_common/hardware_timer/timer.c.obj
                0x0000000020001ba0                hardware_alarm_cancel
 .text.ph_merge_nodes
                0x0000000020001be0       0x68 CMakeFiles/fx702p_seven_pin_trace.dir/tree/downloaded_tools/pico/pico-sdk/src/common/pico_util/pheap.c.obj
 .text.ph_post_alloc_init
                0x0000000020001c48       0x3c CMakeFiles/fx702p_seven_pin_trace.dir/tree/downloaded_tools/pico/pico-sdk/src/common/pico_util/pheap.c.obj
                0x0000000020001c48                ph_post_alloc_init
 .text.ph_merge_two_pass
                0x0000000020001c84       0x90 CMakeFiles/fx702p_seven_pin_trace.dir/tree/downloaded_tools/pico/pico-sdk/src/common/pico_util/pheap.c.obj
                0x0000000020001c84                ph_merge_two_pass
 .text.ph_remove_any_head
                0x0000000020001d14       0xf8 CMakeFiles/fx702p_seven_pin_trace.dir/tree/downloaded_tools/pico/pico-sdk/src/common/pico_util/pheap.c.obj
 .text.ph_remove_head
                0x0000000020001e0c      0x13c CMakeFiles/fx702p_seven_pin_trace.dir/tree/downloaded_tools/pico/pico-sdk/src/common/pico_util/pheap.c.obj
                0x0000000020001e0c                ph_remove_head
 .text.ph_remove_and_free_node
                0x0000000020001f48       0x7c CMakeFiles/fx702p_seven_pin_trace.dir/tree/downloaded_tools/pico/pico-sdk/src/common/pico_util/pheap.c.obj
                0x0000000020001f48                ph_remove_and_free_node
 .text.mutex_init
                0x0000000020001fc4       0x1c CMakeFiles/fx702p_seven_pin_trace.dir/tree/downloaded_tools/pico/pico-sdk/src/common/pico_sync/mutex.c.obj
                0x0000000020001fc4                mutex_init
 .text.recursive_mutex_init
                0x0000000020001fe0       0x1c CMakeFiles/fx702p_seven_pin_trace.dir/tree/downloaded_tools/pico/pico-sdk/src/common/pico_sync/mutex.c.obj
                0x0000000020001fe0                recursive_mutex_init
 .text.critical_section_init
                0x0000000020001ffc       0x1c CMakeFiles/fx702p_seven_pin_trace.dir/tree/downloaded_tools/pico/pico-sdk/src/common/pico_sync/critical_section.c.obj
                0x0000000020001ffc                critical_section_init
 .text.runtime_init
                0x0000000020002018       0xf0 CMakeFiles/fx702p_seven_pin_trace.dir/tree/downloaded_tools/pico/pico-sdk/src/rp2_common/pico_runtime/runtime.c.obj
                0x0000000020002018                runtime_init
 .text.exit     0x0000000020002108        0x4 CMakeFiles/fx702p_seven_pin_trace.dir/tree/downloaded_tools/pico/pico-sdk/src/rp2_common/pico_runtime/runtime.c.obj
                0x0000000020002108                exit
 .text.panic    0x000000002000210c       0x30 CMakeFiles/fx702p_seven_pin_trace.dir/tree/downloaded_tools/pico/pico-sdk/src/rp2_common/pico_runtime/runtime.c.obj
                0x000000002000210c                panic
 .text.hard_assertion_failure
                0x000000002000213c        0xc CMakeFiles/fx702p_seven_pin_trace.dir/tree/downloaded_tools/pico/pico-sdk/src/rp2_common/pico_runtime/runtime.c.obj
                0x000000002000213c                hard_assertion_failure
 .text.clock_configure
                0x0000000020002148      0x114 CMakeFiles/fx702p_seven_pin_trace.dir/tree/downloaded_tools/pico/pico-sdk/src/rp2_common/hardware_clocks/clocks.c.obj
                0x0000000020002148                clock_configure
 .text.clocks_init
                0x000000002000225c      0x2bc CMakeFiles/fx702p_seven_pin_trace.dir/tree/downloaded_tools/pico/pico-sdk/src/rp2_common/hardware_clocks/clocks.c.obj
                0x000000002000225c                clocks_init
 .text.clock_get_hz
                0x0000000020002518        0xc CMakeFiles/fx702p_seven_pin_trace.dir/tree/downloaded_tools/pico/pico-sdk/src/rp2_common/hardware_clocks/clocks.c.obj
                0x0000000020002518                clock_get_hz
 .text.pll_init
                0x0000000020002524       0xa8 CMakeFiles/fx702p_seven_pin_trace.dir/tree/downloaded_tools/pico/pico-sdk/src/rp2_common/hardware_pll/pll.c.obj
                0x0000000020002524                pll_init
 .text.watchdog_start_tick
                0x00000000200025cc       0x10 CMakeFiles/fx702p_seven_pin_trace.dir/tree/downloaded_tools/pico/pico-sdk/src/rp2_common/hardware_watchdog/watchdog.c.obj
                0x00000000200025cc                watchdog_start_tick
 .text.watchdog_reboot
                0x00000000200025dc       0x98 CMakeFiles/fx702p_seven_pin_trace.dir/tree/downloaded_tools/pico/pico-sdk/src/rp2_common/hardware_watchdog/watchdog.c.obj
                0x00000000200025dc                watchdog_reboot
 .text.xosc_init
                0x0000000020002674       0x28 CMakeFiles/fx702p_seven_pin_trace.dir/tree/downloaded_tools/pico/pico-sdk/src/rp2_common/hardware_xosc/xosc.c.obj
                0x0000000020002674                xosc_init
 .text._out_null
                0x000000002000269c        0x4 CMakeFiles/fx702p_seven_pin_trace.dir/tree/downloaded_tools/pico/pico-sdk/src/rp2_common/pico_printf/printf.c.obj
 .text._out_rev
                0x00000000200026a0       0xd0 CMakeFiles/fx702p_seven_pin_trace.dir/tree/downloaded_tools/pico/pico-sdk/src/rp2_common/pico_printf/printf.c.obj
 .text._ntoa_format
                0x0000000020002770      0x1d0 CMakeFiles/fx702p_seven_pin_trace.dir/tree/downloaded_tools/pico/pico-sdk/src/rp2_common/pico_printf/printf.c.obj
 .text._out_char
                0x0000000020002940       0x10 CMakeFiles/fx702p_seven_pin_trace.dir/tree/downloaded_tools/pico/pico-sdk/src/rp2_common/pico_printf/printf.c.obj
 .text._out_fct
                0x0000000020002950       0x10 CMakeFiles/fx702p_seven_pin_trace.dir/tree/downloaded_tools/pico/pico-sdk/src/rp2_common/pico_printf/printf.c.obj
 .text._etoa    0x0000000020002960      0x478 CMakeFiles/fx702p_seven_pin_trace.dir/tree/downloaded_tools/pico/pico-sdk/src/rp2_common/pico_printf/printf.c.obj
 .text._ftoa    0x0000000020002dd8      0x3e0 CMakeFiles/fx702p_seven_pin_trace.dir/tree/downloaded_tools/pico/pico-sdk/src/rp2_common/pico_printf/printf.c.obj
 .text._vsnprintf
                0x00000000200031b8      0xb08 CMakeFiles/fx702p_seven_pin_trace.dir/tree/downloaded_tools/pico/pico-sdk/src/rp2_common/pico_printf/printf.c.obj
 .text.vfctprintf
                0x0000000020003cc0       0x20 CMakeFiles/fx702p_seven_pin_trace.dir/tree/downloaded_tools/pico/pico-sdk/src/rp2_common/pico_printf/printf.c.obj
                0x0000000020003cc0                vfctprintf
 .text.weak_raw_vprintf
                0x0000000020003ce0       0x30 CMakeFiles/fx702p_seven_pin_trace.dir/tree/downloaded_tools/pico/pico-sdk/src/rp2_common/pico_printf/printf.c.obj
                0x0000000020003ce0                weak_raw_vprintf
 .text          0x0000000020003d10       0x10 CMakeFiles/fx702p_seven_pin_trace.dir/tree/downloaded_tools/pico/pico-sdk/src/rp2_common/pico_bit_ops/bit_ops_aeabi.S.obj
 .text.rom_func_lookup
                0x0000000020003d20       0x10 CMakeFiles/fx702p_seven_pin_trace.dir/tree/downloaded_tools/pico/pico-sdk/src/rp2_common/pico_bootrom/bootrom.c.obj
                0x0000000020003d20                rom_func_lookup
 .text.rom_data_lookup
                0x0000000020003d30       0x10 CMakeFiles/fx702p_seven_pin_trace.dir/tree/downloaded_tools/pico/pico-sdk/src/rp2_common/pico_bootrom/bootrom.c.obj
                0x0000000020003d30                rom_data_lookup
 .text.rom_funcs_lookup
                0x0000000020003d40       0x3c CMakeFiles/fx702p_seven_pin_trace.dir/tree/downloaded_tools/pico/pico-sdk/src/rp2_common/pico_bootrom/bootrom.c.obj
                0x0000000020003d40                rom_funcs_lookup
 .text.__wrap___aeabi_idiv
                0x0000000020003d7c       0x50 CMakeFiles/fx702p_seven_pin_trace.dir/tree/downloaded_tools/pico/pico-sdk/src/rp2_common/pico_divider/divider.S.obj
                0x0000000020003d7c                __wrap___aeabi_idivmod
                0x0000000020003d7c                divmod_s32s32
                0x0000000020003d7c                div_s32s32
                0x0000000020003d7c                __wrap___aeabi_idiv
                0x0000000020003d84                divmod_s32s32_unsafe
                0x0000000020003db0                divmod_s32s32_savestate
 .text.__wrap___aeabi_uidiv
                0x0000000020003dcc       0x4c CMakeFiles/fx702p_seven_pin_trace.dir/tree/downloaded_tools/pico/pico-sdk/src/rp2_common/pico_divider/divider.S.obj
                0x0000000020003dcc                __wrap___aeabi_uidiv
                0x0000000020003dcc                __wrap___aeabi_uidivmod
                0x0000000020003dcc                div_u32u32
                0x0000000020003dcc                divmod_u32u32
                0x0000000020003dd4                divmod_u32u32_unsafe
                0x0000000020003dfc                divmod_u32u32_savestate
 .text.__wrap___aeabi_ldiv
                0x0000000020003e18      0x434 CMakeFiles/fx702p_seven_pin_trace.dir/tree/downloaded_tools/pico/pico-sdk/src/rp2_common/pico_divider/divider.S.obj
                0x0000000020003e18                div_s64s64
                0x0000000020003e18                divmod_s64s64
                0x0000000020003e18                __wrap___aeabi_ldivmod
                0x0000000020003e50                div_u64u64
                0x0000000020003e50                divmod_u64u64
                0x0000000020003e50                __wrap___aeabi_uldivmod
                0x0000000020003e60                divmod_u64u64_savestate
                0x0000000020003e88                divmod_s64s64_unsafe
                0x0000000020003f10                divmod_u64u64_unsafe
 .text.__wrap___aeabi_darithmetic
                0x000000002000424c       0x80 CMakeFiles/fx702p_seven_pin_trace.dir/tree/downloaded_tools/pico/pico-sdk/src/rp2_common/pico_double/double_aeabi.S.obj
                0x000000002000424c                __wrap___aeabi_drsub
                0x0000000020004252                __wrap___aeabi_dsub
                0x0000000020004264                __wrap___aeabi_dadd
                0x0000000020004276                __wrap___aeabi_ddiv
                0x00000000200042b2                __wrap___aeabi_dmul
 .text.__wrap___aeabi_cdcmple
                0x00000000200042cc       0x6c CMakeFiles/fx702p_seven_pin_trace.dir/tree/downloaded_tools/pico/pico-sdk/src/rp2_common/pico_double/double_aeabi.S.obj
                0x00000000200042cc                __wrap___aeabi_cdrcmple
                0x00000000200042dc                __wrap___aeabi_cdcmple
                0x00000000200042dc                __wrap___aeabi_cdcmpeq
 .text.__wrap___aeabi_dcmplt
                0x0000000020004338        0xc CMakeFiles/fx702p_seven_pin_trace.dir/tree/downloaded_tools/pico/pico-sdk/src/rp2_common/pico_double/double_aeabi.S.obj
                0x0000000020004338                __wrap___aeabi_dcmplt
 .text.__wrap___aeabi_dcmple
                0x0000000020004344       0x10 CMakeFiles/fx702p_seven_pin_trace.dir/tree/downloaded_tools/pico/pico-sdk/src/rp2_common/pico_double/double_aeabi.S.obj
                0x0000000020004344                __wrap___aeabi_dcmple
 .text.__wrap___aeabi_dcmpge
                0x0000000020004354       0x10 CMakeFiles/fx702p_seven_pin_trace.dir/tree/downloaded_tools/pico/pico-sdk/src/rp2_common/pico_double/double_aeabi.S.obj
                0x0000000020004354                __wrap___aeabi_dcmpge
 .text.__wrap___aeabi_dcmpgt
                0x0000000020004364        0xa CMakeFiles/fx702p_seven_pin_trace.dir/tree/downloaded_tools/pico/pico-sdk/src/rp2_common/pico_double/double_aeabi.S.obj
                0x0000000020004364                __wrap___aeabi_dcmpgt
 .text.__wrap___aeabi_dcmpun
                0x000000002000436e       0x1c CMakeFiles/fx702p_seven_pin_trace.dir/tree/downloaded_tools/pico/pico-sdk/src/rp2_common/pico_double/double_aeabi.S.obj
                0x000000002000436e                __wrap___aeabi_dcmpun
 *fill*         0x000000002000438a        0x2 
 .text.__wrap___aeabi_i2d
                0x000000002000438c       0x38 CMakeFiles/fx702p_seven_pin_trace.dir/tree/downloaded_tools/pico/pico-sdk/src/rp2_common/pico_double/double_aeabi.S.obj
                0x000000002000438c                __wrap___aeabi_ui2d
                0x0000000020004394                __wrap___aeabi_i2d
 .text.__wrap___aeabi_d2iz
                0x00000000200043c4       0x48 CMakeFiles/fx702p_seven_pin_trace.dir/tree/downloaded_tools/pico/pico-sdk/src/rp2_common/pico_double/double_aeabi.S.obj
                0x00000000200043c4                __wrap___aeabi_d2iz
                0x00000000200043c4                double2int_z
 .text.__wrap___aeabi_d2uiz
                0x000000002000440c       0x18 CMakeFiles/fx702p_seven_pin_trace.dir/tree/downloaded_tools/pico/pico-sdk/src/rp2_common/pico_double/double_aeabi.S.obj
                0x000000002000440c                double2uint
                0x000000002000440c                __wrap___aeabi_d2uiz
 .text.__aeabi_double_init
                0x0000000020004424       0xc0 CMakeFiles/fx702p_seven_pin_trace.dir/tree/downloaded_tools/pico/pico-sdk/src/rp2_common/pico_double/double_init_rom.c.obj
                0x0000000020004424                __aeabi_double_init
 .text.double_table_shim_on_use_helper
                0x00000000200044e4       0x2c CMakeFiles/fx702p_seven_pin_trace.dir/tree/downloaded_tools/pico/pico-sdk/src/rp2_common/pico_double/double_v1_rom_shim.S.obj
                0x00000000200044e4                double_table_shim_on_use_helper
 .text.__wrap___aeabi_dsub
                0x0000000020004510       0x10 CMakeFiles/fx702p_seven_pin_trace.dir/tree/downloaded_tools/pico/pico-sdk/src/rp2_common/pico_double/double_v1_rom_shim.S.obj
                0x0000000020004510                drsub_shim
                0x0000000020004516                dsub_shim
 .text.dadd_shim
                0x0000000020004520      0x15c CMakeFiles/fx702p_seven_pin_trace.dir/tree/downloaded_tools/pico/pico-sdk/src/rp2_common/pico_double/double_v1_rom_shim.S.obj
                0x0000000020004520                dadd_shim
 .text.dmul_shim
                0x000000002000467c      0x15c CMakeFiles/fx702p_seven_pin_trace.dir/tree/downloaded_tools/pico/pico-sdk/src/rp2_common/pico_double/double_v1_rom_shim.S.obj
                0x000000002000467c                dmul_shim
 .text.ddiv_shim
                0x00000000200047d8      0x1b0 CMakeFiles/fx702p_seven_pin_trace.dir/tree/downloaded_tools/pico/pico-sdk/src/rp2_common/pico_double/double_v1_rom_shim.S.obj
                0x00000000200047d8                ddiv_shim
 .text.double2uint_shim
                0x0000000020004988        0xe CMakeFiles/fx702p_seven_pin_trace.dir/tree/downloaded_tools/pico/pico-sdk/src/rp2_common/pico_double/double_v1_rom_shim.S.obj
                0x0000000020004988                double2uint_shim
                0x000000002000498a                double2ufix_shim
 *fill*         0x0000000020004996        0x2 
 .text.double2uint64_shim
                0x0000000020004998       0x70 CMakeFiles/fx702p_seven_pin_trace.dir/tree/downloaded_tools/pico/pico-sdk/src/rp2_common/pico_double/double_v1_rom_shim.S.obj
                0x0000000020004998                double2uint64_shim
                0x000000002000499a                double2ufix64_shim
                0x00000000200049ba                d2fix_a
 .text.dunpacks
                0x0000000020004a08       0x3c CMakeFiles/fx702p_seven_pin_trace.dir/tree/downloaded_tools/pico/pico-sdk/src/rp2_common/pico_double/double_v1_rom_shim.S.obj
                0x0000000020004a08                dunpacks
 .text.__aeabi_lmul
                0x0000000020004a44       0x32 CMakeFiles/fx702p_seven_pin_trace.dir/tree/downloaded_tools/pico/pico-sdk/src/rp2_common/pico_int64_ops/pico_int64_ops_aeabi.S.obj
                0x0000000020004a44                __wrap___aeabi_lmul
 *fill*         0x0000000020004a76        0x2 
 .text.__aeabi_float_init
                0x0000000020004a78       0x64 CMakeFiles/fx702p_seven_pin_trace.dir/tree/downloaded_tools/pico/pico-sdk/src/rp2_common/pico_float/float_init_rom.c.obj
                0x0000000020004a78                __aeabi_float_init
 .text.float_table_shim_on_use_helper
                0x0000000020004adc       0x2c CMakeFiles/fx702p_seven_pin_trace.dir/tree/downloaded_tools/pico/pico-sdk/src/rp2_common/pico_float/float_v1_rom_shim.S.obj
                0x0000000020004adc                float_table_shim_on_use_helper
 .text          0x0000000020004b08       0x10 CMakeFiles/fx702p_seven_pin_trace.dir/tree/downloaded_tools/pico/pico-sdk/src/rp2_common/pico_mem_ops/mem_ops_aeabi.S.obj
                0x0000000020004b08                __aeabi_mem_init
 .text.memset   0x0000000020004b18        0xc CMakeFiles/fx702p_seven_pin_trace.dir/tree/downloaded_tools/pico/pico-sdk/src/rp2_common/pico_mem_ops/mem_ops_aeabi.S.obj
                0x0000000020004b18                __wrap_memset
 .text.memcpy   0x0000000020004b24        0xc CMakeFiles/fx702p_seven_pin_trace.dir/tree/downloaded_tools/pico/pico-sdk/src/rp2_common/pico_mem_ops/mem_ops_aeabi.S.obj
                0x0000000020004b24                __wrap___aeabi_memcpy
                0x0000000020004b24                __wrap_memcpy
 .text.stdio_out_chars_no_crlf
                0x0000000020004b30       0x10 CMakeFiles/fx702p_seven_pin_trace.dir/tree/downloaded_tools/pico/pico-sdk/src/rp2_common/pico_stdio/stdio.c.obj
 .text.stdio_out_chars_crlf
                0x0000000020004b40       0x94 CMakeFiles/fx702p_seven_pin_trace.dir/tree/downloaded_tools/pico/pico-sdk/src/rp2_common/pico_stdio/stdio.c.obj
 .text.stdio_buffered_printer
                0x0000000020004bd4       0x64 CMakeFiles/fx702p_seven_pin_trace.dir/tree/downloaded_tools/pico/pico-sdk/src/rp2_common/pico_stdio/stdio.c.obj
 .text.stdio_put_string
                0x0000000020004c38      0x100 CMakeFiles/fx702p_seven_pin_trace.dir/tree/downloaded_tools/pico/pico-sdk/src/rp2_common/pico_stdio/stdio.c.obj
 .text.__wrap_putchar
                0x0000000020004d38       0xa4 CMakeFiles/fx702p_seven_pin_trace.dir/tree/downloaded_tools/pico/pico-sdk/src/rp2_common/pico_stdio/stdio.c.obj
                0x0000000020004d38                __wrap_putchar
 .text.__wrap_puts
                0x0000000020004ddc       0x3c CMakeFiles/fx702p_seven_pin_trace.dir/tree/downloaded_tools/pico/pico-sdk/src/rp2_common/pico_stdio/stdio.c.obj
                0x0000000020004ddc                __wrap_puts
 .text.stdio_set_driver_enabled
                0x0000000020004e18       0x30 CMakeFiles/fx702p_seven_pin_trace.dir/tree/downloaded_tools/pico/pico-sdk/src/rp2_common/pico_stdio/stdio.c.obj
                0x0000000020004e18                stdio_set_driver_enabled
 .text.stdio_flush
                0x0000000020004e48       0x28 CMakeFiles/fx702p_seven_pin_trace.dir/tree/downloaded_tools/pico/pico-sdk/src/rp2_common/pico_stdio/stdio.c.obj
                0x0000000020004e48                stdio_flush
 .text.__wrap_vprintf
                0x0000000020004e70       0xd8 CMakeFiles/fx702p_seven_pin_trace.dir/tree/downloaded_tools/pico/pico-sdk/src/rp2_common/pico_stdio/stdio.c.obj
                0x0000000020004e70                __wrap_vprintf
 .text.__wrap_printf
                0x0000000020004f48       0x18 CMakeFiles/fx702p_seven_pin_trace.dir/tree/downloaded_tools/pico/pico-sdk/src/rp2_common/pico_stdio/stdio.c.obj
                0x0000000020004f48                __wrap_printf
 .text.stdio_init_all
                0x0000000020004f60        0x8 CMakeFiles/fx702p_seven_pin_trace.dir/tree/downloaded_tools/pico/pico-sdk/src/rp2_common/pico_stdio/stdio.c.obj
                0x0000000020004f60                stdio_init_all
 .text.getchar_timeout_us
                0x0000000020004f68       0xa4 CMakeFiles/fx702p_seven_pin_trace.dir/tree/downloaded_tools/pico/pico-sdk/src/rp2_common/pico_stdio/stdio.c.obj
                0x0000000020004f68                getchar_timeout_us
 .text.resetd_init
                0x000000002000500c        0x4 CMakeFiles/fx702p_seven_pin_trace.dir/tree/downloaded_tools/pico/pico-sdk/src/rp2_common/pico_stdio_usb/reset_interface.c.obj
 .text.resetd_reset
                0x0000000020005010        0xc CMakeFiles/fx702p_seven_pin_trace.dir/tree/downloaded_tools/pico/pico-sdk/src/rp2_common/pico_stdio_usb/reset_interface.c.obj
 .text.resetd_open
                0x000000002000501c       0x28 CMakeFiles/fx702p_seven_pin_trace.dir/tree/downloaded_tools/pico/pico-sdk/src/rp2_common/pico_stdio_usb/reset_interface.c.obj
 .text.resetd_xfer_cb
                0x0000000020005044        0x4 CMakeFiles/fx702p_seven_pin_trace.dir/tree/downloaded_tools/pico/pico-sdk/src/rp2_common/pico_stdio_usb/reset_interface.c.obj
 .text.resetd_control_xfer_cb
                0x0000000020005048       0x64 CMakeFiles/fx702p_seven_pin_trace.dir/tree/downloaded_tools/pico/pico-sdk/src/rp2_common/pico_stdio_usb/reset_interface.c.obj
 .text.usbd_app_driver_get_cb
                0x00000000200050ac        0xc CMakeFiles/fx702p_seven_pin_trace.dir/tree/downloaded_tools/pico/pico-sdk/src/rp2_common/pico_stdio_usb/reset_interface.c.obj
                0x00000000200050ac                usbd_app_driver_get_cb
 .text.tud_cdc_line_coding_cb
                0x00000000200050b8       0x34 CMakeFiles/fx702p_seven_pin_trace.dir/tree/downloaded_tools/pico/pico-sdk/src/rp2_common/pico_stdio_usb/reset_interface.c.obj
                0x00000000200050b8                tud_cdc_line_coding_cb
 .text.stdio_usb_in_chars
                0x00000000200050ec       0x68 CMakeFiles/fx702p_seven_pin_trace.dir/tree/downloaded_tools/pico/pico-sdk/src/rp2_common/pico_stdio_usb/stdio_usb.c.obj
                0x00000000200050ec                stdio_usb_in_chars
 .text.stdio_usb_out_chars
                0x0000000020005154       0xec CMakeFiles/fx702p_seven_pin_trace.dir/tree/downloaded_tools/pico/pico-sdk/src/rp2_common/pico_stdio_usb/stdio_usb.c.obj
 .text.timer_task
                0x0000000020005240       0x18 CMakeFiles/fx702p_seven_pin_trace.dir/tree/downloaded_tools/pico/pico-sdk/src/rp2_common/pico_stdio_usb/stdio_usb.c.obj
 .text.usb_irq  0x0000000020005258       0x10 CMakeFiles/fx702p_seven_pin_trace.dir/tree/downloaded_tools/pico/pico-sdk/src/rp2_common/pico_stdio_usb/stdio_usb.c.obj
 .text.low_priority_worker_irq
                0x0000000020005268       0x24 CMakeFiles/fx702p_seven_pin_trace.dir/tree/downloaded_tools/pico/pico-sdk/src/rp2_common/pico_stdio_usb/stdio_usb.c.obj
 .text.stdio_usb_init
                0x000000002000528c       0xb0 CMakeFiles/fx702p_seven_pin_trace.dir/tree/downloaded_tools/pico/pico-sdk/src/rp2_common/pico_stdio_usb/stdio_usb.c.obj
                0x000000002000528c                stdio_usb_init
 .text.tud_descriptor_device_cb
                0x000000002000533c        0x8 CMakeFiles/fx702p_seven_pin_trace.dir/tree/downloaded_tools/pico/pico-sdk/src/rp2_common/pico_stdio_usb/stdio_usb_descriptors.c.obj
                0x000000002000533c                tud_descriptor_device_cb
 .text.tud_descriptor_configuration_cb
                0x0000000020005344        0x8 CMakeFiles/fx702p_seven_pin_trace.dir/tree/downloaded_tools/pico/pico-sdk/src/rp2_common/pico_stdio_usb/stdio_usb_descriptors.c.obj
                0x0000000020005344                tud_descriptor_configuration_cb
 .text.tud_descriptor_string_cb
                0x000000002000534c       0x70 CMakeFiles/fx702p_seven_pin_trace.dir/tree/downloaded_tools/pico/pico-sdk/src/rp2_common/pico_stdio_usb/stdio_usb_descriptors.c.obj
                0x000000002000534c                tud_descriptor_string_cb
 .text.dcd_rp2040_irq
                0x00000000200053bc      0x21c CMakeFiles/fx702p_seven_pin_trace.dir/tree/downloaded_tools/pico/pico-sdk/lib/tinyusb/src/portable/raspberrypi/rp2040/dcd_rp2040.c.obj
 .text.dcd_int_enable
                0x00000000200055d8        0xc CMakeFiles/fx702p_seven_pin_trace.dir/tree/downloaded_tools/pico/pico-sdk/lib/tinyusb/src/portable/raspberrypi/rp2040/dcd_rp2040.c.obj
                0x00000000200055d8                dcd_int_enable
 .text.dcd_set_address
                0x00000000200055e4       0x14 CMakeFiles/fx702p_seven_pin_trace.dir/tree/downloaded_tools/pico/pico-sdk/lib/tinyusb/src/portable/raspberrypi/rp2040/dcd_rp2040.c.obj
                0x00000000200055e4                dcd_set_address
 .text.dcd_connect
                0x00000000200055f8       0x10 CMakeFiles/fx702p_seven_pin_trace.dir/tree/downloaded_tools/pico/pico-sdk/lib/tinyusb/src/portable/raspberrypi/rp2040/dcd_rp2040.c.obj
                0x00000000200055f8                dcd_connect
 .text.dcd_init
                0x0000000020005608      0x148 CMakeFiles/fx702p_seven_pin_trace.dir/tree/downloaded_tools/pico/pico-sdk/lib/tinyusb/src/portable/raspberrypi/rp2040/dcd_rp2040.c.obj
                0x0000000020005608                dcd_init
 .text.dcd_edpt0_status_complete
                0x0000000020005750       0x1c CMakeFiles/fx702p_seven_pin_trace.dir/tree/downloaded_tools/pico/pico-sdk/lib/tinyusb/src/portable/raspberrypi/rp2040/dcd_rp2040.c.obj
                0x0000000020005750                dcd_edpt0_status_complete
 .text.dcd_edpt_open
                0x000000002000576c       0xf0 CMakeFiles/fx702p_seven_pin_trace.dir/tree/downloaded_tools/pico/pico-sdk/lib/tinyusb/src/portable/raspberrypi/rp2040/dcd_rp2040.c.obj
                0x000000002000576c                dcd_edpt_open
 .text.dcd_edpt_close_all
                0x000000002000585c       0xbc CMakeFiles/fx702p_seven_pin_trace.dir/tree/downloaded_tools/pico/pico-sdk/lib/tinyusb/src/portable/raspberrypi/rp2040/dcd_rp2040.c.obj
                0x000000002000585c                dcd_edpt_close_all
 .text.dcd_edpt_xfer
                0x0000000020005918       0x24 CMakeFiles/fx702p_seven_pin_trace.dir/tree/downloaded_tools/pico/pico-sdk/lib/tinyusb/src/portable/raspberrypi/rp2040/dcd_rp2040.c.obj
                0x0000000020005918                dcd_edpt_xfer
 .text.dcd_edpt_stall
                0x000000002000593c       0x38 CMakeFiles/fx702p_seven_pin_trace.dir/tree/downloaded_tools/pico/pico-sdk/lib/tinyusb/src/portable/raspberrypi/rp2040/dcd_rp2040.c.obj
                0x000000002000593c                dcd_edpt_stall
 .text.dcd_edpt_clear_stall
                0x0000000020005974       0x30 CMakeFiles/fx702p_seven_pin_trace.dir/tree/downloaded_tools/pico/pico-sdk/lib/tinyusb/src/portable/raspberrypi/rp2040/dcd_rp2040.c.obj
                0x0000000020005974                dcd_edpt_clear_stall
 .text._hw_endpoint_buffer_control_update32.part.0
                0x00000000200059a4       0x20 CMakeFiles/fx702p_seven_pin_trace.dir/tree/downloaded_tools/pico/pico-sdk/lib/tinyusb/src/portable/raspberrypi/rp2040/rp2040_usb.c.obj
 .text.rp2040_usb_init
                0x00000000200059c4       0x4c CMakeFiles/fx702p_seven_pin_trace.dir/tree/downloaded_tools/pico/pico-sdk/lib/tinyusb/src/portable/raspberrypi/rp2040/rp2040_usb.c.obj
                0x00000000200059c4                rp2040_usb_init
 .text.hw_endpoint_reset_transfer
                0x0000000020005a10        0xc CMakeFiles/fx702p_seven_pin_trace.dir/tree/downloaded_tools/pico/pico-sdk/lib/tinyusb/src/portable/raspberrypi/rp2040/rp2040_usb.c.obj
                0x0000000020005a10                hw_endpoint_reset_transfer
 .text._hw_endpoint_buffer_control_update32
                0x0000000020005a1c       0x40 CMakeFiles/fx702p_seven_pin_trace.dir/tree/downloaded_tools/pico/pico-sdk/lib/tinyusb/src/portable/raspberrypi/rp2040/rp2040_usb.c.obj
                0x0000000020005a1c                _hw_endpoint_buffer_control_update32
 .text.hw_endpoint_xfer_start
                0x0000000020005a5c      0x138 CMakeFiles/fx702p_seven_pin_trace.dir/tree/downloaded_tools/pico/pico-sdk/lib/tinyusb/src/portable/raspberrypi/rp2040/rp2040_usb.c.obj
                0x0000000020005a5c                hw_endpoint_xfer_start
 .text.hw_endpoint_xfer_continue
                0x0000000020005b94      0x1e4 CMakeFiles/fx702p_seven_pin_trace.dir/tree/downloaded_tools/pico/pico-sdk/lib/tinyusb/src/portable/raspberrypi/rp2040/rp2040_usb.c.obj
                0x0000000020005b94                hw_endpoint_xfer_continue
 .text.tud_mounted
                0x0000000020005d78       0x10 CMakeFiles/fx702p_seven_pin_trace.dir/tree/downloaded_tools/pico/pico-sdk/lib/tinyusb/src/device/usbd.c.obj
                0x0000000020005d78                tud_mounted
 .text.tud_suspended
                0x0000000020005d88       0x10 CMakeFiles/fx702p_seven_pin_trace.dir/tree/downloaded_tools/pico/pico-sdk/lib/tinyusb/src/device/usbd.c.obj
                0x0000000020005d88                tud_suspended
 .text.tud_inited
                0x0000000020005d98        0xc CMakeFiles/fx702p_seven_pin_trace.dir/tree/downloaded_tools/pico/pico-sdk/lib/tinyusb/src/device/usbd.c.obj
                0x0000000020005d98                tud_inited
 .text.tud_init
                0x0000000020005da4       0xd8 CMakeFiles/fx702p_seven_pin_trace.dir/tree/downloaded_tools/pico/pico-sdk/lib/tinyusb/src/device/usbd.c.obj
                0x0000000020005da4                tud_init
 .text.tud_task
                0x0000000020005e7c      0x8ec CMakeFiles/fx702p_seven_pin_trace.dir/tree/downloaded_tools/pico/pico-sdk/lib/tinyusb/src/device/usbd.c.obj
                0x0000000020005e7c                tud_task
 .text.dcd_event_bus_signal
                0x0000000020006768      0x120 CMakeFiles/fx702p_seven_pin_trace.dir/tree/downloaded_tools/pico/pico-sdk/lib/tinyusb/src/device/usbd.c.obj
                0x0000000020006768                dcd_event_bus_signal
 .text.dcd_event_bus_reset
                0x0000000020006888       0x54 CMakeFiles/fx702p_seven_pin_trace.dir/tree/downloaded_tools/pico/pico-sdk/lib/tinyusb/src/device/usbd.c.obj
                0x0000000020006888                dcd_event_bus_reset
 .text.dcd_event_setup_received
                0x00000000200068dc       0x50 CMakeFiles/fx702p_seven_pin_trace.dir/tree/downloaded_tools/pico/pico-sdk/lib/tinyusb/src/device/usbd.c.obj
                0x00000000200068dc                dcd_event_setup_received
 .text.dcd_event_xfer_complete
                0x000000002000692c       0x68 CMakeFiles/fx702p_seven_pin_trace.dir/tree/downloaded_tools/pico/pico-sdk/lib/tinyusb/src/device/usbd.c.obj
                0x000000002000692c                dcd_event_xfer_complete
 .text.usbd_open_edpt_pair
                0x0000000020006994       0x80 CMakeFiles/fx702p_seven_pin_trace.dir/tree/downloaded_tools/pico/pico-sdk/lib/tinyusb/src/device/usbd.c.obj
                0x0000000020006994                usbd_open_edpt_pair
 .text.usbd_edpt_open
                0x0000000020006a14       0x30 CMakeFiles/fx702p_seven_pin_trace.dir/tree/downloaded_tools/pico/pico-sdk/lib/tinyusb/src/device/usbd.c.obj
                0x0000000020006a14                usbd_edpt_open
 .text.usbd_edpt_claim
                0x0000000020006a44       0x64 CMakeFiles/fx702p_seven_pin_trace.dir/tree/downloaded_tools/pico/pico-sdk/lib/tinyusb/src/device/usbd.c.obj
                0x0000000020006a44                usbd_edpt_claim
 .text.usbd_edpt_release
                0x0000000020006aa8       0x4c CMakeFiles/fx702p_seven_pin_trace.dir/tree/downloaded_tools/pico/pico-sdk/lib/tinyusb/src/device/usbd.c.obj
                0x0000000020006aa8                usbd_edpt_release
 .text.usbd_edpt_xfer
                0x0000000020006af4       0x48 CMakeFiles/fx702p_seven_pin_trace.dir/tree/downloaded_tools/pico/pico-sdk/lib/tinyusb/src/device/usbd.c.obj
                0x0000000020006af4                usbd_edpt_xfer
 .text.tud_control_status
                0x0000000020006b3c       0x30 CMakeFiles/fx702p_seven_pin_trace.dir/tree/downloaded_tools/pico/pico-sdk/lib/tinyusb/src/device/usbd_control.c.obj
                0x0000000020006b3c                tud_control_status
 .text.tud_control_xfer
                0x0000000020006b6c       0xb8 CMakeFiles/fx702p_seven_pin_trace.dir/tree/downloaded_tools/pico/pico-sdk/lib/tinyusb/src/device/usbd_control.c.obj
                0x0000000020006b6c                tud_control_xfer
 .text.usbd_control_reset
                0x0000000020006c24       0x14 CMakeFiles/fx702p_seven_pin_trace.dir/tree/downloaded_tools/pico/pico-sdk/lib/tinyusb/src/device/usbd_control.c.obj
                0x0000000020006c24                usbd_control_reset
 .text.usbd_control_set_complete_callback
                0x0000000020006c38        0xc CMakeFiles/fx702p_seven_pin_trace.dir/tree/downloaded_tools/pico/pico-sdk/lib/tinyusb/src/device/usbd_control.c.obj
                0x0000000020006c38                usbd_control_set_complete_callback
 .text.usbd_control_set_request
                0x0000000020006c44       0x1c CMakeFiles/fx702p_seven_pin_trace.dir/tree/downloaded_tools/pico/pico-sdk/lib/tinyusb/src/device/usbd_control.c.obj
                0x0000000020006c44                usbd_control_set_request
 .text.usbd_control_xfer_cb
                0x0000000020006c60       0xf8 CMakeFiles/fx702p_seven_pin_trace.dir/tree/downloaded_tools/pico/pico-sdk/lib/tinyusb/src/device/usbd_control.c.obj
                0x0000000020006c60                usbd_control_xfer_cb
 .text.tud_cdc_n_connected
                0x0000000020006d58       0x30 CMakeFiles/fx702p_seven_pin_trace.dir/tree/downloaded_tools/pico/pico-sdk/lib/tinyusb/src/class/cdc/cdc_device.c.obj
                0x0000000020006d58                tud_cdc_n_connected
 .text.tud_cdc_n_available
                0x0000000020006d88       0x18 CMakeFiles/fx702p_seven_pin_trace.dir/tree/downloaded_tools/pico/pico-sdk/lib/tinyusb/src/class/cdc/cdc_device.c.obj
                0x0000000020006d88                tud_cdc_n_available
 .text.tud_cdc_n_read
                0x0000000020006da0       0x70 CMakeFiles/fx702p_seven_pin_trace.dir/tree/downloaded_tools/pico/pico-sdk/lib/tinyusb/src/class/cdc/cdc_device.c.obj
                0x0000000020006da0                tud_cdc_n_read
 .text.tud_cdc_n_write_flush
                0x0000000020006e10       0x78 CMakeFiles/fx702p_seven_pin_trace.dir/tree/downloaded_tools/pico/pico-sdk/lib/tinyusb/src/class/cdc/cdc_device.c.obj
                0x0000000020006e10                tud_cdc_n_write_flush
 .text.tud_cdc_n_write
                0x0000000020006e88       0x34 CMakeFiles/fx702p_seven_pin_trace.dir/tree/downloaded_tools/pico/pico-sdk/lib/tinyusb/src/class/cdc/cdc_device.c.obj
                0x0000000020006e88                tud_cdc_n_write
 .text.tud_cdc_n_write_available
                0x0000000020006ebc       0x18 CMakeFiles/fx702p_seven_pin_trace.dir/tree/downloaded_tools/pico/pico-sdk/lib/tinyusb/src/class/cdc/cdc_device.c.obj
                0x0000000020006ebc                tud_cdc_n_write_available
 .text.cdcd_init
                0x0000000020006ed4       0x7c CMakeFiles/fx702p_seven_pin_trace.dir/tree/downloaded_tools/pico/pico-sdk/lib/tinyusb/src/class/cdc/cdc_device.c.obj
                0x0000000020006ed4                cdcd_init
 .text.cdcd_reset
                0x0000000020006f50       0x2c CMakeFiles/fx702p_seven_pin_trace.dir/tree/downloaded_tools/pico/pico-sdk/lib/tinyusb/src/class/cdc/cdc_device.c.obj
                0x0000000020006f50                cdcd_reset
 .text.cdcd_open
                0x0000000020006f7c       0xe4 CMakeFiles/fx702p_seven_pin_trace.dir/tree/downloaded_tools/pico/pico-sdk/lib/tinyusb/src/class/cdc/cdc_device.c.obj
                0x0000000020006f7c                cdcd_open
 .text.cdcd_control_xfer_cb
                0x0000000020007060       0xe4 CMakeFiles/fx702p_seven_pin_trace.dir/tree/downloaded_tools/pico/pico-sdk/lib/tinyusb/src/class/cdc/cdc_device.c.obj
                0x0000000020007060                cdcd_control_xfer_cb
 .text.cdcd_xfer_cb
                0x0000000020007144      0x198 CMakeFiles/fx702p_seven_pin_trace.dir/tree/downloaded_tools/pico/pico-sdk/lib/tinyusb/src/class/cdc/cdc_device.c.obj
                0x0000000020007144                cdcd_xfer_cb
 .text.tusb_init
                0x00000000200072dc        0xc CMakeFiles/fx702p_seven_pin_trace.dir/tree/downloaded_tools/pico/pico-sdk/lib/tinyusb/src/tusb.c.obj
                0x00000000200072dc                tusb_init
 .text.tusb_inited
                0x00000000200072e8        0x8 CMakeFiles/fx702p_seven_pin_trace.dir/tree/downloaded_tools/pico/pico-sdk/lib/tinyusb/src/tusb.c.obj
                0x00000000200072e8                tusb_inited
 .text.tu_edpt_validate
                0x00000000200072f0       0x78 CMakeFiles/fx702p_seven_pin_trace.dir/tree/downloaded_tools/pico/pico-sdk/lib/tinyusb/src/tusb.c.obj
                0x00000000200072f0                tu_edpt_validate
 .text.tu_edpt_bind_driver
                0x0000000020007368       0x2c CMakeFiles/fx702p_seven_pin_trace.dir/tree/downloaded_tools/pico/pico-sdk/lib/tinyusb/src/tusb.c.obj
                0x0000000020007368                tu_edpt_bind_driver
 .text.tu_fifo_config
                0x0000000020007394       0x78 CMakeFiles/fx702p_seven_pin_trace.dir/tree/downloaded_tools/pico/pico-sdk/lib/tinyusb/src/common/tusb_fifo.c.obj
                0x0000000020007394                tu_fifo_config
 .text.tu_fifo_count
                0x000000002000740c       0x20 CMakeFiles/fx702p_seven_pin_trace.dir/tree/downloaded_tools/pico/pico-sdk/lib/tinyusb/src/common/tusb_fifo.c.obj
                0x000000002000740c                tu_fifo_count
 .text.tu_fifo_empty
                0x000000002000742c       0x10 CMakeFiles/fx702p_seven_pin_trace.dir/tree/downloaded_tools/pico/pico-sdk/lib/tinyusb/src/common/tusb_fifo.c.obj
                0x000000002000742c                tu_fifo_empty
 .text.tu_fifo_remaining
                0x000000002000743c       0x1c CMakeFiles/fx702p_seven_pin_trace.dir/tree/downloaded_tools/pico/pico-sdk/lib/tinyusb/src/common/tusb_fifo.c.obj
                0x000000002000743c                tu_fifo_remaining
 .text.tu_fifo_read
                0x0000000020007458       0x9c CMakeFiles/fx702p_seven_pin_trace.dir/tree/downloaded_tools/pico/pico-sdk/lib/tinyusb/src/common/tusb_fifo.c.obj
                0x0000000020007458                tu_fifo_read
 .text.tu_fifo_read_n
                0x00000000200074f4      0x100 CMakeFiles/fx702p_seven_pin_trace.dir/tree/downloaded_tools/pico/pico-sdk/lib/tinyusb/src/common/tusb_fifo.c.obj
                0x00000000200074f4                tu_fifo_read_n
 .text.tu_fifo_write
                0x00000000200075f4       0x7c CMakeFiles/fx702p_seven_pin_trace.dir/tree/downloaded_tools/pico/pico-sdk/lib/tinyusb/src/common/tusb_fifo.c.obj
                0x00000000200075f4                tu_fifo_write
 .text.tu_fifo_write_n
                0x0000000020007670       0xf8 CMakeFiles/fx702p_seven_pin_trace.dir/tree/downloaded_tools/pico/pico-sdk/lib/tinyusb/src/common/tusb_fifo.c.obj
                0x0000000020007670                tu_fifo_write_n
 .text.tu_fifo_clear
                0x0000000020007768       0x4c CMakeFiles/fx702p_seven_pin_trace.dir/tree/downloaded_tools/pico/pico-sdk/lib/tinyusb/src/common/tusb_fifo.c.obj
                0x0000000020007768                tu_fifo_clear
 .text.tu_fifo_set_overwritable
                0x00000000200077b4       0x3c CMakeFiles/fx702p_seven_pin_trace.dir/tree/downloaded_tools/pico/pico-sdk/lib/tinyusb/src/common/tusb_fifo.c.obj
                0x00000000200077b4                tu_fifo_set_overwritable
 .text.startup._retrieve_unique_id_on_boot
                0x00000000200077f0       0x10 CMakeFiles/fx702p_seven_pin_trace.dir/tree/downloaded_tools/pico/pico-sdk/src/rp2_common/pico_unique_id/unique_id.c.obj
 .text.pico_get_unique_board_id_string
                0x0000000020007800      0x1bc CMakeFiles/fx702p_seven_pin_trace.dir/tree/downloaded_tools/pico/pico-sdk/src/rp2_common/pico_unique_id/unique_id.c.obj
                0x0000000020007800                pico_get_unique_board_id_string
 .text.flash_get_unique_id
                0x00000000200079bc       0x40 CMakeFiles/fx702p_seven_pin_trace.dir/tree/downloaded_tools/pico/pico-sdk/src/rp2_common/hardware_flash/flash.c.obj
                0x00000000200079bc                flash_get_unique_id
 .text.core1_trampoline
                0x00000000200079fc        0x4 CMakeFiles/fx702p_seven_pin_trace.dir/tree/downloaded_tools/pico/pico-sdk/src/rp2_common/pico_multicore/multicore.c.obj
 .text.core1_wrapper
                0x0000000020007a00        0xc CMakeFiles/fx702p_seven_pin_trace.dir/tree/downloaded_tools/pico/pico-sdk/src/rp2_common/pico_multicore/multicore.c.obj
                0x0000000020007a00                core1_wrapper
 .text.multicore_launch_core1_raw
                0x0000000020007a0c       0x84 CMakeFiles/fx702p_seven_pin_trace.dir/tree/downloaded_tools/pico/pico-sdk/src/rp2_common/pico_multicore/multicore.c.obj
                0x0000000020007a0c                multicore_launch_core1_raw
 .text.multicore_launch_core1
                0x0000000020007a90       0x4c CMakeFiles/fx702p_seven_pin_trace.dir/tree/downloaded_tools/pico/pico-sdk/src/rp2_common/pico_multicore/multicore.c.obj
                0x0000000020007a90                multicore_launch_core1
 .text          0x0000000020007adc        0x4 /usr/lib/gcc/arm-none-eabi/9.2.1/thumb/v6-m/nofp/libgcc.a(_dvmd_tls.o)
                0x0000000020007adc                __aeabi_ldiv0
                0x0000000020007adc                __aeabi_idiv0
 .text          0x0000000020007ae0       0x68 /usr/lib/gcc/arm-none-eabi/9.2.1/../../../arm-none-eabi/lib/thumb/v6-m/nofp/libc.a(lib_a-strlen-stub.o)
                0x0000000020007ae0                strlen
 *(.fini)
 .fini          0x0000000020007b48        0x4 /usr/lib/gcc/arm-none-eabi/9.2.1/thumb/v6-m/nofp/crti.o
                0x0000000020007b48                _fini
 *fill*         0x0000000020007b4c        0x4 
 .fini.__stub   0x0000000020007b50       0x10 linker stubs
 *crtbegin.o(.ctors)
 *crtbegin?.o(.ctors)
 *(EXCLUDE_FILE(*crtend.o *crtend?.o) .ctors)
 *(SORT_BY_NAME(.ctors.*))
 *(.ctors)
 *crtbegin.o(.dtors)
 *crtbegin?.o(.dtors)
 *(EXCLUDE_FILE(*crtend.o *crtend?.o) .dtors)
 *(SORT_BY_NAME(.dtors.*))
 *(.dtors)
 *(.eh_frame*)
 .eh_frame      0x0000000020007b60        0x0 /usr/lib/gcc/arm-none-eabi/9.2.1/thumb/v6-m/nofp/crtbegin.o
                0x0000000020007b60                . = ALIGN (0x4)
                0x0000000020007b60                __ram_text_end__ = .
                0x0000000010000304                __ram_text_source__ = LOADADDR (.text)

.glue_7         0x0000000020007b60        0x0 load address 0x0000000010007da4
 .glue_7        0x0000000020007b60        0x0 linker stubs

.glue_7t        0x0000000020007b60        0x0 load address 0x0000000010007da4
 .glue_7t       0x0000000020007b60        0x0 linker stubs

.vfp11_veneer   0x0000000020007b60        0x0 load address 0x0000000010007da4
 .vfp11_veneer  0x0000000020007b60        0x0 linker stubs

.v4_bx          0x0000000020007b60        0x0 load address 0x0000000010007da4
 .v4_bx         0x0000000020007b60        0x0 linker stubs

.iplt           0x0000000020007b60        0x0 load address 0x0000000010007da4
 .iplt          0x0000000020007b60        0x0 /usr/lib/gcc/arm-none-eabi/9.2.1/thumb/v6-m/nofp/crtbegin.o

.rel.dyn        0x0000000020007b60        0x0 load address 0x0000000010007da4
 .rel.iplt      0x0000000020007b60        0x0 /usr/lib/gcc/arm-none-eabi/9.2.1/thumb/v6-m/nofp/crtbegin.o

.data           0x0000000020007b60      0xd48 load address 0x0000000010007da4
                0x0000000020007b60                __data_start__ = .
 *(vtable)
 *(.time_critical*)
 .time_critical.mutex_enter_blocking
                0x0000000020007b60       0x48 CMakeFiles/fx702p_seven_pin_trace.dir/tree/downloaded_tools/pico/pico-sdk/src/common/pico_sync/mutex.c.obj
                0x0000000020007b60                mutex_enter_blocking
 .time_critical.mutex_try_enter
                0x0000000020007ba8       0x48 CMakeFiles/fx702p_seven_pin_trace.dir/tree/downloaded_tools/pico/pico-sdk/src/common/pico_sync/mutex.c.obj
                0x0000000020007ba8                mutex_try_enter
 .time_critical.mutex_enter_timeout_ms
                0x0000000020007bf0       0x98 CMakeFiles/fx702p_seven_pin_trace.dir/tree/downloaded_tools/pico/pico-sdk/src/common/pico_sync/mutex.c.obj
                0x0000000020007bf0                mutex_enter_timeout_ms
 .time_critical.mutex_exit
                0x0000000020007c88       0x28 CMakeFiles/fx702p_seven_pin_trace.dir/tree/downloaded_tools/pico/pico-sdk/src/common/pico_sync/mutex.c.obj
                0x0000000020007c88                mutex_exit
 .time_critical.flash_init_boot2_copyout
                0x0000000020007cb0       0x30 CMakeFiles/fx702p_seven_pin_trace.dir/tree/downloaded_tools/pico/pico-sdk/src/rp2_common/hardware_flash/flash.c.obj
 .time_critical.flash_enable_xip_via_boot2
                0x0000000020007ce0       0x10 CMakeFiles/fx702p_seven_pin_trace.dir/tree/downloaded_tools/pico/pico-sdk/src/rp2_common/hardware_flash/flash.c.obj
 .time_critical.flash_cs_force
                0x0000000020007cf0       0x38 CMakeFiles/fx702p_seven_pin_trace.dir/tree/downloaded_tools/pico/pico-sdk/src/rp2_common/hardware_flash/flash.c.obj
 .time_critical.flash_do_cmd
                0x0000000020007d28       0xc4 CMakeFiles/fx702p_seven_pin_trace.dir/tree/downloaded_tools/pico/pico-sdk/src/rp2_common/hardware_flash/flash.c.obj
                0x0000000020007d28                flash_do_cmd
                0x0000000020007dec                . = ALIGN (0x4)
 *(.rodata*)
 .rodata.cli_display_trace.str1.4
                0x0000000020007dec       0x24 CMakeFiles/fx702p_seven_pin_trace.dir/fx702p_seven_pin_trace.c.obj
 .rodata.cli_dump_gpio_grab.str1.4
                0x0000000020007e10       0x29 CMakeFiles/fx702p_seven_pin_trace.dir/fx702p_seven_pin_trace.c.obj
 *fill*         0x0000000020007e39        0x3 
 .rodata.serial_help.str1.4
                0x0000000020007e3c       0x28 CMakeFiles/fx702p_seven_pin_trace.dir/fx702p_seven_pin_trace.c.obj
 .rodata.cli_follow.str1.4
                0x0000000020007e64       0xa9 CMakeFiles/fx702p_seven_pin_trace.dir/fx702p_seven_pin_trace.c.obj
 *fill*         0x0000000020007f0d        0x3 
 .rodata.cli_follow
                0x0000000020007f10       0xa4 CMakeFiles/fx702p_seven_pin_trace.dir/fx702p_seven_pin_trace.c.obj
 .rodata.prompt.str1.4
                0x0000000020007fb4       0x32 CMakeFiles/fx702p_seven_pin_trace.dir/fx702p_seven_pin_trace.c.obj
 *fill*         0x0000000020007fe6        0x2 
 .rodata.main.str1.4
                0x0000000020007fe8       0xce CMakeFiles/fx702p_seven_pin_trace.dir/fx702p_seven_pin_trace.c.obj
 *fill*         0x00000000200080b6        0x2 
 .rodata.str1.4
                0x00000000200080b8       0xb1 CMakeFiles/fx702p_seven_pin_trace.dir/fx702p_seven_pin_trace.c.obj
 *fill*         0x0000000020008169        0x3 
 .rodata.spin_lock_claim_unused.str1.4
                0x000000002000816c       0x1b CMakeFiles/fx702p_seven_pin_trace.dir/tree/downloaded_tools/pico/pico-sdk/src/rp2_common/hardware_sync/sync.c.obj
 *fill*         0x0000000020008187        0x1 
 .rodata.user_irq_claim_unused.str1.4
                0x0000000020008188       0x1b CMakeFiles/fx702p_seven_pin_trace.dir/tree/downloaded_tools/pico/pico-sdk/src/rp2_common/hardware_irq/irq.c.obj
 *fill*         0x00000000200081a3        0x1 
 .rodata.hardware_alarm_claim.str1.4
                0x00000000200081a4       0x22 CMakeFiles/fx702p_seven_pin_trace.dir/tree/downloaded_tools/pico/pico-sdk/src/rp2_common/hardware_timer/timer.c.obj
 *fill*         0x00000000200081c6        0x2 
 .rodata.panic.str1.4
                0x00000000200081c8       0x10 CMakeFiles/fx702p_seven_pin_trace.dir/tree/downloaded_tools/pico/pico-sdk/src/rp2_common/pico_runtime/runtime.c.obj
                                         0x12 (size before relaxing)
 .rodata.hard_assertion_failure.str1.4
                0x00000000200081d8        0xc CMakeFiles/fx702p_seven_pin_trace.dir/tree/downloaded_tools/pico/pico-sdk/src/rp2_common/pico_runtime/runtime.c.obj
 .rodata._ftoa.str1.4
                0x00000000200081e4       0x15 CMakeFiles/fx702p_seven_pin_trace.dir/tree/downloaded_tools/pico/pico-sdk/src/rp2_common/pico_printf/printf.c.obj
 *fill*         0x00000000200081f9        0x3 
 .rodata._vsnprintf
                0x00000000200081fc      0x1e0 CMakeFiles/fx702p_seven_pin_trace.dir/tree/downloaded_tools/pico/pico-sdk/src/rp2_common/pico_printf/printf.c.obj
 *fill*         0x00000000200083dc        0x4 
 .rodata.pow10.5444
                0x00000000200083e0       0x50 CMakeFiles/fx702p_seven_pin_trace.dir/tree/downloaded_tools/pico/pico-sdk/src/rp2_common/pico_printf/printf.c.obj
 .rodata.str1.4
                0x0000000020008430       0x50 CMakeFiles/fx702p_seven_pin_trace.dir/tree/downloaded_tools/pico/pico-sdk/src/rp2_common/pico_standard_link/binary_info.c.obj
 .rodata.__bi_44
                0x0000000020008480        0xc CMakeFiles/fx702p_seven_pin_trace.dir/tree/downloaded_tools/pico/pico-sdk/src/rp2_common/pico_standard_link/binary_info.c.obj
 .rodata.__bi_56
                0x000000002000848c        0xc CMakeFiles/fx702p_seven_pin_trace.dir/tree/downloaded_tools/pico/pico-sdk/src/rp2_common/pico_standard_link/binary_info.c.obj
 .rodata.__bi_75
                0x0000000020008498        0xc CMakeFiles/fx702p_seven_pin_trace.dir/tree/downloaded_tools/pico/pico-sdk/src/rp2_common/pico_standard_link/binary_info.c.obj
 .rodata.__bi_81
                0x00000000200084a4        0xc CMakeFiles/fx702p_seven_pin_trace.dir/tree/downloaded_tools/pico/pico-sdk/src/rp2_common/pico_standard_link/binary_info.c.obj
 .rodata.crlf_str.5913
                0x00000000200084b0        0x2 CMakeFiles/fx702p_seven_pin_trace.dir/tree/downloaded_tools/pico/pico-sdk/src/rp2_common/pico_stdio/stdio.c.obj
 *fill*         0x00000000200084b2        0x2 
 .rodata._resetd_driver
                0x00000000200084b4       0x18 CMakeFiles/fx702p_seven_pin_trace.dir/tree/downloaded_tools/pico/pico-sdk/src/rp2_common/pico_stdio_usb/reset_interface.c.obj
 .rodata.str1.4
                0x00000000200084cc       0x13 CMakeFiles/fx702p_seven_pin_trace.dir/tree/downloaded_tools/pico/pico-sdk/src/rp2_common/pico_stdio_usb/stdio_usb.c.obj
 *fill*         0x00000000200084df        0x1 
 .rodata.__bi_118.7207
                0x00000000200084e0        0xc CMakeFiles/fx702p_seven_pin_trace.dir/tree/downloaded_tools/pico/pico-sdk/src/rp2_common/pico_stdio_usb/stdio_usb.c.obj
 .rodata.str1.4
                0x00000000200084ec       0x2a CMakeFiles/fx702p_seven_pin_trace.dir/tree/downloaded_tools/pico/pico-sdk/src/rp2_common/pico_stdio_usb/stdio_usb_descriptors.c.obj
 *fill*         0x0000000020008516        0x2 
 .rodata.usbd_desc_cfg
                0x0000000020008518       0x54 CMakeFiles/fx702p_seven_pin_trace.dir/tree/downloaded_tools/pico/pico-sdk/src/rp2_common/pico_stdio_usb/stdio_usb_descriptors.c.obj
 .rodata.usbd_desc_device
                0x000000002000856c       0x12 CMakeFiles/fx702p_seven_pin_trace.dir/tree/downloaded_tools/pico/pico-sdk/src/rp2_common/pico_stdio_usb/stdio_usb_descriptors.c.obj
 *fill*         0x000000002000857e        0x2 
 .rodata.usbd_desc_str
                0x0000000020008580       0x18 CMakeFiles/fx702p_seven_pin_trace.dir/tree/downloaded_tools/pico/pico-sdk/src/rp2_common/pico_stdio_usb/stdio_usb_descriptors.c.obj
 .rodata.dcd_rp2040_irq.str1.4
                0x0000000020008598       0x14 CMakeFiles/fx702p_seven_pin_trace.dir/tree/downloaded_tools/pico/pico-sdk/lib/tinyusb/src/portable/raspberrypi/rp2040/dcd_rp2040.c.obj
 .rodata._hw_endpoint_buffer_control_update32.part.0.str1.4
                0x00000000200085ac       0x1f CMakeFiles/fx702p_seven_pin_trace.dir/tree/downloaded_tools/pico/pico-sdk/lib/tinyusb/src/portable/raspberrypi/rp2040/rp2040_usb.c.obj
 *fill*         0x00000000200085cb        0x1 
 .rodata.hw_endpoint_xfer_continue.str1.4
                0x00000000200085cc       0x29 CMakeFiles/fx702p_seven_pin_trace.dir/tree/downloaded_tools/pico/pico-sdk/lib/tinyusb/src/portable/raspberrypi/rp2040/rp2040_usb.c.obj
 *fill*         0x00000000200085f5        0x3 
 .rodata.str1.4
                0x00000000200085f8        0x7 CMakeFiles/fx702p_seven_pin_trace.dir/tree/downloaded_tools/pico/pico-sdk/lib/tinyusb/src/portable/raspberrypi/rp2040/rp2040_usb.c.obj
 *fill*         0x00000000200085ff        0x1 
 .rodata.tud_task
                0x0000000020008600       0x8c CMakeFiles/fx702p_seven_pin_trace.dir/tree/downloaded_tools/pico/pico-sdk/lib/tinyusb/src/device/usbd.c.obj
 .rodata._usbd_driver
                0x000000002000868c       0x18 CMakeFiles/fx702p_seven_pin_trace.dir/tree/downloaded_tools/pico/pico-sdk/lib/tinyusb/src/device/usbd.c.obj
                0x00000000200086a4                . = ALIGN (0x4)
 *(.data*)
 .data.serial_cmds
                0x00000000200086a4       0xfc CMakeFiles/fx702p_seven_pin_trace.dir/fx702p_seven_pin_trace.c.obj
                0x00000000200086a4                serial_cmds
 .data.striped_spin_lock_num
                0x00000000200087a0        0x1 CMakeFiles/fx702p_seven_pin_trace.dir/tree/downloaded_tools/pico/pico-sdk/src/rp2_common/hardware_sync/sync.c.obj
 *fill*         0x00000000200087a1        0x3 
 .data          0x00000000200087a4       0x48 CMakeFiles/fx702p_seven_pin_trace.dir/tree/downloaded_tools/pico/pico-sdk/src/rp2_common/hardware_irq/irq_handler_chain.S.obj
                0x00000000200087a4                irq_handler_chain_slots
                0x00000000200087d4                irq_handler_chain_first_slot
                0x00000000200087de                irq_handler_chain_remove_tail
 .data.default_alarm_pool
                0x00000000200087ec       0x18 CMakeFiles/fx702p_seven_pin_trace.dir/tree/downloaded_tools/pico/pico-sdk/src/common/pico_time/time.c.obj
 .data.default_alarm_pool_heap
                0x0000000020008804       0x10 CMakeFiles/fx702p_seven_pin_trace.dir/tree/downloaded_tools/pico/pico-sdk/src/common/pico_time/time.c.obj
 *fill*         0x0000000020008814        0xc 
 .data.aeabi_bits_funcs
                0x0000000020008820       0x10 CMakeFiles/fx702p_seven_pin_trace.dir/tree/downloaded_tools/pico/pico-sdk/src/rp2_common/pico_bit_ops/bit_ops_aeabi.S.obj
                0x0000000020008820                aeabi_bits_funcs
                0x0000000020008830                aeabi_bits_funcs_end
 .data.aeabi_mem_funcs
                0x0000000020008830       0x10 CMakeFiles/fx702p_seven_pin_trace.dir/tree/downloaded_tools/pico/pico-sdk/src/rp2_common/pico_mem_ops/mem_ops_aeabi.S.obj
                0x0000000020008830                aeabi_mem_funcs
                0x0000000020008840                aeabi_mem_funcs_end
 .data.stdio_usb
                0x0000000020008840       0x14 CMakeFiles/fx702p_seven_pin_trace.dir/tree/downloaded_tools/pico/pico-sdk/src/rp2_common/pico_stdio_usb/stdio_usb.c.obj
                0x0000000020008840                stdio_usb
 .data.ep_dir_string
                0x0000000020008854        0x8 CMakeFiles/fx702p_seven_pin_trace.dir/tree/downloaded_tools/pico/pico-sdk/lib/tinyusb/src/portable/raspberrypi/rp2040/rp2040_usb.c.obj
                0x0000000020008854                ep_dir_string
 .data._usbd_qdef
                0x000000002000885c       0x24 CMakeFiles/fx702p_seven_pin_trace.dir/tree/downloaded_tools/pico/pico-sdk/lib/tinyusb/src/device/usbd.c.obj
                0x000000002000885c                _usbd_qdef
                0x0000000020008880                . = ALIGN (0x4)
 *(.after_data.*)
                0x0000000020008880                . = ALIGN (0x4)
                0x0000000020008880                PROVIDE (__mutex_array_start = .)
 *(SORT_BY_NAME(.mutex_array.*))
 *(.mutex_array)
 .mutex_array   0x0000000020008880        0x8 CMakeFiles/fx702p_seven_pin_trace.dir/tree/downloaded_tools/pico/pico-sdk/src/rp2_common/pico_malloc/pico_malloc.c.obj
 .mutex_array   0x0000000020008888        0x8 CMakeFiles/fx702p_seven_pin_trace.dir/tree/downloaded_tools/pico/pico-sdk/src/rp2_common/pico_stdio/stdio.c.obj
                0x0000000020008890                PROVIDE (__mutex_array_end = .)
                0x0000000020008890                . = ALIGN (0x4)
                0x0000000020008890                PROVIDE (__preinit_array_start = .)
 *(SORT_BY_NAME(.preinit_array.*))
 .preinit_array.00001
                0x0000000020008890        0x4 CMakeFiles/fx702p_seven_pin_trace.dir/tree/downloaded_tools/pico/pico-sdk/src/rp2_common/pico_mem_ops/mem_ops_aeabi.S.obj
 .preinit_array.00010
                0x0000000020008894        0x4 CMakeFiles/fx702p_seven_pin_trace.dir/tree/downloaded_tools/pico/pico-sdk/src/rp2_common/pico_bit_ops/bit_ops_aeabi.S.obj
 .preinit_array.00020
                0x0000000020008898        0x4 CMakeFiles/fx702p_seven_pin_trace.dir/tree/downloaded_tools/pico/pico-sdk/src/rp2_common/pico_double/double_aeabi.S.obj
 .preinit_array.00020
                0x000000002000889c        0x4 CMakeFiles/fx702p_seven_pin_trace.dir/tree/downloaded_tools/pico/pico-sdk/src/rp2_common/pico_float/float_aeabi.S.obj
 *(.preinit_array)
                0x00000000200088a0                PROVIDE (__preinit_array_end = .)
                0x00000000200088a0                . = ALIGN (0x4)
                0x00000000200088a0                PROVIDE (__init_array_start = .)
 *(SORT_BY_NAME(.init_array.*))
 *(.init_array)
 .init_array    0x00000000200088a0        0x4 /usr/lib/gcc/arm-none-eabi/9.2.1/thumb/v6-m/nofp/crtbegin.o
 .init_array    0x00000000200088a4        0x4 CMakeFiles/fx702p_seven_pin_trace.dir/tree/downloaded_tools/pico/pico-sdk/src/rp2_common/pico_unique_id/unique_id.c.obj
                0x00000000200088a8                PROVIDE (__init_array_end = .)
                0x00000000200088a8                . = ALIGN (0x4)
                0x00000000200088a8                PROVIDE (__fini_array_start = .)
 *(SORT_BY_NAME(.fini_array.*))
 *(.fini_array)
                0x00000000200088a8                PROVIDE (__fini_array_end = .)
 *(.jcr)
                0x00000000200088a8                . = ALIGN (0x4)
                0x00000000200088a8                __data_end__ = .
                0x0000000010007da4                __etext = LOADADDR (.data)

.tm_clone_table
                0x00000000200088a8        0x0 load address 0x0000000010008aec
 .tm_clone_table
                0x00000000200088a8        0x0 /usr/lib/gcc/arm-none-eabi/9.2.1/thumb/v6-m/nofp/crtbegin.o
 .tm_clone_table
                0x00000000200088a8        0x0 /usr/lib/gcc/arm-none-eabi/9.2.1/thumb/v6-m/nofp/crtend.o

.igot.plt       0x00000000200088a8        0x0 load address 0x0000000010008aec
 .igot.plt      0x00000000200088a8        0x0 /usr/lib/gcc/arm-none-eabi/9.2.1/thumb/v6-m/nofp/crtbegin.o

.uninitialized_data
                0x00000000200088a8        0x0 load address 0x0000000010008aec
                0x00000000200088a8                . = ALIGN (0x4)
 *(.uninitialized_data*)

.scratch_x      0x0000000020040000        0x0 load address 0x0000000010008aec
                0x0000000020040000                __scratch_x_start__ = .
 *(.scratch_x.*)
                0x0000000020040000                . = ALIGN (0x4)
                0x0000000020040000                __scratch_x_end__ = .
                0x0000000010008aec                __scratch_x_source__ = LOADADDR (.scratch_x)

.scratch_y      0x0000000020041000        0x0 load address 0x0000000010008aec
                0x0000000020041000                __scratch_y_start__ = .
 *(.scratch_y.*)
                0x0000000020041000                . = ALIGN (0x4)
                0x0000000020041000                __scratch_y_end__ = .
                0x0000000010008aec                __scratch_y_source__ = LOADADDR (.scratch_y)

.bss            0x00000000200088a8    0x214b8
                0x00000000200088a8                . = ALIGN (0x4)
                0x00000000200088a8                __bss_start__ = .
 *(SORT_BY_ALIGNMENT(SORT_BY_NAME(.bss*)))
 .bss.default_alarm_pool_entries
                0x00000000200088a8      0x100 CMakeFiles/fx702p_seven_pin_trace.dir/tree/downloaded_tools/pico/pico-sdk/src/common/pico_time/time.c.obj
 .bss.last_avail_time.7186
                0x00000000200089a8        0x8 CMakeFiles/fx702p_seven_pin_trace.dir/tree/downloaded_tools/pico/pico-sdk/src/rp2_common/pico_stdio_usb/stdio_usb.c.obj
 .bss           0x00000000200089b0       0x1c /usr/lib/gcc/arm-none-eabi/9.2.1/thumb/v6-m/nofp/crtbegin.o
 .bss._app_driver
                0x00000000200089cc        0x4 CMakeFiles/fx702p_seven_pin_trace.dir/tree/downloaded_tools/pico/pico-sdk/lib/tinyusb/src/device/usbd.c.obj
 .bss._cdcd_itf
                0x00000000200089d0      0x2d8 CMakeFiles/fx702p_seven_pin_trace.dir/tree/downloaded_tools/pico/pico-sdk/lib/tinyusb/src/class/cdc/cdc_device.c.obj
 .bss._ctrl_xfer
                0x0000000020008ca8       0x14 CMakeFiles/fx702p_seven_pin_trace.dir/tree/downloaded_tools/pico/pico-sdk/lib/tinyusb/src/device/usbd_control.c.obj
 .bss._ubsd_mutexdef
                0x0000000020008cbc        0x8 CMakeFiles/fx702p_seven_pin_trace.dir/tree/downloaded_tools/pico/pico-sdk/lib/tinyusb/src/device/usbd.c.obj
 .bss._usbd_ctrl_buf
                0x0000000020008cc4       0x40 CMakeFiles/fx702p_seven_pin_trace.dir/tree/downloaded_tools/pico/pico-sdk/lib/tinyusb/src/device/usbd_control.c.obj
 .bss._usbd_dev
                0x0000000020008d04       0x53 CMakeFiles/fx702p_seven_pin_trace.dir/tree/downloaded_tools/pico/pico-sdk/lib/tinyusb/src/device/usbd.c.obj
 *fill*         0x0000000020008d57        0x1 
 .bss._usbd_mutex
                0x0000000020008d58        0x4 CMakeFiles/fx702p_seven_pin_trace.dir/tree/downloaded_tools/pico/pico-sdk/lib/tinyusb/src/device/usbd.c.obj
 .bss._usbd_q   0x0000000020008d5c        0x4 CMakeFiles/fx702p_seven_pin_trace.dir/tree/downloaded_tools/pico/pico-sdk/lib/tinyusb/src/device/usbd.c.obj
 .bss.address   0x0000000020008d60        0x4 CMakeFiles/fx702p_seven_pin_trace.dir/fx702p_seven_pin_trace.c.obj
                0x0000000020008d60                address
 .bss.alarm_callbacks
                0x0000000020008d64       0x10 CMakeFiles/fx702p_seven_pin_trace.dir/tree/downloaded_tools/pico/pico-sdk/src/rp2_common/hardware_timer/timer.c.obj
 .bss.auto_increment_address
                0x0000000020008d74        0x4 CMakeFiles/fx702p_seven_pin_trace.dir/fx702p_seven_pin_trace.c.obj
                0x0000000020008d74                auto_increment_address
 .bss.auto_increment_parameter
                0x0000000020008d78        0x4 CMakeFiles/fx702p_seven_pin_trace.dir/fx702p_seven_pin_trace.c.obj
                0x0000000020008d78                auto_increment_parameter
 .bss.boot2_copyout
                0x0000000020008d7c      0x100 CMakeFiles/fx702p_seven_pin_trace.dir/tree/downloaded_tools/pico/pico-sdk/src/rp2_common/hardware_flash/flash.c.obj
 .bss.claimed   0x0000000020008e7c        0x4 CMakeFiles/fx702p_seven_pin_trace.dir/tree/downloaded_tools/pico/pico-sdk/src/rp2_common/hardware_sync/sync.c.obj
 .bss.configured_freq
                0x0000000020008e80       0x28 CMakeFiles/fx702p_seven_pin_trace.dir/tree/downloaded_tools/pico/pico-sdk/src/rp2_common/hardware_clocks/clocks.c.obj
 .bss.conn_trace_index
                0x0000000020008ea8        0x4 CMakeFiles/fx702p_seven_pin_trace.dir/fx702p_seven_pin_trace.c.obj
                0x0000000020008ea8                conn_trace_index
 .bss.default_alarm_pool_entry_ids_high
                0x0000000020008eac       0x10 CMakeFiles/fx702p_seven_pin_trace.dir/tree/downloaded_tools/pico/pico-sdk/src/common/pico_time/time.c.obj
 .bss.default_alarm_pool_heap_nodes
                0x0000000020008ebc       0x30 CMakeFiles/fx702p_seven_pin_trace.dir/tree/downloaded_tools/pico/pico-sdk/src/common/pico_time/time.c.obj
 .bss.desc_str.7071
                0x0000000020008eec       0x28 CMakeFiles/fx702p_seven_pin_trace.dir/tree/downloaded_tools/pico/pico-sdk/src/rp2_common/pico_stdio_usb/stdio_usb_descriptors.c.obj
 .bss.drivers   0x0000000020008f14        0x4 CMakeFiles/fx702p_seven_pin_trace.dir/tree/downloaded_tools/pico/pico-sdk/src/rp2_common/pico_stdio/stdio.c.obj
 .bss.filter    0x0000000020008f18        0x4 CMakeFiles/fx702p_seven_pin_trace.dir/tree/downloaded_tools/pico/pico-sdk/src/rp2_common/pico_stdio/stdio.c.obj
 .bss.hw_endpoints
                0x0000000020008f1c      0x400 CMakeFiles/fx702p_seven_pin_trace.dir/tree/downloaded_tools/pico/pico-sdk/lib/tinyusb/src/portable/raspberrypi/rp2040/dcd_rp2040.c.obj
 .bss.keypress  0x000000002000931c        0x4 CMakeFiles/fx702p_seven_pin_trace.dir/fx702p_seven_pin_trace.c.obj
                0x000000002000931c                keypress
 .bss.lazy_vsnprintf
                0x0000000020009320        0x4 CMakeFiles/fx702p_seven_pin_trace.dir/tree/downloaded_tools/pico/pico-sdk/src/rp2_common/pico_printf/printf.c.obj
 .bss.load_value
                0x0000000020009324        0x4 CMakeFiles/fx702p_seven_pin_trace.dir/tree/downloaded_tools/pico/pico-sdk/src/rp2_common/hardware_watchdog/watchdog.c.obj
 .bss.next_buffer_ptr
                0x0000000020009328        0x4 CMakeFiles/fx702p_seven_pin_trace.dir/tree/downloaded_tools/pico/pico-sdk/lib/tinyusb/src/portable/raspberrypi/rp2040/dcd_rp2040.c.obj
 .bss.parameter
                0x000000002000932c        0x4 CMakeFiles/fx702p_seven_pin_trace.dir/fx702p_seven_pin_trace.c.obj
                0x000000002000932c                parameter
 .bss.pools     0x0000000020009330       0x10 CMakeFiles/fx702p_seven_pin_trace.dir/tree/downloaded_tools/pico/pico-sdk/src/common/pico_time/time.c.obj
 .bss.replybits
                0x0000000020009340        0x4 CMakeFiles/fx702p_seven_pin_trace.dir/fx702p_seven_pin_trace.c.obj
                0x0000000020009340                replybits
 .bss.retrieved_id
                0x0000000020009344        0x8 CMakeFiles/fx702p_seven_pin_trace.dir/tree/downloaded_tools/pico/pico-sdk/src/rp2_common/pico_unique_id/unique_id.c.obj
 .bss.sf_clz_func
                0x000000002000934c        0x4 CMakeFiles/fx702p_seven_pin_trace.dir/tree/downloaded_tools/pico/pico-sdk/src/rp2_common/pico_double/double_init_rom.c.obj
                0x000000002000934c                sf_clz_func
 .bss.sleep_notifier
                0x0000000020009350        0x4 CMakeFiles/fx702p_seven_pin_trace.dir/tree/downloaded_tools/pico/pico-sdk/src/common/pico_time/time.c.obj
 .bss.stdio_usb_mutex
                0x0000000020009354        0x8 CMakeFiles/fx702p_seven_pin_trace.dir/tree/downloaded_tools/pico/pico-sdk/src/rp2_common/pico_stdio_usb/stdio_usb.c.obj
 .bss.target_hi
                0x000000002000935c       0x10 CMakeFiles/fx702p_seven_pin_trace.dir/tree/downloaded_tools/pico/pico-sdk/src/rp2_common/hardware_timer/timer.c.obj
 .bss.trace_on  0x000000002000936c        0x4 CMakeFiles/fx702p_seven_pin_trace.dir/fx702p_seven_pin_trace.c.obj
                0x000000002000936c                trace_on
 .bss.usbd_serial_str
                0x0000000020009370       0x11 CMakeFiles/fx702p_seven_pin_trace.dir/tree/downloaded_tools/pico/pico-sdk/src/rp2_common/pico_stdio_usb/stdio_usb_descriptors.c.obj
 *fill*         0x0000000020009381        0x3 
 .bss.user_irq_claimed
                0x0000000020009384        0x2 CMakeFiles/fx702p_seven_pin_trace.dir/tree/downloaded_tools/pico/pico-sdk/src/rp2_common/hardware_irq/irq.c.obj
 .bss._app_driver_count
                0x0000000020009386        0x1 CMakeFiles/fx702p_seven_pin_trace.dir/tree/downloaded_tools/pico/pico-sdk/lib/tinyusb/src/device/usbd.c.obj
 .bss._usbd_initialized
                0x0000000020009387        0x1 CMakeFiles/fx702p_seven_pin_trace.dir/tree/downloaded_tools/pico/pico-sdk/lib/tinyusb/src/device/usbd.c.obj
 .bss.boot2_copyout_valid
                0x0000000020009388        0x1 CMakeFiles/fx702p_seven_pin_trace.dir/tree/downloaded_tools/pico/pico-sdk/src/rp2_common/hardware_flash/flash.c.obj
 .bss.claimed   0x0000000020009389        0x1 CMakeFiles/fx702p_seven_pin_trace.dir/tree/downloaded_tools/pico/pico-sdk/src/rp2_common/hardware_timer/timer.c.obj
 .bss.irq_hander_chain_free_slot_head
                0x000000002000938a        0x1 CMakeFiles/fx702p_seven_pin_trace.dir/tree/downloaded_tools/pico/pico-sdk/src/rp2_common/hardware_irq/irq.c.obj
 .bss.itf_num   0x000000002000938b        0x1 CMakeFiles/fx702p_seven_pin_trace.dir/tree/downloaded_tools/pico/pico-sdk/src/rp2_common/pico_stdio_usb/reset_interface.c.obj
 .bss.low_priority_irq_num
                0x000000002000938c        0x1 CMakeFiles/fx702p_seven_pin_trace.dir/tree/downloaded_tools/pico/pico-sdk/src/rp2_common/pico_stdio_usb/stdio_usb.c.obj
 .bss.timer_callbacks_pending
                0x000000002000938d        0x1 CMakeFiles/fx702p_seven_pin_trace.dir/tree/downloaded_tools/pico/pico-sdk/src/rp2_common/hardware_timer/timer.c.obj
 *(COMMON)
 *fill*         0x000000002000938e        0x2 
 COMMON         0x0000000020009390    0x20710 CMakeFiles/fx702p_seven_pin_trace.dir/fx702p_seven_pin_trace.c.obj
                0x0000000020009390                conn_trace_data
                0x000000002001d390                conn_trace_flags
                0x0000000020027390                gpio_grab
 COMMON         0x0000000020029aa0      0x100 CMakeFiles/fx702p_seven_pin_trace.dir/tree/downloaded_tools/pico/pico-sdk/src/rp2_common/pico_double/double_init_rom.c.obj
                0x0000000020029aa0                sd_table
 COMMON         0x0000000020029ba0      0x100 CMakeFiles/fx702p_seven_pin_trace.dir/tree/downloaded_tools/pico/pico-sdk/src/rp2_common/pico_float/float_init_rom.c.obj
                0x0000000020029ba0                sf_table
 COMMON         0x0000000020029ca0       0xc0 CMakeFiles/fx702p_seven_pin_trace.dir/tree/downloaded_tools/pico/pico-sdk/lib/tinyusb/src/device/usbd.c.obj
                0x0000000020029ca0                _usbd_qdef_buf
                0x0000000020029d60                . = ALIGN (0x4)
                0x0000000020029d60                __bss_end__ = .

.heap           0x0000000020029d60      0x800
                0x0000000020029d60                __end__ = .
                0x0000000020029d60                end = __end__
 *(.heap*)
 .heap          0x0000000020029d60      0x800 CMakeFiles/fx702p_seven_pin_trace.dir/tree/downloaded_tools/pico/pico-sdk/src/rp2_common/pico_standard_link/crt0.S.obj
                0x000000002002a560                __HeapLimit = .

.stack1_dummy   0x0000000020040000      0x800
 *(.stack1*)
 .stack1        0x0000000020040000      0x800 CMakeFiles/fx702p_seven_pin_trace.dir/tree/downloaded_tools/pico/pico-sdk/src/rp2_common/pico_multicore/multicore.c.obj

.stack_dummy    0x0000000020041000      0x800
 *(.stack*)
 .stack         0x0000000020041000      0x800 CMakeFiles/fx702p_seven_pin_trace.dir/tree/downloaded_tools/pico/pico-sdk/src/rp2_common/pico_standard_link/crt0.S.obj

.flash_end      0x0000000010008aec        0x0
                0x0000000010008aec                __flash_binary_end = .
                0x0000000020040000                __StackLimit = (ORIGIN (RAM) + LENGTH (RAM))
                0x0000000020041000                __StackOneTop = (ORIGIN (SCRATCH_X) + LENGTH (SCRATCH_X))
                0x0000000020042000                __StackTop = (ORIGIN (SCRATCH_Y) + LENGTH (SCRATCH_Y))
                0x0000000020040800                __StackOneBottom = (__StackOneTop - SIZEOF (.stack1_dummy))
                0x0000000020041800                __StackBottom = (__StackTop - SIZEOF (.stack_dummy))
                0x0000000020042000                PROVIDE (__stack = __StackTop)
                0x0000000000000001                ASSERT ((__StackLimit >= __HeapLimit), region RAM overflowed)
                0x0000000000000001                ASSERT (((__binary_info_header_end - __logical_binary_start) <= 0x100), Binary info must be in first 256 bytes of the binary)
LOAD CMakeFiles/fx702p_seven_pin_trace.dir/fx702p_seven_pin_trace.c.obj
LOAD CMakeFiles/fx702p_seven_pin_trace.dir/tree/downloaded_tools/pico/pico-sdk/src/rp2_common/pico_stdlib/stdlib.c.obj
LOAD CMakeFiles/fx702p_seven_pin_trace.dir/tree/downloaded_tools/pico/pico-sdk/src/rp2_common/hardware_gpio/gpio.c.obj
LOAD CMakeFiles/fx702p_seven_pin_trace.dir/tree/downloaded_tools/pico/pico-sdk/src/rp2_common/hardware_claim/claim.c.obj
LOAD CMakeFiles/fx702p_seven_pin_trace.dir/tree/downloaded_tools/pico/pico-sdk/src/rp2_common/pico_platform/platform.c.obj
LOAD CMakeFiles/fx702p_seven_pin_trace.dir/tree/downloaded_tools/pico/pico-sdk/src/rp2_common/hardware_sync/sync.c.obj
LOAD CMakeFiles/fx702p_seven_pin_trace.dir/tree/downloaded_tools/pico/pico-sdk/src/rp2_common/hardware_irq/irq.c.obj
LOAD CMakeFiles/fx702p_seven_pin_trace.dir/tree/downloaded_tools/pico/pico-sdk/src/rp2_common/hardware_irq/irq_handler_chain.S.obj
LOAD CMakeFiles/fx702p_seven_pin_trace.dir/tree/downloaded_tools/pico/pico-sdk/src/common/pico_sync/sem.c.obj
LOAD CMakeFiles/fx702p_seven_pin_trace.dir/tree/downloaded_tools/pico/pico-sdk/src/common/pico_sync/lock_core.c.obj
LOAD CMakeFiles/fx702p_seven_pin_trace.dir/tree/downloaded_tools/pico/pico-sdk/src/common/pico_time/time.c.obj
LOAD CMakeFiles/fx702p_seven_pin_trace.dir/tree/downloaded_tools/pico/pico-sdk/src/common/pico_time/timeout_helper.c.obj
LOAD CMakeFiles/fx702p_seven_pin_trace.dir/tree/downloaded_tools/pico/pico-sdk/src/rp2_common/hardware_timer/timer.c.obj
LOAD CMakeFiles/fx702p_seven_pin_trace.dir/tree/downloaded_tools/pico/pico-sdk/src/common/pico_util/datetime.c.obj
LOAD CMakeFiles/fx702p_seven_pin_trace.dir/tree/downloaded_tools/pico/pico-sdk/src/common/pico_util/pheap.c.obj
LOAD CMakeFiles/fx702p_seven_pin_trace.dir/tree/downloaded_tools/pico/pico-sdk/src/common/pico_util/queue.c.obj